"use strict";(self.webpackChunkmy_website=self.webpackChunkmy_website||[]).push([[4931],{27334:(n,r,e)=>{e.r(r),e.d(r,{assets:()=>d,contentTitle:()=>a,default:()=>l,frontMatter:()=>s,metadata:()=>o,toc:()=>c});var i=e(85893),t=e(11151);const s={sidebar_position:1},a="\u5f00\u53d1\u73af\u5883\u642d\u5efa",o={id:"D1h-DualDisplay/part6/DevelopmentEnvironmentSetup",title:"\u5f00\u53d1\u73af\u5883\u642d\u5efa",description:"\u83b7\u53d6TinaSDK\u6e90\u7801",source:"@site/docs/D1h-DualDisplay/part6/07-DevelopmentEnvironmentSetup.md",sourceDirName:"D1h-DualDisplay/part6",slug:"/D1h-DualDisplay/part6/DevelopmentEnvironmentSetup",permalink:"/docs/D1h-DualDisplay/part6/DevelopmentEnvironmentSetup",draft:!1,unlisted:!1,editUrl:"https://github.com/100askTeam/linuxboard-docs/tree/main/docs/D1h-DualDisplay/part6/07-DevelopmentEnvironmentSetup.md",tags:[],version:"current",sidebarPosition:1,frontMatter:{sidebar_position:1},sidebar:"d1hdSidebar",previous:{title:"Tina-SDK\u5f00\u53d1",permalink:"/docs/category/tina-sdk\u5f00\u53d1-2"},next:{title:"MIPI\u5c4f\u9002\u914d",permalink:"/docs/D1h-DualDisplay/part6/MIPIScreenAdaptation"}},d={},c=[{value:"\u83b7\u53d6TinaSDK\u6e90\u7801",id:"\u83b7\u53d6tinasdk\u6e90\u7801",level:2},{value:"\u7f16\u8bd1\u51fa\u56fa\u4ef6",id:"\u7f16\u8bd1\u51fa\u56fa\u4ef6",level:2},{value:"\u70e7\u5f55\u56fa\u4ef6",id:"\u70e7\u5f55\u56fa\u4ef6",level:2}];function u(n){const r={a:"a",code:"code",h1:"h1",h2:"h2",img:"img",p:"p",pre:"pre",strong:"strong",...(0,t.a)(),...n.components};return(0,i.jsxs)(i.Fragment,{children:[(0,i.jsx)(r.h1,{id:"\u5f00\u53d1\u73af\u5883\u642d\u5efa",children:"\u5f00\u53d1\u73af\u5883\u642d\u5efa"}),"\n",(0,i.jsx)(r.h2,{id:"\u83b7\u53d6tinasdk\u6e90\u7801",children:"\u83b7\u53d6TinaSDK\u6e90\u7801"}),"\n",(0,i.jsxs)(r.p,{children:["Tina-SDKV2.0\u6e90\u7801\u7f51\u76d8\u94fe\u63a5\uff1a",(0,i.jsx)(r.a,{href:"https://pan.baidu.com/s/13uKlqDXImmMl9cgKc41tZg?pwd=qcw7",children:"https://pan.baidu.com/s/13uKlqDXImmMl9cgKc41tZg?pwd=qcw7"})]}),"\n",(0,i.jsx)(r.p,{children:"\u4e0a\u4f20\u5230ubuntu\uff0c\u521b\u5efa\u6587\u4ef6\u5939\u7528\u6765\u4fdd\u5b58\u6e90\u7801\uff1a"}),"\n",(0,i.jsx)(r.pre,{children:(0,i.jsx)(r.code,{className:"language-bash",children:"ubuntu@ubuntu1804:~$ mkdir Tina_SDK\r\nubuntu@ubuntu1804:~$ cd Tina_SDK/\r\nubuntu@ubuntu1804:~/Tina_SDK$ tree -L 1\r\n.\r\n\u251c\u2500\u2500 tina-d1-h.tar.bz2.00\r\n\u251c\u2500\u2500 tina-d1-h.tar.bz2.01\r\n\u251c\u2500\u2500 tina-d1-h.tar.bz2.02\r\n\u251c\u2500\u2500 tina-d1-h.tar.bz2.03\r\n\u251c\u2500\u2500 tina-d1-h.tar.bz2.04\r\n\u251c\u2500\u2500 tina-d1-h.tar.bz2.05\r\n\u251c\u2500\u2500 tina-d1-h.tar.bz2.06\r\n\u251c\u2500\u2500 tina-d1-h.tar.bz2.07\r\n\u2514\u2500\u2500 tina-d1-h.tar.bz2.08\r\n\r\n0 directories, 9 files\n"})}),"\n",(0,i.jsx)(r.p,{children:"\u67e5\u770b\u6240\u6709\u6587\u4ef6MD5\u6821\u9a8c\u503c\uff1a"}),"\n",(0,i.jsx)(r.pre,{children:(0,i.jsx)(r.code,{className:"language-bash",children:"ubuntu@ubuntu1804:~/Tina_SDK$ md5sum tina-d1-h.tar.bz2.*\r\ne755bae00cd76afc3fb276b4e3fd86ba  tina-d1-h.tar.bz2.00\r\ncb60ecfdb51c624ff3cbd7b24552866f  tina-d1-h.tar.bz2.01\r\n54e56a4cf1cef46ca0a94b85ea1d33a1  tina-d1-h.tar.bz2.02\r\n4988fa08827c0f7af2dc170145e24b26  tina-d1-h.tar.bz2.03\r\na0463bcf8e73db27b5ecafaac593a919  tina-d1-h.tar.bz2.04\r\na87382ca16a8c12b3a94f1cad99ce77e  tina-d1-h.tar.bz2.05\r\n5973530baa3b282108351818641c27fd  tina-d1-h.tar.bz2.06\r\nccd63e1d16534b364a101d2d44416261  tina-d1-h.tar.bz2.07\r\ne0d72713565f4424ea43c07e15a38139  tina-d1-h.tar.bz2.08\n"})}),"\n",(0,i.jsx)(r.p,{children:"\u786e\u4fdd\u6821\u9a8c\u503c\u5bf9\u4e0a\u3002\u5426\u5219\u9700\u8981\u91cd\u65b0\u4e0a\u4f20\u3002"}),"\n",(0,i.jsx)(r.p,{children:"\u89e3\u538b\u6e90\u7801\uff1a"}),"\n",(0,i.jsx)(r.pre,{children:(0,i.jsx)(r.code,{className:"language-bash",children:"ubuntu@ubuntu1804:~/Tina_SDK$ cat tina-d1-h.tar.bz2.* | tar -jxv\n"})}),"\n",(0,i.jsx)(r.p,{children:"\u7b49\u5f85\u4e00\u6bb5\u65f6\u95f4\uff0c\u5373\u53ef\u89e3\u538b\u5b8c\u6210\u3002"}),"\n",(0,i.jsx)(r.pre,{children:(0,i.jsx)(r.code,{className:"language-bash",children:"ubuntu@ubuntu1804:~/Tina_SDK$ tree -L 1\r\n.\r\n\u251c\u2500\u2500 tina-d1-h\r\n\u251c\u2500\u2500 tina-d1-h.tar.bz2.00\r\n\u251c\u2500\u2500 tina-d1-h.tar.bz2.01\r\n\u251c\u2500\u2500 tina-d1-h.tar.bz2.02\r\n\u251c\u2500\u2500 tina-d1-h.tar.bz2.03\r\n\u251c\u2500\u2500 tina-d1-h.tar.bz2.04\r\n\u251c\u2500\u2500 tina-d1-h.tar.bz2.05\r\n\u251c\u2500\u2500 tina-d1-h.tar.bz2.06\r\n\u251c\u2500\u2500 tina-d1-h.tar.bz2.07\r\n\u2514\u2500\u2500 tina-d1-h.tar.bz2.08\r\n\r\n1 directory, 9 files\r\nubuntu@ubuntu1804:~/Tina_SDK$ mv tina-d1-h ../\n"})}),"\n",(0,i.jsx)(r.p,{children:"\u7f16\u8bd1\u56fa\u4ef6\u4e4b\u524d\uff0c\u5148\u5b89\u88c5\u4e00\u4e9b\u4f9d\u8d56\uff0c\u5426\u5219\u7f16\u8bd1\u4f1a\u62a5\u9519\uff1a"}),"\n",(0,i.jsx)(r.pre,{children:(0,i.jsx)(r.code,{className:"language-bash",children:"sudo apt-get install build-essential subversion git libncurses5-dev zlib1g-dev gawk flex quilt libssl-dev xsltproc libxml-parser-perl mercurial bzr ecj cvs unzip lib32z1 lib32z1-dev lib32stdc++6 libstdc++6 libc6:i386 libstdc++6:i386 lib32ncurses5 lib32z1 -y\n"})}),"\n",(0,i.jsx)(r.h2,{id:"\u7f16\u8bd1\u51fa\u56fa\u4ef6",children:"\u7f16\u8bd1\u51fa\u56fa\u4ef6"}),"\n",(0,i.jsxs)(r.p,{children:["\u8fdb\u5165\u6e90\u7801\u76ee\u5f55\uff0c\u6267\u884c",(0,i.jsx)(r.code,{children:"source build/envsetup.sh"}),"\u3001",(0,i.jsx)(r.code,{children:"lunch"}),"\u4e4b\u540e\uff0c\u9009\u62e9",(0,i.jsx)(r.code,{children:"2"}),"\uff1a"]}),"\n",(0,i.jsx)(r.pre,{children:(0,i.jsx)(r.code,{className:"language-bash",children:"ubuntu@ubuntu1804:~/tina-d1-h$ source build/envsetup.sh \r\nSetup env done! Please run lunch next.\r\nubuntu@ubuntu1804:~/tina-d1-h$ lunch\r\n\r\nYou're building on Linux\r\n\r\nLunch menu... pick a combo:\r\n     1. d1-h_nezha_min-tina\r\n     2. d1-h_nezha-tina\r\n     3. d1s_cvbs-tina\r\n     4. d1s_nezha-tina\r\n     5. t113_100ask_devkit-tina\r\n     6. t113_100ask-tina\r\n\r\nWhich would you like? [Default d1s_nezha]: 2\r\n============================================\r\nTINA_BUILD_TOP=/home/ubuntu/tina-d1-h\r\nTINA_TARGET_ARCH=riscv\r\nTARGET_PRODUCT=d1-h_nezha\r\nTARGET_PLATFORM=d1-h\r\nTARGET_BOARD=d1-h-nezha\r\nTARGET_PLAN=nezha\r\nTARGET_BUILD_VARIANT=tina\r\nTARGET_BUILD_TYPE=release\r\nTARGET_KERNEL_VERSION=5.4\r\nTARGET_UBOOT=u-boot-2018\r\nTARGET_CHIP=sun20iw1p1\r\n============================================\r\nno buildserver to clean\r\n[1] 66670\r\nubuntu@ubuntu1804:~/tina-d1-h$ \n"})}),"\n",(0,i.jsxs)(r.p,{children:["\u63a5\u7740",(0,i.jsx)(r.code,{children:"make"}),"\u7f16\u8bd1\u3001",(0,i.jsx)(r.code,{children:"pack"}),"\u6253\u5305\uff1a"]}),"\n",(0,i.jsx)(r.pre,{children:(0,i.jsx)(r.code,{className:"language-bash",children:"ubuntu@ubuntu1804:~/tina-d1-h$ make\r\n...\r\nmake[5]: Leaving directory '/home/ubuntu/tina-d1-h/target/allwinner/generic/image'\r\nmake[4]: Leaving directory '/home/ubuntu/tina-d1-h/target/allwinner/d1-h-nezha'\r\nmake[3]: Leaving directory '/home/ubuntu/tina-d1-h/target/allwinner'\r\nmake[2]: Leaving directory '/home/ubuntu/tina-d1-h'\r\nexport MAKEFLAGS= ;make -w -r package/index\r\nmake[2]: Entering directory '/home/ubuntu/tina-d1-h'\r\nGenerating package index...\r\nSigning key has not been configured\r\nmake[2]: Leaving directory '/home/ubuntu/tina-d1-h'\r\nmake[1]: Leaving directory '/home/ubuntu/tina-d1-h'\r\n[2]+  Done                    $T/tools/build/buildserver --path $T 2> /dev/null 1>&2\r\n\r\n#### make completed successfully (15:50 (mm:ss)) ####\r\n\r\nubuntu@ubuntu1804:~/tina-d1-h$ \r\nubuntu@ubuntu1804:~/tina-d1-h$ ls\r\nbuild   Config.in  dl      logs      out      prebuilt   rules.mk  target  toolchain\r\nconfig  device     lichee  Makefile  package  README.md  scripts   tmp     tools\r\nubuntu@ubuntu1804:~/tina-d1-h$ pack\r\n--==========--\r\nPACK_CHIP         sun20iw1p1\r\nPACK_PLATFORM     tina\r\nPACK_BOARD        d1-h-nezha\r\nPACK_KERN        \r\nPACK_DEBUG        uart0\r\nPACK_SIG          none\r\nPACK_SECURE       none\r\nPACK_MODE         normal\r\nPACK_FUNC         android\r\nPACK_PROGRAMMER   none\r\nPACK_TAR_IMAGE    none\r\nPACK_TOPDIR       /home/ubuntu/tina-d1-h\r\n--==========--\r\nNo kernel param, parse it from d1-h\r\ncopying tools file\r\ncopying configs file\r\nstorage_type value is 5\r\nrm /home/ubuntu/tina-d1-h/out/d1-h-nezha/image/sys_partition_nor.fex\r\nrm /home/ubuntu/tina-d1-h/out/d1-h-nezha/image/image_nor.cfg\r\ncopying boot resource\r\n\r\nLZMA 4.65 : Igor Pavlov : Public domain : 2009-02-03\r\ncopying boot file\r\nmake user resource for : /home/ubuntu/tina-d1-h/out/d1-h-nezha/image/sys_partition.fex\r\nhandle partition user-res\r\nno user resource partitions\r\nAPP_PART_DOWNLOAD_FILE = /home/ubuntu/tina-d1-h/out/d1-h-nezha/image/app.fex\r\nNeed size of filesystem\r\nno data resource partitions\r\ndon't build dtbo ...\r\nupdate_chip\r\npack boot package\r\nGetPrivateProfileSection read to end\r\ncontent_count=3\r\nLICHEE_REDUNDANT_ENV_SIZE config in BoardConfig.mk\r\n--mkenvimage create redundant env data!--\r\n---redundant env data size 0x20000---\r\npacking for tina linux\r\nnormal\r\nmbr count = 4\r\n\r\npartitation file Path=/home/ubuntu/tina-d1-h/out/d1-h-nezha/image/sys_partition.bin\r\nmbr_name file Path=/home/ubuntu/tina-d1-h/out/d1-h-nezha/image/sunxi_mbr.fex\r\ndownload_name file Path=/home/ubuntu/tina-d1-h/out/d1-h-nezha/image/dlinfo.fex\r\n\r\nmbr size = 252\r\nmbr magic softw411\r\ndisk name=boot-resource\r\ndisk name=env\r\ndisk name=env-redund\r\ndisk name=boot\r\ndisk name=rootfs\r\ndisk name=dsp0\r\ndisk name=recovery\r\nthis is not a partition key\r\nupdate_for_part_info 0\r\ncrc 0 = 4c7bc2df\r\ncrc 1 = d9c69382\r\ncrc 2 = bc706624\r\ncrc 3 = 29cd3779\r\ngpt_head->header_crc32 = 0x892c53ba\r\nGPT----part num 8---\r\ngpt_entry: 128\r\ngpt_header: 92\r\nGPT:boot-resource: a1f8          c177        \r\nGPT:env         : c178          c36f        \r\nGPT:env-redund  : c370          c567        \r\nGPT:boot        : c568          1161f       \r\nGPT:rootfs      : 11620         1b597       \r\nGPT:dsp0        : 1b598         1b987       \r\nGPT:recovery    : 1b988         227c7       \r\nGPT:UDISK       : 227c8         ffffffde    \r\nupdate gpt file ok\r\nupdate mbr file ok\r\ntemp = 20\r\nmbr count = 4 total_sectors = 15269888 logic_offset = 40960\r\n\r\npartitation file Path=/home/ubuntu/tina-d1-h/out/d1-h-nezha/image/sys_partition.bin\r\nmbr_name file Path=/home/ubuntu/tina-d1-h/out/d1-h-nezha/image/sunxi_mbr.fex\r\ndownload_name file Path=/home/ubuntu/tina-d1-h/out/d1-h-nezha/image/dlinfo.fex\r\n\r\nmbr size = 252\r\nmbr magic softw411\r\ndisk name=boot-resource\r\ndisk name=env\r\ndisk name=env-redund\r\ndisk name=boot\r\ndisk name=rootfs\r\ndisk name=dsp0\r\ndisk name=recovery\r\nthis is not a partition key\r\nupdate_for_part_info 0\r\ncrc 0 = 4c7bc2df\r\ncrc 1 = d9c69382\r\ncrc 2 = bc706624\r\ncrc 3 = 29cd3779\r\ngpt_head->header_crc32 = 0x1328fa28\r\nGPT----part num 8---\r\ngpt_entry: 128\r\ngpt_header: 92\r\nGPT:boot-resource: a1f8          c177        \r\nGPT:env         : c178          c36f        \r\nGPT:env-redund  : c370          c567        \r\nGPT:boot        : c568          1161f       \r\nGPT:rootfs      : 11620         1b597       \r\nGPT:dsp0        : 1b598         1b987       \r\nGPT:recovery    : 1b988         227c7       \r\nGPT:UDISK       : 227c8         e8ffde      \r\nupdate gpt file ok\r\nupdate mbr file ok\r\n====================================\r\nshow \"sys_partition_for_dragon.fex\" message\r\n------------------------------------\r\n  [mbr]\r\n  mbr_size  : 252 Kbyte\r\n------------------------------------\r\n  partition_name  : boot-resource\r\n  partition_size  : 8064\r\n  downloadfile  : boot-resource.fex\r\n  boot-resource.fex size : 3.0M byte\r\n------------------------------------\r\n  partition_name  : env\r\n  partition_size  : 504\r\n  downloadfile  : env.fex\r\n  env.fex size : 128K byte\r\n------------------------------------\r\n  partition_name  : env-redund\r\n  partition_size  : 504\r\n  downloadfile  : env.fex\r\n  env.fex size : 128K byte\r\n------------------------------------\r\n  partition_name  : boot\r\n  partition_size  : 20664\r\n  downloadfile  : boot.fex\r\n  boot.fex -> /home/ubuntu/tina-d1-h/out/d1-h-nezha/boot.img\r\n  boot.img size : 5.0M byte\r\n------------------------------------\r\n  partition_name  : rootfs\r\n  partition_size  : 40824\r\n  downloadfile  : rootfs.fex\r\n  rootfs.fex -> /home/ubuntu/tina-d1-h/out/d1-h-nezha/rootfs.img\r\n  rootfs.img size : 16M byte\r\n------------------------------------\r\n  partition_name  : dsp0\r\n  partition_size  : 1008\r\n  downloadfile  : dsp0.fex\r\n  dsp0.fex size : 249K byte\r\n------------------------------------\r\n  partition_name  : recovery\r\n  partition_size  : 28224\r\n------------------------------------\r\n/home/ubuntu/tina-d1-h/out/host/bin/\r\n/home/ubuntu/tina-d1-h/out/d1-h-nezha/image\r\nBegin Parse sys_partion.fex\r\nAdd partion boot-resource.fex BOOT-RESOURCE_FEX\r\nAdd partion very boot-resource.fex BOOT-RESOURCE_FEX\r\nFilePath: boot-resource.fex\r\nFileLength=2f8c00Add partion env.fex ENV_FEX000000000\r\nAdd partion very env.fex ENV_FEX000000000\r\nFilePath: env.fex\r\nFileLength=20000Add partion env.fex ENV_FEX000000000\r\nAdd partion very env.fex ENV_FEX000000000\r\nFilePath: env.fex\r\nFileLength=20000Add partion boot.fex BOOT_FEX00000000\r\nAdd partion very boot.fex BOOT_FEX00000000\r\nFilePath: boot.fex\r\nFileLength=4f4000Add partion rootfs.fex ROOTFS_FEX000000\r\nAdd partion very rootfs.fex ROOTFS_FEX000000\r\nFilePath: rootfs.fex\r\nFileLength=fc0000Add partion dsp0.fex DSP0_FEX00000000\r\nAdd partion very dsp0.fex DSP0_FEX00000000\r\nFilePath: dsp0.fex\r\nFileLength=3e38cBuildImg 0\r\nDragon execute image.cfg SUCCESS !\r\n----------image is for nand/emmc----------\r\n----------image is at----------\r\n\r\n/home/ubuntu/tina-d1-h/out/d1-h-nezha/tina_d1-h-nezha_uart0.img\r\n\r\npack finish\n"})}),"\n",(0,i.jsxs)(r.p,{children:["\u6253\u5305\u6210\u529f\u540e\uff0c\u955c\u50cf\u6587\u4ef6\u4fdd\u5b58\u5728",(0,i.jsx)(r.code,{children:"/home/ubuntu/tina-d1-h/out/d1-h-nezha/tina_d1-h-nezha_uart0.img"})]}),"\n",(0,i.jsx)(r.h2,{id:"\u70e7\u5f55\u56fa\u4ef6",children:"\u70e7\u5f55\u56fa\u4ef6"}),"\n",(0,i.jsxs)(r.p,{children:["\u628a\u955c\u50cf\u6587\u4ef6\u4f20\u5230PC\u7aef\uff0c\u6253\u5f00\u5168\u5fd7\u7ebf\u5237\u5de5\u5177 ",(0,i.jsx)(r.strong,{children:"AllwinnertechPhoeniSuit"}),"\uff0c\u627e\u5230",(0,i.jsx)(r.strong,{children:"PhoenixSuit.exe"})," \uff0c\u53cc\u51fb\u8fd0\u884c\uff1a"]}),"\n",(0,i.jsx)(r.p,{children:(0,i.jsx)(r.img,{alt:"image-20240709111952653",src:e(22804).Z+"",width:"800",height:"600"})}),"\n",(0,i.jsxs)(r.p,{children:["\u9009\u62e9",(0,i.jsx)(r.code,{children:"\u4e00\u952e\u5237\u673a"}),":"]}),"\n",(0,i.jsx)(r.p,{children:(0,i.jsx)(r.img,{alt:"image-20240709112026606",src:e(83927).Z+"",width:"800",height:"600"})}),"\n",(0,i.jsx)(r.p,{children:"\u627e\u5230\u955c\u50cf\u8def\u5f84\uff0c\u9009\u62e9\u5168\u76d8\u64e6\u9664\u5347\u7ea7\uff1a"}),"\n",(0,i.jsx)(r.p,{children:(0,i.jsx)(r.img,{alt:"image-20240715153547287",src:e(3690).Z+"",width:"800",height:"600"})}),"\n",(0,i.jsxs)(r.p,{children:["\u9009\u62e9\u597d\u4e4b\u540e\uff0c\u4e0d\u9700\u8981\u5176\u4ed6\u754c\u9762\u64cd\u4f5c\uff0c\u8fd9\u65f6\u62ff\u8d77\u5df2\u7ecf\u8fde\u63a5\u597d\u7684\u5f00\u53d1\u677f\uff0c\u5148\u6309\u4f4f ",(0,i.jsx)(r.strong,{children:"FEL"})," \u70e7\u5199\u6a21\u5f0f\u6309\u952e\uff0c\u4e4b\u540e\u6309\u4e00\u4e0b ",(0,i.jsx)(r.strong,{children:"RESET"})," \u7cfb\u7edf\u590d\u4f4d\u952e\uff0c\u5c31\u53ef\u4ee5\u81ea\u52a8\u8fdb\u5165\u70e7\u5199\u6a21\u5f0f\u5e76\u5f00\u59cb\u70e7\u5199\u3002"]}),"\n",(0,i.jsx)(r.p,{children:(0,i.jsx)(r.img,{alt:"image-20240709112322292",src:e(97832).Z+"",width:"800",height:"600"})}),"\n",(0,i.jsx)(r.p,{children:"\u4e32\u53e3\u6253\u5370\u4fe1\u606f\uff0c\u5982\u4e0b\uff1a"}),"\n",(0,i.jsx)(r.pre,{children:(0,i.jsx)(r.code,{className:"language-bash",children:"[53]HELLO! BOOT0 is starting!\r\n[56]BOOT0 commit : 88480af\r\n[58]set pll start\r\n[60]periph0 has been enabled\r\n[63]set pll end\r\n[64][pmu]: bus read error\r\n[67]board init ok\r\n[69]get_pmu_exist() = -1\r\n[71]DRAM BOOT DRIVE INFO: V0.33\r\n[74]DRAM CLK = 792 MHz\r\n[76]DRAM Type = 3 (2:DDR2,3:DDR3)\r\n[79]DRAMC ZQ value: 0x7b7bfb\r\n[82]DRAM ODT value: 0x42.\r\n[84]ddr_efuse_type: 0x0\r\n[87]DRAM SIZE =512 M\r\n[89]dram_tpr4:0x0\r\n[91]PLL_DDR_CTRL_REG:0xf8004100\r\n[94]DRAM_CLK_REG:0xc0000000\r\n[96][TIMING DEBUG] MR2= 0x18\r\n[100]DRAM simple test OK.\r\n[103]dram size =512\r\n[105]spinand UBOOT_START_BLK_NUM 8 UBOOT_LAST_BLK_NUM 32\r\n[110]block from 8 to 32\r\n[165]Check is correct.\r\n[167]dma 0x301a8 int is not used yet\r\n[171]dma 0x301a8 int is free, you do not need to free it again\r\n[176]Entry_name        = opensbi\r\n[179]Entry_name        = u-boot\r\n[183]Entry_name        = dtb\r\n[186]Jump to second Boot.\r\n\r\nOpenSBI auto-t113-linux-V0.8-2-g053d088\r\n   ____                    _____ ____ _____\r\n  / __ \\                  / ____|  _ \\_   _|\r\n | |  | |_ __   ___ _ __ | (___ | |_) || |\r\n | |  | | '_ \\ / _ \\ '_ \\ \\___ \\|  _ < | |\r\n | |__| | |_) |  __/ | | |____) | |_) || |_\r\n  \\____/| .__/ \\___|_| |_|_____/|____/_____|\r\n        | |\r\n        |_|\r\n\r\nPlatform Name          : T-HEAD Xuantie Platform\r\nPlatform HART Features : RV64ACDFIMSUVX\r\nPlatform Max HARTs     : 1\r\nCurrent Hart           : 0\r\nFirmware Base          : 0x41fc0400\r\nFirmware Size          : 75 KB\r\nRuntime SBI Version    : 0.2\r\n\r\nMIDELEG : 0x0000000000000222\r\nMEDELEG : 0x000000000000b1ff\r\nPMP0    : 0x0000000041fc0000-0x0000000041fdffff (A)\r\nPMP1    : 0x0000000040000000-0x000000007fffffff (A,R,W,X)\r\nPMP2    : 0x0000000080000000-0x00000000bfffffff (A,R,W,X)\r\nPMP3    : 0x0000000000020000-0x0000000000027fff (A,\u2592\r\n\r\nU-Boot 2018.05-g24521d6-dirty (Jun 25 2024 - 02:56:26 -0400) Allwinner Technology\r\n\r\n[00.271]DRAM:  512 MiB\r\n[00.273]Relocation Offset is: 1dee9000\r\n[00.277]secure enable bit: 0\r\n[00.280]CPU=1008 MHz,PLL6=600 Mhz,AHB=200 Mhz, APB1=100Mhz  MBus=300Mhz\r\n[00.286]flash init start\r\n[00.289]workmode = 0,storage type = 0\r\nsspi->base_addr = 0x4025000, the SPI control register:\r\n[VER] 0x4025000 = 0x00010001, [GCR] 0x4025004 = 0x00000083, [TCR] 0x4025008 = 0x00000184\r\n[ICR] 0x4025010 = 0x00000f00, [ISR] 0x4025014 = 0x00000032, [FCR] 0x4025018 = 0x00200020\r\n[FSR] 0x402501c = 0x00000000, [WCR] 0x4025020 = 0x00000000, [CCR] 0x4025024 = 0x00000002\r\n[SDC] 0x4025028 = 0x00002000, [BCR] 0x4025030 = 0x00000000, [TCR] 0x4025034 = 0x00000000\r\n[BCC] 0x4025038 = 0x20000000, [DMA] 0x4025088 = 0x000000e5\r\n\r\n[00.336]sunxi-spinand-phy: not detect any munufacture from id table\r\n[00.342]sunxi-spinand-phy: get spi-nand Model from fdt fail\r\n[00.348]sunxi-spinand-phy: get phy info from fdt fail\r\n\r\ndevice nand0 <nand>, # parts = 4\r\n #: name                size            offset          mask_flags\r\n 0: boot0               0x00100000      0x00000000      1\r\n 1: uboot               0x00300000      0x00100000      1\r\n 2: secure_storage      0x00100000      0x00400000      1\r\n 3: sys                 0x07b00000      0x00500000      0\r\n\r\nactive partition: nand0,0 - (boot0) 0x00100000 @ 0x00000000\r\n\r\ndefaults:\r\nmtdids  : nand0=nand\r\nmtdparts: mtdparts=nand:1024k@0(boot0)ro,3072k@1048576(uboot)ro,1024k@4194304(secure_storage)ro,-(sys)\r\n[00.462]ubi0: attaching mtd4\r\n[00.557]ubi0: scanning is finished\r\n[00.563]ubi0: attached mtd4 (name \"sys\", size 123 MiB)\r\n[00.568]ubi0: PEB size: 262144 bytes (256 KiB), LEB size: 258048 bytes\r\n[00.574]ubi0: min./max. I/O unit sizes: 4096/4096, sub-page size 2048\r\n[00.581]ubi0: VID header offset: 2048 (aligned 2048), data offset: 4096\r\n[00.587]ubi0: good PEBs: 492, bad PEBs: 0, corrupted PEBs: 0\r\n[00.592]ubi0: user volume: 10, internal volumes: 1, max. volumes count: 128\r\n[00.599]ubi0: max/mean erase counter: 2/1, WL threshold: 4096, image sequence number: 0\r\n[00.607]ubi0: available PEBs: 0, total reserved PEBs: 492, PEBs reserved for bad PEB handling: 20\r\n[00.615]sunxi flash init ok\r\n[00.618]line:703 init_clocks\r\n[00.621]drv_disp_init\r\nrequest pwm success, pwm0:pwm0:0x2000c00.\r\n[00.638]drv_disp_init finish\r\n[00.640]boot_gui_init:start\r\n[00.643]set disp.dev2_output_type fail. using defval=0\r\n[00.648]lcd_open_flow\r\n[00.650]lcd_cfg_panel_info\r\n[00.653]lcd_open_flow\r\n[00.655]lcd_power_on\r\n[00.680]boot_gui_init:finish\r\npartno erro : can't find partition bootloader\r\n[00.800]lcd_open_flow\r\n[00.802] tft08006 drivers/video/sunxi/disp2/disp/lcd/tft08006.c lcd_panel_init 162\r\n[00.809]lcd_panel_init\r\n[01.283]lcd_open_flow\r\n54 bytes read in 0 ms\r\n[01.288]bmp_name=bootlogo.bmp size 1152054\r\n[01.335]lcd_open_flow\r\n[01.337]lcd_bl_open\r\nFDT ERROR:fdt_get_all_pin:get property handle pinctrl-0 error:FDT_ERR_INTERNAL\r\nsunxi_pwm_pin_set_state, fdt_set_all_pin, ret=-1\r\n[01.350]lcd_open_flow\r\n[01.353]lcd_open_flow\r\n[01.355]LCD open finish\r\n1152054 bytes read in 75 ms (14.6 MiB/s)\r\n[01.491]Loading Environment from SUNXI_FLASH... OK\r\n[01.512]out of usb burn from boot: not need burn key\r\n[01.518]Item0 (Map) magic is bad\r\npartno erro : can't find partition private\r\n[01.544]update bootcmd\r\n[01.556]change working_fdt 0x5eaa8da0 to 0x5ea88da0\r\nNo reserved memory region found in source FDT\r\n[01.584]update dts\r\nnoncached_alloc(): addr = 0x5eca7080\r\nnoncached_alloc(): addr = 0x5eca70c0\r\nnoncached_alloc(): addr = 0x5eca7100\r\nnoncached_alloc(): addr = 0x5eca7940\r\nphy_mode=rgmii, phy_interface=7\r\ngmac: *** using ephy_clk ***\r\neth0\r\nWarning: eth0 (eth0) using random MAC address - 62:2c:14:f8:ee:8c\r\n\r\nHit any key to stop autoboot:  0\r\ndsp0:gpio init config fail\r\ndsp0:sharespace config fail\r\ndsp0 version is r528-tina-v1.0.0-release-37-g735b6b4-dirty\r\nDSP0 start ok, img length 254860, booting from 0x400660\r\n[01.901]no vendor_boot partition is found\r\nAndroid's image name: d1-h-nezha\r\nDetect comp gzip\r\n[02.154]\r\nStarting kernel ...\r\n\r\n[    0.000000] Linux version 5.4.61 (ubuntu@ubuntu1804) (riscv64-unknown-linux-gnu-gcc (C-SKY RISCV Tools V1.8.4 B20200702) 8.1.0, GNU ld (GNU Binutils) 2.32) #50 PREEMPT Tue Jun 25 06:59:32 UTC 2024\r\n[    0.000000] cma: Reserved 8 MiB at 0x000000005f800000\r\n[    0.000000] Zone ranges:\r\n[    0.000000]   DMA32    [mem 0x0000000040000000-0x000000005fffffff]\r\n[    0.000000]   Normal   empty\r\n[    0.000000] Movable zone start for each node\r\n[    0.000000] Early memory node ranges\r\n[    0.000000]   node   0: [mem 0x0000000040000000-0x000000005fffffff]\r\n[    0.000000] Initmem setup node 0 [mem 0x0000000040000000-0x000000005fffffff]\r\n[    0.000000] On node 0 totalpages: 131072\r\n[    0.000000]   DMA32 zone: 1792 pages used for memmap\r\n[    0.000000]   DMA32 zone: 0 pages reserved\r\n[    0.000000]   DMA32 zone: 131072 pages, LIFO batch:31\r\n[    0.000000] elf_hwcap is 0x20112d\r\n[    0.000000] pcpu-alloc: s0 r0 d32768 u32768 alloc=1*32768\r\n[    0.000000] pcpu-alloc: [0] 0\r\n[    0.000000] Built 1 zonelists, mobility grouping on.  Total pages: 129280\r\n[    0.000000] Kernel command line: ubi.mtd=sys ubi.block=0,rootfs earlyprintk=sunxi-uart,0x02500000 clk_ignore_unused initcall_debug=0 console=ttyS0,115200 loglevel=8 root=/dev/ubiblock0_5 rootfstype=squashfs init=/sbin/init partitions=mbr@ubi0_0:boot-resource@ubi0_1:env@ubi0_2:env-redund@ubi0_3:boot@ubi0_4:rootfs@ubi0_5:dsp0@ubi0_6:recovery@ubi0_7:rootfs_data@ubi0_8:UDISK@ubi0_9: cma=8M snum= mac_addr= wifi_mac= bt_mac= specialstr= gpt=1 androidboot.hardware=sun20iw1p1 boot_type=5 androidboot.boot_type=5 gpt=1 uboot_message=2018.05-g24521d\r\n[    0.000000] Dentry cache hash table entries: 65536 (order: 7, 524288 bytes, linear)\r\n[    0.000000] Inode-cache hash table entries: 32768 (order: 6, 262144 bytes, linear)\r\n[    0.000000] Sorting __ex_table...\r\n[    0.000000] mem auto-init: stack:off, heap alloc:off, heap free:off\r\n[    0.000000] Memory: 495332K/524288K available (6406K kernel code, 663K rwdata, 2165K rodata, 184K init, 336K bss, 20764K reserved, 8192K cma-reserved)\r\n[    0.000000] SLUB: HWalign=64, Order=0-3, MinObjects=0, CPUs=1, Nodes=1\r\n[    0.000000] rcu: Preemptible hierarchical RCU implementation.\r\n[    0.000000]  Tasks RCU enabled.\r\n[    0.000000] rcu: RCU calculated value of scheduler-enlistment delay is 10 jiffies.\r\n[    0.000000] NR_IRQS: 0, nr_irqs: 0, preallocated irqs: 0\r\n[    0.000000] plic: mapped 200 interrupts with 1 handlers for 2 contexts.\r\n[    0.000000] riscv_timer_init_dt: Registering clocksource cpuid [0] hartid [0]\r\n[    0.000000] clocksource: riscv_clocksource: mask: 0xffffffffffffffff max_cycles: 0x588fe9dc0, max_idle_ns: 440795202592 ns\r\n[    0.000006] sched_clock: 64 bits at 24MHz, resolution 41ns, wraps every 4398046511097ns\r\n[    0.000022] riscv_timer_clockevent depends on broadcast, but no broadcast function available\r\n[    0.000311] clocksource: timer: mask: 0xffffffff max_cycles: 0xffffffff, max_idle_ns: 79635851949 ns\r\n[    0.000911] Console: colour dummy device 80x25\r\n[    0.000948] Calibrating delay loop (skipped), value calculated using timer frequency.. 48.00 BogoMIPS (lpj=240000)\r\n[    0.000965] pid_max: default: 32768 minimum: 301\r\n[    0.001130] Mount-cache hash table entries: 1024 (order: 1, 8192 bytes, linear)\r\n[    0.001150] Mountpoint-cache hash table entries: 1024 (order: 1, 8192 bytes, linear)\r\n[    0.002696] ASID allocator initialised with 65536 entries\r\n[    0.002847] rcu: Hierarchical SRCU implementation.\r\n[    0.003453] devtmpfs: initialized\r\n[    0.016485] random: get_random_u32 called from bucket_table_alloc.isra.31+0x4e/0x15e with crng_init=0\r\n[    0.017399] clocksource: jiffies: mask: 0xffffffff max_cycles: 0xffffffff, max_idle_ns: 19112604462750000 ns\r\n[    0.017429] futex hash table entries: 256 (order: 0, 6144 bytes, linear)\r\n[    0.017813] pinctrl core: initialized pinctrl subsystem\r\n[    0.019052] NET: Registered protocol family 16\r\n[    0.020928] DMA: preallocated 256 KiB pool for atomic allocations\r\n[    0.021517] cpuidle: using governor menu\r\n[    0.063906] rtc_ccu: sunxi ccu init OK\r\n[    0.072980] clock: sunxi ccu init OK\r\n[    0.073776] clock: sunxi ccu init OK\r\n[    0.102457] iommu: Default domain type: Translated\r\n[    0.102628] sunxi iommu: irq = 4\r\n[    0.103675] SCSI subsystem initialized\r\n[    0.103996] usbcore: registered new interface driver usbfs\r\n[    0.104089] usbcore: registered new interface driver hub\r\n[    0.104190] usbcore: registered new device driver usb\r\n[    0.104349] mc: Linux media interface: v0.10\r\n[    0.104405] videodev: Linux video capture interface: v2.00\r\n[    0.105459] sunxi-msgbox-amp 3003000.msgbox: invalid resource\r\n[    0.106252] Advanced Linux Sound Architecture Driver Initialized.\r\n[    0.106819] Bluetooth: Core ver 2.22\r\n[    0.106894] NET: Registered protocol family 31\r\n[    0.106905] Bluetooth: HCI device and connection manager initialized\r\n[    0.106926] Bluetooth: HCI socket layer initialized\r\n[    0.106940] Bluetooth: L2CAP socket layer initialized\r\n[    0.106974] Bluetooth: SCO socket layer initialized\r\n[    0.107245] pwm module init!\r\n[    0.108757] g2d 5410000.g2d: Adding to iommu group 0\r\n[    0.109209] G2D: rcq version initialized.major:250\r\n[    0.109863] input: sunxi-keyboard as /devices/virtual/input/input0\r\n[    0.111373] clocksource: Switched to clocksource riscv_clocksource\r\n[    0.123010] sun8iw20-pinctrl 2000000.pinctrl: initialized sunXi PIO driver\r\n[    0.137891] thermal_sys: Registered thermal governor 'user_space'\r\n[    0.137897] thermal_sys: Registered thermal governor 'power_allocator'\r\n[    0.138388] NET: Registered protocol family 2\r\n[    0.139140] tcp_listen_portaddr_hash hash table entries: 256 (order: 0, 4096 bytes, linear)\r\n[    0.139182] TCP established hash table entries: 4096 (order: 3, 32768 bytes, linear)\r\n[    0.139241] TCP bind hash table entries: 4096 (order: 3, 32768 bytes, linear)\r\n[    0.139288] TCP: Hash tables configured (established 4096 bind 4096)\r\n[    0.139422] UDP hash table entries: 256 (order: 1, 8192 bytes, linear)\r\n[    0.139460] UDP-Lite hash table entries: 256 (order: 1, 8192 bytes, linear)\r\n[    0.139672] NET: Registered protocol family 1\r\n[    0.140824] sun8iw20-pinctrl 2000000.pinctrl: 2000000.pinctrl supply vcc-pc not found, using dummy regulator\r\n[    0.141366] spi spi0: spi0 supply spi not found, using dummy regulator\r\n[    0.141679] sunxi_spi_resource_get()2151 - [spi0] SPI MASTER MODE\r\n[    0.141740] sunxi_spi_resource_get()2189 - Failed to get sample mode\r\n[    0.141752] sunxi_spi_resource_get()2194 - Failed to get sample delay\r\n[    0.141762] sunxi_spi_resource_get()2198 - sample_mode:-1431633921 sample_delay:-1431633921\r\n[    0.141818] sunxi_spi_clk_init()2240 - [spi0] mclk 100000000\r\n[    0.142463] sunxi_spi_probe()2653 - [spi0]: driver probe succeed, base ffffffd004060000, irq 31\r\n[    0.144302] Initialise system trusted keyrings\r\n[    0.144493] workingset: timestamp_bits=62 max_order=17 bucket_order=0\r\n[    0.151060] squashfs: version 4.0 (2009/01/31) Phillip Lougher\r\n[    0.170468] Key type asymmetric registered\r\n[    0.170482] Asymmetric key parser 'x509' registered\r\n[    0.170504] io scheduler mq-deadline registered\r\n[    0.170512] io scheduler kyber registered\r\n[    0.170531] atomic64_test: passed\r\n[    0.171741] [DISP]disp_module_init\r\n[    0.172287] disp 5000000.disp: Adding to iommu group 0\r\n[    0.172892] [DISP] disp_init,line:2386:\r\n[    0.172898] smooth display screen:0 type:1 mode:4\r\n[    0.207628] lcd_cfg_panel_info\r\n[    0.207639] tft08006\r\n[    0.207682] display_fb_request,fb_id:0\r\n[    0.223221] Freeing logo buffer memory: 1500K\r\n[    0.223650] disp_al_manager_apply ouput_type:1\r\n[    0.223794] [DISP] lcd_clk_config,line:732:\r\n[    0.223807] disp 0, clk: pll(300000000),clk(300000000),dclk(25000000) dsi_rate(25000000)\r\n[    0.223807]      clk real:pll(300000000),clk(300000000),dclk(75000000) dsi_rate(150000000)\r\n[    0.224184] sun8iw20-pinctrl 2000000.pinctrl: 2000000.pinctrl supply vcc-pb not found, using dummy regulator\r\n[    0.224891] [DISP]disp_module_init finish\r\n[    0.225740] sunxi_sid_init()551 - insmod ok\r\n[    0.226103] pwm-regulator vdd-cpu: Failed to get PWM: -16\r\n[    0.226131] pwm-regulator: probe of vdd-cpu failed with error -16\r\n[    0.232818] uart uart0: get regulator failed\r\n[    0.232846] uart uart0: uart0 supply uart not found, using dummy regulator\r\n[    0.233177] uart0: ttyS0 at MMIO 0x2500000 (irq = 18, base_baud = 1500000) is a SUNXI\r\n[    0.233202] sw_console_setup()1808 - console setup baud 115200 parity n bits 8, flow n\r\n[    1.063245] printk: console [ttyS0] enabled\r\n[    1.068808] sun8iw20-pinctrl 2000000.pinctrl: 2000000.pinctrl supply vcc-pg not found, using dummy regulator\r\n[    1.080225] uart uart1: get regulator failed\r\n[    1.085090] uart uart1: uart1 supply uart not found, using dummy regulator\r\n[    1.093121] uart1: ttyS1 at MMIO 0x2500400 (irq = 19, base_baud = 1500000) is a SUNXI\r\n[    1.102998] misc dump reg init\r\n[    1.107246] sunxi-rfkill soc@3000000:rfkill@0: module version: v1.0.9\r\n[    1.114493] sunxi-rfkill soc@3000000:rfkill@0: get gpio chip_en failed\r\n[    1.121855] sunxi-rfkill soc@3000000:rfkill@0: get gpio power_en failed\r\n[    1.129242] sunxi-rfkill soc@3000000:rfkill@0: wlan_busnum (1)\r\n[    1.135805] sunxi-rfkill soc@3000000:rfkill@0: Missing wlan_power.\r\n[    1.142741] sunxi-rfkill soc@3000000:rfkill@0: wlan clock[0] (32k-fanout1)\r\n[    1.150439] sunxi-rfkill soc@3000000:rfkill@0: wlan_regon gpio=44 assert=1\r\n[    1.158229] sunxi-rfkill soc@3000000:rfkill@0: wlan_hostwake gpio=202 assert=1\r\n[    1.166360] sunxi-rfkill soc@3000000:rfkill@0: wakeup source is enabled\r\n[    1.174043] sunxi-rfkill soc@3000000:rfkill@0: Missing bt_power.\r\n[    1.180762] sunxi-rfkill soc@3000000:rfkill@0: bt clock[0] (32k-fanout1)\r\n[    1.188353] sunxi-rfkill soc@3000000:rfkill@0: bt_rst gpio=210 assert=0\r\n[    1.196514] [ADDR_MGT] addr_mgt_probe: module version: v1.0.10\r\n[    1.204188] [ADDR_MGT] addr_mgt_probe: success.\r\n[    1.210142] sunxi-spinand: AW SPINand MTD Layer Version: 2.0 20201228\r\n[    1.217408] sunxi-spinand-phy: AW SPINand Phy Layer Version: 1.10 20200306\r\n[    1.225321] sunxi-spinand-phy: not detect any munufacture from id table\r\n[    1.232764] sunxi-spinand-phy: get spi-nand Model from fdt fail\r\n[    1.239385] sunxi-spinand-phy: get phy info from fdt fail\r\n[    1.245430] sunxi-spinand-phy: not detect munufacture from fdt\r\n[    1.252110] sunxi-spinand-phy: detect munufacture from id table: Winbond\r\n[    1.259604] sunxi-spinand-phy: detect spinand id: ff21aaef ffffffff\r\n[    1.266615] sunxi-spinand-phy: ========== arch info ==========\r\n[    1.273167] sunxi-spinand-phy: Model:               W25N01GVZEIG\r\n[    1.279863] sunxi-spinand-phy: Munufacture:         Winbond\r\n[    1.286095] sunxi-spinand-phy: DieCntPerChip:       1\r\n[    1.291772] sunxi-spinand-phy: BlkCntPerDie:        1024\r\n[    1.297690] sunxi-spinand-phy: PageCntPerBlk:       64\r\n[    1.303437] sunxi-spinand-phy: SectCntPerPage:      4\r\n[    1.309081] sunxi-spinand-phy: OobSizePerPage:      64\r\n[    1.314831] sunxi-spinand-phy: BadBlockFlag:        0x0\r\n[    1.320652] sunxi-spinand-phy: OperationOpt:        0x7\r\n[    1.326520] sunxi-spinand-phy: MaxEraseTimes:       65000\r\n[    1.332562] sunxi-spinand-phy: EccFlag:             0x0\r\n[    1.338384] sunxi-spinand-phy: EccType:             2\r\n[    1.344058] sunxi-spinand-phy: EccProtectedType:    3\r\n[    1.349687] sunxi-spinand-phy: ========================================\r\n[    1.357131] sunxi-spinand-phy:\r\n[    1.360631] sunxi-spinand-phy: ========== physical info ==========\r\n[    1.367541] sunxi-spinand-phy: TotalSize:    128 M\r\n[    1.372899] sunxi-spinand-phy: SectorSize:   512 B\r\n[    1.378254] sunxi-spinand-phy: PageSize:     2 K\r\n[    1.383422] sunxi-spinand-phy: BlockSize:    128 K\r\n[    1.388757] sunxi-spinand-phy: OOBSize:      64 B\r\n[    1.394044] sunxi-spinand-phy: ========================================\r\n[    1.401440] sunxi-spinand-phy:\r\n[    1.404936] sunxi-spinand-phy: ========== logical info ==========\r\n[    1.411772] sunxi-spinand-phy: TotalSize:    128 M\r\n[    1.417111] sunxi-spinand-phy: SectorSize:   512 B\r\n[    1.422472] sunxi-spinand-phy: PageSize:     4 K\r\n[    1.427631] sunxi-spinand-phy: BlockSize:    256 K\r\n[    1.432992] sunxi-spinand-phy: OOBSize:      128 B\r\n[    1.438329] sunxi-spinand-phy: ========================================\r\n[    1.445863] sunxi-spinand-phy: block lock register: 0x00\r\n[    1.451967] sunxi-spinand-phy: feature register: 0x19\r\n[    1.457605] sunxi-spinand-phy: sunxi physic nand init end\r\n[    1.464272] Creating 4 MTD partitions on \"sunxi_mtd_nand\":\r\n[    1.470399] 0x000000000000-0x000000100000 : \"boot0\"\r\n[    1.482551] 0x000000100000-0x000000500000 : \"uboot\"\r\n[    1.490925] random: fast init done\r\n[    1.512572] 0x000000500000-0x000000600000 : \"secure_storage\"\r\n[    1.532519] 0x000000600000-0x000008000000 : \"sys\"\r\n[    1.733115] libphy: Fixed MDIO Bus: probed\r\n[    1.737689] CAN device driver interface\r\n[    1.743097] sun8iw20-pinctrl 2000000.pinctrl: 2000000.pinctrl supply vcc-pe not found, using dummy regulator\r\n[    1.754440] sunxi gmac driver's version: 1.0.0\r\n[    1.759554] gmac-power0: NULL\r\n[    1.762911] gmac-power1: NULL\r\n[    1.766216] gmac-power2: NULL\r\n[    1.770656] Failed to alloc md5\r\n[    1.774250] eth0: Use random mac address\r\n[    1.778955] ehci_hcd: USB 2.0 'Enhanced' Host Controller (EHCI) Driver\r\n[    1.786363] sunxi-ehci: EHCI SUNXI driver\r\n[    1.791357] get ehci1-controller wakeup-source is fail.\r\n[    1.797379] sunxi ehci1-controller don't init wakeup source\r\n[    1.803712] [sunxi-ehci1]: probe, pdev->name: 4200000.ehci1-controller, sunxi_ehci: 0xffffffe000962758, 0x:ffffffd00407c000, irq_no:31\r\n[    1.817272] sunxi-ehci 4200000.ehci1-controller: 4200000.ehci1-controller supply drvvbus not found, using dummy regulator\r\n[    1.829857] sunxi-ehci 4200000.ehci1-controller: 4200000.ehci1-controller supply hci not found, using dummy regulator\r\n[    1.842114] sunxi-ehci 4200000.ehci1-controller: EHCI Host Controller\r\n[    1.849334] sunxi-ehci 4200000.ehci1-controller: new USB bus registered, assigned bus number 1\r\n[    1.859202] sunxi-ehci 4200000.ehci1-controller: irq 49, io mem 0x04200000\r\n[    1.891419] sunxi-ehci 4200000.ehci1-controller: USB 2.0 started, EHCI 1.00\r\n[    1.899192] sunxi-ehci 4200000.ehci1-controller: ehci_irq: highspeed device connect\r\n[    1.908691] hub 1-0:1.0: USB hub found\r\n[    1.913001] hub 1-0:1.0: 1 port detected\r\n[    1.918153] ohci_hcd: USB 1.1 'Open' Host Controller (OHCI) Driver\r\n[    1.925184] sunxi-ohci: OHCI SUNXI driver\r\n[    1.930181] get ohci1-controller wakeup-source is fail.\r\n[    1.936194] sunxi ohci1-controller don't init wakeup source\r\n[    1.942496] [sunxi-ohci1]: probe, pdev->name: 4200400.ohci1-controller, sunxi_ohci: 0xffffffe0009632b0\r\n[    1.952932] sunxi-ohci 4200400.ohci1-controller: 4200400.ohci1-controller supply drvvbus not found, using dummy regulator\r\n[    1.965478] sunxi-ohci 4200400.ohci1-controller: 4200400.ohci1-controller supply hci not found, using dummy regulator\r\n[    1.977718] sunxi-ohci 4200400.ohci1-controller: OHCI Host Controller\r\n[    1.984975] sunxi-ohci 4200400.ohci1-controller: new USB bus registered, assigned bus number 2\r\n[    1.994798] sunxi-ohci 4200400.ohci1-controller: irq 50, io mem 0x04200400\r\n[    2.076326] hub 2-0:1.0: USB hub found\r\n[    2.080570] hub 2-0:1.0: 1 port detected\r\n[    2.086001] usbcore: registered new interface driver uas\r\n[    2.092203] usbcore: registered new interface driver usb-storage\r\n[    2.098963] usbcore: registered new interface driver ums-alauda\r\n[    2.105710] usbcore: registered new interface driver ums-cypress\r\n[    2.112568] usbcore: registered new interface driver ums-datafab\r\n[    2.119327] usbcore: registered new interface driver ums_eneub6250\r\n[    2.126371] usbcore: registered new interface driver ums-freecom\r\n[    2.133353] usbcore: registered new interface driver ums-isd200\r\n[    2.140017] usbcore: registered new interface driver ums-jumpshot\r\n[    2.146979] usbcore: registered new interface driver ums-karma\r\n[    2.153601] usbcore: registered new interface driver ums-onetouch\r\n[    2.160510] usbcore: registered new interface driver ums-realtek\r\n[    2.167326] usbcore: registered new interface driver ums-sddr09\r\n[    2.174035] usbcore: registered new interface driver ums-sddr55\r\n[    2.180740] usbcore: registered new interface driver ums-usbat\r\n[    2.187931] sunxi_gpadc_init,2151, success\r\n[    2.194794] sunxi-rtc 7090000.rtc: registered as rtc0\r\n[    2.200543] sunxi-rtc 7090000.rtc: setting system clock to 1970-01-01T00:01:19 UTC (79)\r\n[    2.209577] sunxi-rtc 7090000.rtc: sunxi rtc probed\r\n[    2.215667] i2c /dev entries driver\r\n[    2.219651] IR NEC protocol handler initialized\r\n[    2.225143] sunxi-rc-recv 7040000.s_cir: sunxi_irrx_resource_get: get ir protocol failed\r\n[    2.234350] Registered IR keymap rc_map_sunxi\r\n[    2.239323] rc rc0: sunxi-ir as /devices/platform/soc@3000000/7040000.s_cir/rc/rc0\r\n[    2.248053] rc rc0: lirc_dev: driver sunxi-rc-recv registered at minor = 0, raw IR receiver, no transmitter\r\n[    2.259150] input: sunxi-ir as /devices/platform/soc@3000000/7040000.s_cir/rc/rc0/s_cir_rx\r\n[    2.269480] sunxi cedar version 1.1\r\n[    2.273701] sunxi-cedar 1c0e000.ve: Adding to iommu group 0\r\n[    2.279972] VE: install start!!!\r\n[    2.279972]\r\n[    2.285283] usb 1-1: new high-speed USB device number 2 using sunxi-ehci\r\n[    2.293018] VE: cedar-ve the get irq is 6\r\n[    2.293018]\r\n[    2.299387] VE: ve_debug_proc_info:(____ptrval____), data:(____ptrval____), lock:(____ptrval____)\r\n[    2.299387]\r\n[    2.311028] VE: install end!!!\r\n[    2.311028]\r\n[    2.316213] VE: sunxi_cedar_probe\r\n[    2.321557] sunxi-wdt 6011000.watchdog: Watchdog enabled (timeout=16 sec, nowayout=0)\r\n[    2.330746] Bluetooth: HCI UART driver ver 2.3\r\n[    2.335744] Bluetooth: HCI UART protocol H4 registered\r\n[    2.341500] Bluetooth: HCI UART protocol BCSP registered\r\n[    2.347428] Bluetooth: XRadio Bluetooth LPM Mode Driver Ver 1.0.10\r\n[    2.354736] [XR_BT_LPM] bluesleep_probe: bt_wake polarity: 1\r\n[    2.361079] sun8iw20-pinctrl 2000000.pinctrl: pin PG16 already requested by 7040000.s_cir; cannot claim for 2000000.pinctrl:208\r\n[    2.373967] sun8iw20-pinctrl 2000000.pinctrl: pin-208 (2000000.pinctrl:208) status -22\r\n[    2.382857] Bluetooth: can't request bt_wake gpio 208\r\n[    2.388510] sunxi-btlpm: probe of soc@3000000:btlpm@0 failed with error -22\r\n[    2.398188] sunxi-mmc 4021000.sdmmc: SD/MMC/SDIO Host Controller Driver(v4.21 2021-11-18 10:02)\r\n[    2.408192] sunxi-mmc 4021000.sdmmc: ***ctl-spec-caps*** 8\r\n[    2.414407] sunxi-mmc 4021000.sdmmc: No vmmc regulator found\r\n[    2.420743] sunxi-mmc 4021000.sdmmc: No vqmmc regulator found\r\n[    2.427178] sunxi-mmc 4021000.sdmmc: No vdmmc regulator found\r\n[    2.433642] sunxi-mmc 4021000.sdmmc: No vd33sw regulator found\r\n[    2.440147] sunxi-mmc 4021000.sdmmc: No vd18sw regulator found\r\n[    2.446673] sunxi-mmc 4021000.sdmmc: No vq33sw regulator found\r\n[    2.453229] sunxi-mmc 4021000.sdmmc: No vq18sw regulator found\r\n[    2.459759] sunxi-mmc 4021000.sdmmc: Cann't get pin bias hs pinstate,check if needed\r\n[    2.469497] sunxi-mmc 4021000.sdmmc: sdc set ios:clk 0Hz bm PP pm UP vdd 21 width 1 timing LEGACY(SDR12) dt B\r\n[    2.480638] sunxi-mmc 4021000.sdmmc: no vqmmc,Check if there is regulator\r\n[    2.500857] sunxi-mmc 4021000.sdmmc: sdc set ios:clk 400000Hz bm PP pm ON vdd 21 width 1 timing LEGACY(SDR12) dt B\r\n[    2.514064] hub 1-1:1.0: USB hub found\r\n[    2.518457] hub 1-1:1.0: 4 ports detected\r\n[    2.523012] sunxi-mmc 4021000.sdmmc: detmode:manually by software\r\n[    2.530756] sunxi_led_probe()1749 - start\r\n[    2.535386] sunxi_get_str_of_property()1595 - failed to get the string of propname led_regulator!\r\n[    2.545326] sunxi-mmc 4021000.sdmmc: smc 0 p1 err, cmd 52, RTO !!\r\n[    2.552447] sunxi_register_led_classdev()1483 - led_classdev start\r\n[    2.559374] sunxi-mmc 4021000.sdmmc: smc 0 p1 err, cmd 52, RTO !!\r\n[    2.566267] sunxi-mmc 4021000.sdmmc: sdc set ios:clk 400000Hz bm PP pm ON vdd 21 width 1 timing LEGACY(SDR12) dt B\r\n[    2.583233] sunxi_led_probe()1845 - finish\r\n[    2.588435] usbcore: registered new interface driver usbhid\r\n[    2.594848] usbhid: USB HID core driver\r\n[    2.599290] rpmsg_client_dsp_standby 3003000.msgbox.sunxi,dsp-power-msgbox.512.256: new channel: 0x200 -> 0x100!\r\n[    2.612043] sunxi-mmc 4021000.sdmmc: sdc set ios:clk 400000Hz bm PP pm ON vdd 21 width 1 timing LEGACY(SDR12) dt B\r\n[    2.624365] usbcore: registered new interface driver snd-usb-audio\r\n[    2.633914] sun8iw20-pinctrl 2000000.pinctrl: 2000000.pinctrl supply vcc-pd not found, using dummy regulator\r\n[    2.646314] sunxi-daudio 2034000.daudio: regulator missing or invalid\r\n[    2.653570] sunxi-mmc 4021000.sdmmc: smc 0 p1 err, cmd 5, RTO !!\r\n[    2.661171] sunxi-mmc 4021000.sdmmc: smc 0 p1 err, cmd 5, RTO !!\r\n[    2.668032] [AUDIOCODEC][sunxi_codec_parse_params][2412]:digital_vol:0, lineout_vol:26, mic1gain:19, mic2gain:19 pa_msleep:120, pa_level:1, pa_pwr_level:1\r\n[    2.668032]\r\n[    2.685111] sunxi-mmc 4021000.sdmmc: smc 0 p1 err, cmd 5, RTO !!\r\n[    2.692007] [AUDIOCODEC][sunxi_codec_parse_params][2448]:adcdrc_cfg:0, adchpf_cfg:1, dacdrc_cfg:0, dachpf:0\r\n[    2.702900] sunxi-mmc 4021000.sdmmc: smc 0 p1 err, cmd 5, RTO !!\r\n[    2.709697] sunxi-mmc 4021000.sdmmc: sdc set ios:clk 0Hz bm PP pm OFF vdd 0 width 1 timing LEGACY(SDR12) dt B\r\n[    2.721345] [AUDIOCODEC][sunxi_internal_codec_probe][2609]:codec probe finished\r\n[    2.731246] sid_rd_ver_reg()254 - ver >= 4, soc ver:5\r\n[    2.737112] debugfs: Directory '203034c.dummy_cpudai' with parent 'audiocodec' already present!\r\n[    2.746939] [SNDCODEC][sunxi_card_init][583]:card init finished\r\n[    2.755719] sunxi-codec-machine 2030340.sound: 2030000.codec <-> 203034c.dummy_cpudai mapping ok\r\n[    2.772435] input: audiocodec sunxi Audio Jack as /devices/platform/soc@3000000/2030340.sound/sound/card0/input2\r\n[    2.784506] [SNDCODEC][sunxi_card_dev_probe][836]:register card finished\r\n[    2.792794] sunxi-rpaf-dsp soc@3000000:rpaf-dsp@203034c: register device finished!\r\n[    2.801241] sunxi-rpaf-dsp soc@3000000:rpaf-dsp@203034c: [rpaf_dsp0] probe finished!\r\n[    2.810335] rpmsg_hifi 3003000.msgbox.sunxi,dsp-msgbox.514.258: id:sunxi,dsp-msgbox new channel: 0x202 -> 0x102!\r\n[    2.821878] rpmsg_hifi 3003000.msgbox.sunxi,dsp-msgbox.514.258: rpmsg hifi[0] client driver is probed\r\n[    2.833780] NET: Registered protocol family 10\r\n[    2.840125] Segment Routing with IPv6\r\n[    2.844515] sit: IPv6, IPv4 and MPLS over IPv4 tunneling driver\r\n[    2.851953] NET: Registered protocol family 17\r\n[    2.856969] can: controller area network core (rev 20170425 abi 9)\r\n[    2.864076] NET: Registered protocol family 29\r\n[    2.869041] can: raw protocol (rev 20170425)\r\n[    2.873834] can: broadcast manager protocol (rev 20170425 t)\r\n[    2.880177] can: netlink gateway (rev 20190810) max_hops=1\r\n[    2.886609] Bluetooth: RFCOMM TTY layer initialized\r\n[    2.892153] Bluetooth: RFCOMM socket layer initialized\r\n[    2.897933] Bluetooth: RFCOMM ver 1.11\r\n[    2.903168] Loading compiled-in X.509 certificates\r\n[    2.910707] HDMI 2.0 driver init start!\r\n[    2.915106] boot_hdmi=false\r\n[    2.918286] ERROR: pinctrl_get for HDMI2.0 DDC fail\r\n[    2.925306] HDMI2.0 module init end\r\n[    2.954998] sunxi-i2c sunxi-i2c2: sunxi-i2c2 supply twi not found, using dummy regulator\r\n[    2.971010] input: fts_ts as /devices/platform/soc@3000000/sunxi-i2c2/i2c-2/2-0038/input/input3\r\n[    2.981200] sunxi-i2c sunxi-i2c2: SLA+W has been transmitted; ACK not received\r\n[    2.989304] sunxi-i2c sunxi-i2c2: engine-mode: xfer failed(dev addr:0x38)\r\n[    3.021548] sunxi-i2c sunxi-i2c2: engine-mode: xfer failed(dev addr:0x38)\r\n[    3.029148] fts_ts 2-0038: 2-0038 supply  not found, using dummy regulator\r\n[    3.037167] fts_ts 2-0038: 2-0038 supply  not found, using dummy regulator\r\n[    3.044906] debugfs: Directory '2-0038-' with parent 'reg-dummy-regulator-dummy' already present!\r\n[    3.311557] sunxi-i2c sunxi-i2c2: SLA+W has been transmitted; ACK not received\r\n[    3.319656] sunxi-i2c sunxi-i2c2: engine-mode: xfer failed(dev addr:0x38)\r\n[    3.361531] sunxi-i2c sunxi-i2c2: SLA+W has been transmitted; ACK not received\r\n[    3.369612] sunxi-i2c sunxi-i2c2: engine-mode: xfer failed(dev addr:0x38)\r\n[    3.411552] sunxi-i2c sunxi-i2c2: SLA+W has been transmitted; ACK not received\r\n[    3.419649] sunxi-i2c sunxi-i2c2: engine-mode: xfer failed(dev addr:0x38)\r\n[    3.461544] sunxi-i2c sunxi-i2c2: SLA+W has been transmitted; ACK not received\r\n[    3.469640] sunxi-i2c sunxi-i2c2: engine-mode: xfer failed(dev addr:0x38)\r\n[    3.511551] sunxi-i2c sunxi-i2c2: SLA+W has been transmitted; ACK not received\r\n[    3.519649] sunxi-i2c sunxi-i2c2: engine-mode: xfer failed(dev addr:0x38)\r\n[    3.561531] sunxi-i2c sunxi-i2c2: SLA+W has been transmitted; ACK not received\r\n[    3.569612] sunxi-i2c sunxi-i2c2: engine-mode: xfer failed(dev addr:0x38)\r\n[    3.611550] sunxi-i2c sunxi-i2c2: SLA+W has been transmitted; ACK not received\r\n[    3.619666] sunxi-i2c sunxi-i2c2: engine-mode: xfer failed(dev addr:0x38)\r\n[    3.661526] sunxi-i2c sunxi-i2c2: SLA+W has been transmitted; ACK not received\r\n[    3.669625] sunxi-i2c sunxi-i2c2: engine-mode: xfer failed(dev addr:0x38)\r\n[    3.711554] sunxi-i2c sunxi-i2c2: SLA+W has been transmitted; ACK not received\r\n[    3.719668] sunxi-i2c sunxi-i2c2: engine-mode: xfer failed(dev addr:0x38)\r\n[    3.761527] sunxi-i2c sunxi-i2c2: SLA+W has been transmitted; ACK not received\r\n[    3.769624] sunxi-i2c sunxi-i2c2: engine-mode: xfer failed(dev addr:0x38)\r\n[    3.811540] sunxi-i2c sunxi-i2c2: SLA+W has been transmitted; ACK not received\r\n[    3.819636] sunxi-i2c sunxi-i2c2: engine-mode: xfer failed(dev addr:0x38)\r\n[    3.861534] sunxi-i2c sunxi-i2c2: SLA+W has been transmitted; ACK not received\r\n[    3.869633] sunxi-i2c sunxi-i2c2: engine-mode: xfer failed(dev addr:0x38)\r\n[    3.911566] sunxi-i2c sunxi-i2c2: SLA+W has been transmitted; ACK not received\r\n[    3.919683] sunxi-i2c sunxi-i2c2: engine-mode: xfer failed(dev addr:0x38)\r\n[    3.961530] sunxi-i2c sunxi-i2c2: SLA+W has been transmitted; ACK not received\r\n[    3.969609] sunxi-i2c sunxi-i2c2: engine-mode: xfer failed(dev addr:0x38)\r\n[    4.011554] sunxi-i2c sunxi-i2c2: SLA+W has been transmitted; ACK not received\r\n[    4.019653] sunxi-i2c sunxi-i2c2: engine-mode: xfer failed(dev addr:0x38)\r\n[    4.061677] sunxi-i2c sunxi-i2c2: probe success\r\n[    4.070880] debugfs: Directory '2031000.dmic' with parent 'snddmic' already present!\r\n[    4.081098] sunxi-audio-card 2031060.sounddmic: dmic-hifi <-> 2031000.dmic mapping ok\r\n[    4.091101] get ehci0-controller wakeup-source is fail.\r\n[    4.097104] sunxi ehci0-controller don't init wakeup source\r\n[    4.103362] [sunxi-ehci0]: probe, pdev->name: 4101000.ehci0-controller, sunxi_ehci: 0xffffffe000962390, 0x:ffffffd004bca000, irq_no:2e\r\n[    4.116915] [sunxi-ehci0]: Not init ehci0\r\n[    4.121874] get ohci0-controller wakeup-source is fail.\r\n[    4.127836] sunxi ohci0-controller don't init wakeup source\r\n[    4.134116] [sunxi-ohci0]: probe, pdev->name: 4101400.ohci0-controller, sunxi_ohci: 0xffffffe000962ee8\r\n[    4.144554] [sunxi-ohci0]: Not init ohci0\r\n[    4.149457] ubi0: attaching mtd3\r\n[    4.489346] random: crng init done\r\n[    4.547059] ubi0: scanning is finished\r\n[    4.562100] ubi0 warning: ubi_eba_init: cannot reserve enough PEBs for bad PEB handling, reserved 16, need 20\r\n[    4.575844] ubi0: attached mtd3 (name \"sys\", size 122 MiB)\r\n[    4.582007] ubi0: PEB size: 262144 bytes (256 KiB), LEB size: 258048 bytes\r\n[    4.589699] ubi0: min./max. I/O unit sizes: 4096/4096, sub-page size 2048\r\n[    4.597310] ubi0: VID header offset: 2048 (aligned 2048), data offset: 4096\r\n[    4.605131] ubi0: good PEBs: 488, bad PEBs: 0, corrupted PEBs: 0\r\n[    4.611868] ubi0: user volume: 10, internal volumes: 1, max. volumes count: 128\r\n[    4.620035] ubi0: max/mean erase counter: 2/1, WL threshold: 4096, image sequence number: 0\r\n[    4.629372] ubi0: available PEBs: 0, total reserved PEBs: 488, PEBs reserved for bad PEB handling: 16\r\n[    4.639728] ubi0: background thread \"ubi_bgt0d\" started, PID 70\r\n[    4.648304] block ubiblock0_5: created from ubi0:5(rootfs)\r\n[    4.656347] cfg80211: Loading compiled-in X.509 certificates for regulatory database\r\n[    4.667201] cfg80211: Loaded X.509 cert 'sforshee: 00b28ddf47aef9cea7'\r\n[    4.674859] platform regulatory.0: Direct firmware load for regulatory.db failed with error -2\r\n[    4.684537] clk: Not disabling unused clocks\r\n[    4.689329] ALSA device list:\r\n[    4.692762] cfg80211: failed to load regulatory.db\r\n[    4.698177]   #0: audiocodec\r\n[    4.701452]   #1: snddmic\r\n[    4.704380] alloc_fd: slot 0 not NULL!\r\n[    4.712604] VFS: Mounted root (squashfs filesystem) readonly on device 254:0.\r\n[    4.724171] devtmpfs: mounted\r\n[    4.727648] Freeing unused kernel memory: 184K\r\n[    4.732686] This architecture does not have kernel memory protection.\r\n[    4.739896] Run /sbin/init as init process\r\n[    5.540788] init: Console is alive\r\n[    5.544987] init: - watchdog -\r\n[    5.548530] init: - preinit -\r\n[    6.806363] hdmi_hpd_sys_config_release\r\n/dev/by-name/UDISK already format by ubifs\r\n/dev/by-name/rootfs_data already format by ubifs\r\n[    6.932034] mount_root: loading kmods from internal overlay\r\n[    7.178600] block: attempting to load /etc/config/fstab\r\n[    7.207531] UBIFS (ubi0:9): Mounting in unauthenticated mode\r\n[    7.214373] UBIFS (ubi0:9): background thread \"ubifs_bgt0_9\" started, PID 117\r\n[    7.322289] UBIFS (ubi0:9): recovery needed\r\n[    7.595009] UBIFS (ubi0:9): recovery completed\r\n[    7.600582] UBIFS (ubi0:9): UBIFS: mounted UBI device 0, volume 9, name \"UDISK\"\r\n[    7.608856] UBIFS (ubi0:9): LEB size: 258048 bytes (252 KiB), min./max. I/O unit sizes: 4096 bytes/4096 bytes\r\n[    7.619967] UBIFS (ubi0:9): FS size: 53673984 bytes (51 MiB, 208 LEBs), journal size 7741440 bytes (7 MiB, 30 LEBs)\r\n[    7.631699] UBIFS (ubi0:9): reserved for root: 0 bytes (0 KiB)\r\n[    7.638207] UBIFS (ubi0:9): media format: w4/r0 (latest is w5/r0), UUID 0F597857-8DF5-4158-BE5D-801B4C610776, small LPT model\r\n[    7.655206] block: extroot: UUID match (root: 14aa15db-35e00f98-1674d058-b2b76b5f, overlay: 14aa15db-35e00f98-1674d058-b2b76b5f)\r\n[    7.678473] mount_root: switched to extroot\r\n[    7.698526] procd: - early -\r\n[    7.702102] procd: - watchdog -\r\n[    8.102634] procd: - watchdog -\r\n[    8.106465] procd: - ubus -\r\n[    8.110233] procd (1): /proc/128/oom_adj is deprecated, please use /proc/128/oom_score_adj instead.\r\n[    8.231464]\r\n[    8.231464] insmod_device_driver\r\n[    8.231464]\r\n[    8.238620] sunxi_usb_udc 4100000.udc-controller: 4100000.udc-controller supply udc not found, using dummy regulator\r\n[    8.455153] procd: - init -\r\nPlease press Enter to activate this console.\r\n[    9.367332] fuse: init (API version 7.31)\r\n[    9.652921] usbcore: registered new interface driver uvcvideo\r\n[    9.700342] USB Video Class driver (1.1.1)\r\n[    9.947238] file system registered\r\n[   10.136731] configfs-gadget 4100000.udc-controller: failed to start g1: -19\r\n[   10.584643] read descriptors\r\n[   10.587868] read strings\r\n[   10.771638] sunxi_set_cur_vol_work()397 WARN: get power supply failed\r\n[   10.813963] android_work: sent uevent USB_STATE=CONNECTED\r\n[   10.970922] sunxi_set_cur_vol_work()397 WARN: get power supply failed\r\n[   11.032261] configfs-gadget gadget: high-speed config #1: c\r\n[   11.038600] android_work: sent uevent USB_STATE=CONFIGURED\r\n[   11.061464] sunxi_vbus_det_work()3356 WARN: get power supply failed\r\n[   11.081660] android_work: sent uevent USB_STATE=DISCONNECTED\r\n[   11.639655] android_work: sent uevent USB_STATE=CONNECTED\r\n[   12.861861] ======== XRADIO WIFI OPEN ========\r\n[   12.876291] [XRADIO] Driver Label:XR_V02.16.85_P2P_HT40_01.31\r\n[   12.890370] [XRADIO] Allocated hw_priv @ 000000008a45bbe0\r\n[   12.911506] sunxi-rfkill soc@3000000:rfkill@0: bus_index: 1\r\n[   12.927757] sunxi-rfkill soc@3000000:rfkill@0: wlan power on success\r\n[   13.192456] sunxi-mmc 4021000.sdmmc: sdc set ios:clk 0Hz bm PP pm UP vdd 21 width 1 timing LEGACY(SDR12) dt B\r\n[   13.203999] [XRADIO] Detect SDIO card 1\r\n[   13.221934] sunxi-mmc 4021000.sdmmc: no vqmmc,Check if there is regulator\r\n[   13.241446] sunxi-mmc 4021000.sdmmc: sdc set ios:clk 400000Hz bm PP pm ON vdd 21 width 1 timing LEGACY(SDR12) dt B\r\n[   13.267967] sunxi-mmc 4021000.sdmmc: sdc set ios:clk 400000Hz bm PP pm ON vdd 21 width 1 timing LEGACY(SDR12) dt B\r\n[   13.285285] sunxi-mmc 4021000.sdmmc: sdc set ios:clk 400000Hz bm PP pm ON vdd 21 width 1 timing LEGACY(SDR12) dt B\r\n[   13.310972] sunxi-mmc 4021000.sdmmc: sdc set ios:clk 400000Hz bm PP pm ON vdd 21 width 1 timing SD-HS(SDR25) dt B\r\n[   13.331938] sunxi-mmc 4021000.sdmmc: sdc set ios:clk 50000000Hz bm PP pm ON vdd 21 width 1 timing SD-HS(SDR25) dt B\r\n[   13.356333] sunxi-mmc 4021000.sdmmc: sdc set ios:clk 50000000Hz bm PP pm ON vdd 21 width 4 timing SD-HS(SDR25) dt B\r\n[   13.379484] mmc0: new high speed SDIO card at address 0001\r\n[   13.398023] [SBUS] XRadio Device:sdio clk=50000000\r\n[   13.404845] [XRADIO] XRADIO_HW_REV 1.0 detected.\r\n[   13.512096] [XRADIO] xradio_update_dpllctrl: DPLL_CTRL Sync=0x01400000.\r\n[   13.585205] [XRADIO] Bootloader complete\r\n[   13.751601] [XRADIO] Firmware completed.\r\n[   13.762818] [WSM] Firmware Label:XR_C09.08.52.64_DBG_02.100 2GHZ HT40 Jan  3 2020 13:14:37\r\n[   13.791479] [XRADIO] Firmware Startup Done.\r\n[   13.801820] [XRADIO_WRN] enable Multi-Rx!\r\n[   13.821092] ieee80211 phy0: Selected rate control algorithm 'minstrel_ht'\r\n[   13.874500] xt_time: kernel timezone is -0000\r\n[   13.911779] Error: Driver 'gt9xxnew_ts' is already registered, aborting...\r\nkmodloader done\r\n[   14.656076] ieee80211_do_open: vif_type=2, p2p=0, ch=3, addr=00:65:d8:1d:b6:8e\r\n[   14.681553] [STA] !!!xradio_vif_setup: id=0, type=2, p2p=0, addr=00:65:d8:1d:b6:8e\r\n[   14.712564] [AP_WRN] BSS_CHANGED_ASSOC but driver is unjoined.\r\n[   17.264412] libphy: 4500000.eth: probed\r\n[   17.268701] sunxi-gmac 4500000.eth eth0: No PHY found!\r\n[   17.564261] libphy: 4500000.eth: probed\r\n[   17.568578] sunxi-gmac 4500000.eth eth0: No PHY found!\r\nTrying to connect to SWUpdate...\r\n[   17.602210] sunxi-gmac 4500000.eth eth0: phy init failed\r\n[   17.626982] br-lan: port 1(eth0) entered blocking state\r\n[   17.665325] br-lan: port 1(eth0) entered disabled state\r\n[   17.910180] [SNDCODEC][sunxi_card_hw_params][620]:stream_flag: 0\r\n[   17.924492] device eth0 entered promiscuous mode\r\n[   21.976053] [STA_WRN] Freq 2442 (wsm ch: 7) prev: 3.\r\n[   21.994314] wlan0: authenticate with 94:d9:b3:b7:c9:0a (try 1)\r\n[   22.007660] [STA_WRN] [HT40][xradio_join_work][bss_ht_info]:\r\n[   22.007660] [primary_chan  :0x00000007]\r\n[   22.007660] [ht_param      :0x0000000f]\r\n[   22.007660] [operation_mode:0x00000006]\r\n[   22.007660] [stbc_param    :0x00000000]\r\n[   22.007660] [basic_set[0]  :0x00000000]\r\n[   22.074197] [STA_WRN] [HT40][xradio_join_work][PhyModeCfg:0x0027]\r\n[   22.074197] [ModemFlags    :0x00000007]\r\n[   22.074197] [ChWidthCfg    :0x00000002]\r\n[   22.074197] [PriChCfg      :0x00000000]\r\n[   22.074197] [BandCfg       :0x00000000]\r\n[   22.074197] [STBC_Enable   :0x00000000]\r\n[   22.074197] [PreambleCfg   :0x00000000]\r\n[   22.074197] [SGI_Enable    :0x00000000]\r\n[   22.074197] GF_Enable      :0x00000000]\r\n[   22.412103] [TXRX_WRN] [RX] IF=0, No key found.\r\n[   22.514074] wlan0: authenticate with 94:d9:b3:b7:c9:0a (try 2)\r\n[   22.534240] wlan0: authenticated\r\n[   22.541050] wlan0: associate with 94:d9:b3:b7:c9:0a (try 1)\r\n[   22.606343] wlan0: RX AssocResp from 94:d9:b3:b7:c9:0a (capab=0x431 status=0 aid=8)\r\n[   22.629980] wlan0: associated\r\n[   22.639652] [AP_WRN] [STA] ASSOC HTCAP 11N 58\r\n[   22.654007] [AP_WRN] [HT40][xradio_bss_info_changed][ht_prot:0x0000000a][HtProtMode:0x0002][Green:0x0004]\r\n[   22.654455] [AP_WRN] [HT40][xradio_bss_info_changed][PhyModeCfg:0x5027]\r\n[   22.654455] [ModemFlags    :0x00000007]\r\n[   22.654455] [ChWidthCfg    :0x00000002]\r\n[   22.654455] [PriChCfg      :0x00000000]\r\n[   22.654455] [BandCfg       :0x00000000]\r\n[   22.654455] [STBC_Enable   :0x00000000]\r\n[   22.654455] [PreambleCfg   :0x00000001]\r\n[   22.654455] [SGI_Enable    :0x00000001]\r\n[   22.654455] [GF_Enable     :0x00000000]\r\n[   22.815551] IPv6: ADDRCONF(NETDEV_CHANGE): wlan0: link becomes ready\r\n\r\n\r\n\r\nBusyBox v1.27.2 () built-in shell (ash)\r\n\r\n _____  _              __     _\r\n|_   _||_| ___  _ _   |  |   |_| ___  _ _  _ _\r\n  | |   _ |   ||   |  |  |__ | ||   || | ||_'_|\r\n  | |  | || | || _ |  |_____||_||_|_||___||_,_|\r\n  |_|  |_||_|_||_|_|  Tina is Based on OpenWrt!\r\n ----------------------------------------------\r\n Tina Linux (Neptune, 61CC0487)\r\n ----------------------------------------------\r\nroot@TinaLinux:/#\n"})})]})}function l(n={}){const{wrapper:r}={...(0,t.a)(),...n.components};return r?(0,i.jsx)(r,{...n,children:(0,i.jsx)(u,{...n})}):u(n)}},22804:(n,r,e)=>{e.d(r,{Z:()=>i});const i=e.p+"assets/images/image-20240709111952653-f1f28c7149dc01118720752d46129b5f.png"},83927:(n,r,e)=>{e.d(r,{Z:()=>i});const i=e.p+"assets/images/image-20240709112026606-71afde8f370c24c11cc8a9c1460c5a99.png"},97832:(n,r,e)=>{e.d(r,{Z:()=>i});const i=e.p+"assets/images/image-20240709112322292-90cead89655d1843038a15e58310641f.png"},3690:(n,r,e)=>{e.d(r,{Z:()=>i});const i=e.p+"assets/images/image-20240715153547287-7fcbfa3a2efbed088f59d4f52c757507.png"},11151:(n,r,e)=>{e.d(r,{Z:()=>o,a:()=>a});var i=e(67294);const t={},s=i.createContext(t);function a(n){const r=i.useContext(s);return i.useMemo((function(){return"function"==typeof n?n(r):{...r,...n}}),[r,n])}function o(n){let r;return r=n.disableParentContext?"function"==typeof n.components?n.components(t):n.components||t:a(n.components),i.createElement(s.Provider,{value:r},n.children)}}}]);