"use strict";(self.webpackChunkmy_website=self.webpackChunkmy_website||[]).push([[9668],{44698:(n,r,e)=>{e.r(r),e.d(r,{assets:()=>a,contentTitle:()=>o,default:()=>u,frontMatter:()=>t,metadata:()=>d,toc:()=>c});var i=e(85893),s=e(11151);const t={sidebar_position:2},o="\u5feb\u901f\u5f00\u59cb\u4f7f\u7528",d={id:"D1h-DualDisplay/part1/03-1_FlashSystem",title:"\u5feb\u901f\u5f00\u59cb\u4f7f\u7528",description:"\u70e7\u5199\u56fa\u4ef6\u81f3SPINand",source:"@site/docs/D1h-DualDisplay/part1/03-1_FlashSystem.md",sourceDirName:"D1h-DualDisplay/part1",slug:"/D1h-DualDisplay/part1/03-1_FlashSystem",permalink:"/docs/D1h-DualDisplay/part1/03-1_FlashSystem",draft:!1,unlisted:!1,editUrl:"https://github.com/100askTeam/linuxboard-docs/tree/main/docs/D1h-DualDisplay/part1/03-1_FlashSystem.md",tags:[],version:"current",sidebarPosition:2,frontMatter:{sidebar_position:2},sidebar:"d1hdSidebar",previous:{title:"\u542f\u52a8\u5f00\u53d1\u677f",permalink:"/docs/D1h-DualDisplay/part1/QuickStart"},next:{title:"\u5e38\u89c1\u95ee\u9898",permalink:"/docs/D1h-DualDisplay/part1/03-2_SomeQustion"}},a={},c=[{value:"\u70e7\u5199\u56fa\u4ef6\u81f3SPINand",id:"\u70e7\u5199\u56fa\u4ef6\u81f3spinand",level:2},{value:"\u51c6\u5907\u5de5\u4f5c",id:"\u51c6\u5907\u5de5\u4f5c",level:3},{value:"\u8fde\u63a5\u5f00\u53d1\u677f",id:"\u8fde\u63a5\u5f00\u53d1\u677f",level:3},{value:"\u5b89\u88c5usb\u9a71\u52a8",id:"\u5b89\u88c5usb\u9a71\u52a8",level:3},{value:"\u8fd0\u884c\u8f6f\u4ef6\u70e7\u5199",id:"\u8fd0\u884c\u8f6f\u4ef6\u70e7\u5199",level:3},{value:"\u542f\u52a8\u7cfb\u7edf",id:"\u542f\u52a8\u7cfb\u7edf",level:3},{value:"\u70e7\u5199\u56fa\u4ef6\u81f3TF\u5361",id:"\u70e7\u5199\u56fa\u4ef6\u81f3tf\u5361",level:2},{value:"\u51c6\u5907\u5de5\u4f5c",id:"\u51c6\u5907\u5de5\u4f5c-1",level:3},{value:"\u8fd0\u884c\u70e7\u5199\u8f6f\u4ef6\u70e7\u5199",id:"\u8fd0\u884c\u70e7\u5199\u8f6f\u4ef6\u70e7\u5199",level:3},{value:"\u542f\u52a8\u7cfb\u7edf",id:"\u542f\u52a8\u7cfb\u7edf-1",level:3}];function l(n){const r={a:"a",code:"code",h1:"h1",h2:"h2",h3:"h3",img:"img",li:"li",p:"p",pre:"pre",strong:"strong",ul:"ul",...(0,s.a)(),...n.components};return(0,i.jsxs)(i.Fragment,{children:[(0,i.jsx)(r.h1,{id:"\u5feb\u901f\u5f00\u59cb\u4f7f\u7528",children:"\u5feb\u901f\u5f00\u59cb\u4f7f\u7528"}),"\n",(0,i.jsx)(r.h2,{id:"\u70e7\u5199\u56fa\u4ef6\u81f3spinand",children:"\u70e7\u5199\u56fa\u4ef6\u81f3SPINand"}),"\n",(0,i.jsx)(r.h3,{id:"\u51c6\u5907\u5de5\u4f5c",children:"\u51c6\u5907\u5de5\u4f5c"}),"\n",(0,i.jsxs)(r.ul,{children:["\n",(0,i.jsx)(r.li,{children:"\u786c\u4ef6\uff1aD1-H_DualDisplay-Devkit\u4e3b\u677f x1"}),"\n",(0,i.jsx)(r.li,{children:"\u786c\u4ef6\uff1aTypeC\u7ebf X2"}),"\n",(0,i.jsxs)(r.li,{children:["\u8f6f\u4ef6\uff1a\u5168\u5fd7\u7ebf\u5237\u5de5\u5177\uff1a",(0,i.jsx)(r.a,{href:"https://gitlab.com/dongshanpi/tools/-/raw/main/AllwinnertechPhoeniSuit.zip",children:"AllwinnertechPhoeniSuit"})]}),"\n",(0,i.jsxs)(r.li,{children:["\u8f6f\u4ef6\uff1a\u5168\u5fd7USB\u70e7\u5f55\u9a71\u52a8\uff1a",(0,i.jsx)(r.a,{href:"https://gitlab.com/dongshanpi/tools/-/raw/main/AllwinnerUSBFlashDeviceDriver.zip",children:"AllwinnerUSBFlashDeviceDriver"})]}),"\n"]}),"\n",(0,i.jsx)(r.h3,{id:"\u8fde\u63a5\u5f00\u53d1\u677f",children:"\u8fde\u63a5\u5f00\u53d1\u677f"}),"\n",(0,i.jsx)(r.p,{children:"\u53c2\u8003\u4e0b\u56fe\u6240\u793a\uff0c"}),"\n",(0,i.jsx)(r.p,{children:(0,i.jsx)(r.img,{alt:"image-20240628105654828",src:e(36011).Z+"",width:"807",height:"791"})}),"\n",(0,i.jsxs)(r.p,{children:["\u5c06\u4e24\u4e2aTypeC\u7ebf\u5206\u522b\u8fde\u81f3D1-H_DualDisplay-Devkit\u5f00\u53d1\u677f ",(0,i.jsx)(r.code,{children:"\u7eff\u8272\u63a5\u53e3\u7cfb\u7edf\u70e7\u5f55 "})," ",(0,i.jsx)(r.code,{children:"\u7eff\u8272\u63a5\u53e3\u4e32\u53e3\u70e7\u5f55 \u8c03\u8bd5&\u4e32\u53e3\u63a5\u53e3"}),"  Typec\u7ebf\u53e6\u4e00\u7aef \u8fde\u63a5\u81f3 \u7535\u8111USB\u63a5\u53e3\uff0c\u8fde\u63a5\u6210\u529f\u540e\uff0c"]}),"\n",(0,i.jsxs)(r.p,{children:["\u53ef\u4ee5\u5148\u83b7\u53d6\u8f6f\u4ef6 ",(0,i.jsx)(r.code,{children:"\u5168\u5fd7\u7ebf\u5237\u5de5\u5177"})," ",(0,i.jsx)(r.code,{children:"SPI Nor\u7cfb\u7edf\u955c\u50cf"}),"  ",(0,i.jsx)(r.code,{children:"\u5168\u5fd7USB\u70e7\u5f55\u9a71\u52a8"}),"\u5b89\u88c5\u5305 \u8fdb\u884c\u89e3\u538b\u7f29\u64cd\u4f5c\u3002"]}),"\n",(0,i.jsx)(r.h3,{id:"\u5b89\u88c5usb\u9a71\u52a8",children:"\u5b89\u88c5usb\u9a71\u52a8"}),"\n",(0,i.jsxs)(r.p,{children:["\u5728\u6211\u4eec\u8fde\u63a5\u597d\u5f00\u53d1\u677f\u4ee5\u540e\uff0c\u5148\u6309\u4f4f D1-H_DualDisplay-Devkit\u5f00\u53d1\u677f ",(0,i.jsx)(r.code,{children:"\u70e7\u5f55\u9ed8\u8ba4"})," \u4e5f\u79f0\u4e3a",(0,i.jsx)(r.strong,{children:"FEL"})," \u70e7\u5199\u6a21\u5f0f\u6309\u952e\uff0c\u4e4b\u540e\u6309\u4e00\u4e0b ",(0,i.jsx)(r.code,{children:"\u7cfb\u7edf\u590d\u4f4d\u6309\u952e"}),"\u4e5f\u79f0 ",(0,i.jsx)(r.strong,{children:"RESET"})," \u590d\u4f4d\u952e\uff0c\u5c31\u53ef\u4ee5\u81ea\u52a8\u8fdb\u5165\u70e7\u5199\u6a21\u5f0f\u3002"]}),"\n",(0,i.jsxs)(r.p,{children:["\u8fd9\u65f6\u6211\u4eec\u53ef\u4ee5\u770b\u5230\u7535\u8111\u8bbe\u5907\u7ba1\u7406\u5668  ",(0,i.jsx)(r.strong,{children:"\u901a\u7528\u4e32\u884c\u603b\u7ebf\u63a7\u5236\u5668"})," \u90e8\u5206\u5f39\u51fa\u4e00\u4e2a  \u672a\u77e5\u8bbe\u5907 \uff0c\u8fd9\u4e2a\u65f6\u5019\u6211\u4eec\u5c31\u9700\u8981\u628a\u6211\u4eec\u63d0\u524d\u4e0b\u8f7d\u597d\u7684 ",(0,i.jsx)(r.strong,{children:"\u5168\u5fd7USB\u70e7\u5f55\u9a71\u52a8"})," \u8fdb\u884c\u4fee\u6539\uff0c\u7136\u540e\u5c06\u89e3\u538b\u7f29\u8fc7\u7684 ",(0,i.jsx)(r.strong,{children:"\u5168\u5fd7USB\u70e7\u5f55\u9a71\u52a8"}),"  \u538b\u7f29\u5305\uff0c\u89e3\u538b\u7f29\uff0c\u53ef\u4ee5\u770b\u5230\u91cc\u9762\u6709\u8fd9\u4e48\u51e0\u4e2a\u6587\u4ef6\u3002"]}),"\n",(0,i.jsx)(r.pre,{children:(0,i.jsx)(r.code,{className:"language-bash",children:"InstallUSBDrv.exe\r\ndrvinstaller_IA64.exe\r\ndrvinstaller_X86.exe\r\nUsbDriver/          \r\ndrvinstaller_X64.exe   \r\ninstall.bat\n"})}),"\n",(0,i.jsxs)(r.p,{children:["\u5bf9\u4e8ewind7\u7cfb\u7edf\u7684\u540c\u5b66\uff0c\u53ea\u9700\u8981\u4ee5\u7ba1\u7406\u5458 \u6253\u5f00   ",(0,i.jsx)(r.code,{children:"install.bat"})," \u811a\u672c\uff0c\u7b49\u5f85\u5b89\u88c5\uff0c\u5728\u5f39\u51fa\u7684 \u662f\u5426\u5b89\u88c5\u9a71\u52a8\u7684\u5bf9\u8bdd\u6846\u91cc\u9762\uff0c\u70b9\u51fb\u5b89\u88c5\u5373\u53ef\u3002"]}),"\n",(0,i.jsx)(r.p,{children:"\u5bf9\u4e8ewind10/wind11\u7cfb\u7edf\u7684\u540c\u5b66\uff0c\u9700\u8981\u5728\u8bbe\u5907\u7ba1\u7406\u5668\u91cc\u9762\u8fdb\u884c\u624b\u52a8\u5b89\u88c5\u9a71\u52a8\u3002"}),"\n",(0,i.jsx)(r.p,{children:"\u5982\u4e0b\u56fe\u6240\u793a\uff0c\u5728\u7b2c\u4e00\u6b21\u63d2\u5165OTG\u8bbe\u5907\uff0c\u8fdb\u5165\u70e7\u5199\u6a21\u5f0f\u8bbe\u5907\u7ba1\u7406\u5668\u4f1a\u5f39\u51fa\u4e00\u4e2a\u672a\u77e5\u8bbe\u5907\u3002"}),"\n",(0,i.jsx)(r.p,{children:(0,i.jsx)(r.img,{src:"https://photos.100ask.net/dongshanpi-docs/DongshanNezhaSTU/Windows_FlashDevice_001.png",alt:"Windows_FlashDevice_001"})}),"\n",(0,i.jsx)(r.p,{children:"\u63a5\u4e0b\u6765\u9f20\u6807\u53f3\u952e\u70b9\u51fb\u8fd9\u4e2a\u672a\u77e5\u8bbe\u5907\uff0c\u5728\u5f39\u51fa\u7684\u5bf9\u8bdd\u6846\u91cc\uff0c \u70b9\u51fb\u6d4f\u89c8\u6211\u8ba1\u7b97\u673a\u4ee5\u67e5\u627e\u9a71\u52a8\u7a0b\u5e8f\u8f6f\u4ef6\u3002"}),"\n",(0,i.jsx)(r.p,{children:(0,i.jsx)(r.img,{src:"https://photos.100ask.net/dongshanpi-docs/DongshanNezhaSTU/Windows_FlashDevice_002.png",alt:"Windows_FlashDevice_001"})}),"\n",(0,i.jsxs)(r.p,{children:["\u4e4b\u540e\u5728\u5f39\u51fa\u65b0\u7684\u5bf9\u8bdd\u6846\u91cc\uff0c\u70b9\u51fb\u6d4f\u89c8\u627e\u5230\u6211\u4eec\u4e4b\u524d\u4e0b\u8f7d\u597d\u7684 usb\u70e7\u5f55\u9a71\u52a8\u6587\u4ef6\u5939\u5185\uff0c\u627e\u5230 ",(0,i.jsx)(r.code,{children:"UsbDriver/"})," \u8fd9\u4e2a\u76ee\u5f55\uff0c\u5e76\u8fdb\u5165\uff0c\u4e4b\u540e\u70b9\u51fb\u786e\u5b9a\u5373\u53ef\u3002"]}),"\n",(0,i.jsx)(r.p,{children:(0,i.jsx)(r.img,{src:"https://photos.100ask.net/dongshanpi-docs/DongshanNezhaSTU/Windows_FlashDevice_007.png",alt:"Windows_FlashDevice_001"})}),"\n",(0,i.jsxs)(r.p,{children:["\u6ce8\u610f\u8fdb\u5165\u5230  ",(0,i.jsx)(r.code,{children:"UsbDriver/"}),"  \u6587\u4ef6\u5939\uff0c\u7136\u540e\u70b9\u51fb\u786e\u5b9a\uff0c\u5982\u4e0b\u56fe\u6240\u793a\u3002"]}),"\n",(0,i.jsx)(r.p,{children:(0,i.jsx)(r.img,{src:"https://photos.100ask.net/dongshanpi-docs/DongshanNezhaSTU/Windows_FlashDevice_003.png",alt:"Windows_FlashDevice_001"})}),"\n",(0,i.jsxs)(r.p,{children:["\u6b64\u65f6\uff0c\u6211\u4eec\u7ee7\u7eed\u70b9\u51fb ",(0,i.jsx)(r.strong,{children:"\u4e0b\u4e00\u9875"})," \u6309\u94ae\uff0c\u8fd9\u65f6\u7cfb\u7edf\u5c31\u4f1a\u63d0\u793a\u5b89\u88c5\u4e00\u4e2a\u9a71\u52a8\u7a0b\u5e8f\u3002"]}),"\n",(0,i.jsx)(r.p,{children:"\u5728\u5f39\u51fa\u7684\u5bf9\u8bdd\u6846\u91cc\uff0c\u6211\u4eec\u70b9\u51fb \u59cb\u7ec8\u5b89\u88c5\u6b64\u9a71\u52a8\u7a0b\u5e8f\u8f6f\u4ef6 \u7b49\u5f85\u5b89\u88c5\u5b8c\u6210\u3002"}),"\n",(0,i.jsx)(r.p,{children:(0,i.jsx)(r.img,{src:"https://photos.100ask.net/dongshanpi-docs/DongshanNezhaSTU/Windows_FlashDevice_004.png",alt:"Windows_FlashDevice_001"})}),"\n",(0,i.jsx)(r.p,{children:"\u5b89\u88c5\u5b8c\u6210\u540e\uff0c\u4f1a\u63d0\u793a\uff0cWindows\u5df2\u6210\u529f\u66f4\u65b0\u4f60\u7684\u9a71\u52a8\u7a0b\u5e8f\u3002"}),"\n",(0,i.jsx)(r.p,{children:(0,i.jsx)(r.img,{src:"https://photos.100ask.net/dongshanpi-docs/DongshanNezhaSTU/Windows_FlashDevice_005.png",alt:"Windows_FlashDevice_001"})}),"\n",(0,i.jsxs)(r.p,{children:["\u6700\u540e\u6211\u4eec\u53ef\u4ee5\u770b\u5230\uff0c\u8bbe\u5907\u7ba1\u7406\u5668 \u91cc\u9762\u7684\u672a\u77e5\u8bbe\u5907 \u53d8\u6210\u4e86\u4e00\u4e2a ",(0,i.jsx)(r.code,{children:"USB Device(VID_1f3a_efe8)"}),"\u7684\u8bbe\u5907\uff0c\u8fd9\u65f6\u5c31\u8868\u660e\u8bbe\u5907\u9a71\u52a8\u5df2\u7ecf\u5b89\u88c5\u6210\u529f\u3002"]}),"\n",(0,i.jsx)(r.p,{children:(0,i.jsx)(r.img,{src:"https://photos.100ask.net/dongshanpi-docs/DongshanNezhaSTU/Windows_FlashDevice_006.png",alt:"Windows_FlashDevice_001"})}),"\n",(0,i.jsx)(r.h3,{id:"\u8fd0\u884c\u8f6f\u4ef6\u70e7\u5199",children:"\u8fd0\u884c\u8f6f\u4ef6\u70e7\u5199"}),"\n",(0,i.jsxs)(r.p,{children:["\u5c06\u4e0b\u8f7d\u4e0b\u6765\u7684\u5168\u5fd7\u7ebf\u5237\u5de5\u5177 ",(0,i.jsx)(r.strong,{children:"AllwinnertechPhoeniSuit"})," \u89e3\u538b\u7f29\uff0c\u540c\u65f6\u5c06",(0,i.jsx)(r.strong,{children:"SPI Nand\u7cfb\u7edf\u955c\u50cf"}),"\u4e0b\u8f7d\u4e0b\u6765\u4e5f\u8fdb\u884c\u89e3\u538b\u7f29\u3002"]}),"\n",(0,i.jsxs)(r.p,{children:["\u89e3\u538b\u540e\uff0c\u5f97\u5230\u4e00\u4e2a ",(0,i.jsx)(r.strong,{children:"tina_d1s-nezha_nor_uart0_nor.img"})," \u955c\u50cf\uff0c\u662f\u7528\u4e8e\u70e7\u5f55\u5230SPI NAND\u955c\u50cf\u5f97\u3002\u53e6\u4e00\u4e2a\u662f",(0,i.jsx)(r.strong,{children:"AllwinnertechPhoeniSuit"}),"\u6587\u4ef6\u5939\u3002"]}),"\n",(0,i.jsxs)(r.p,{children:["\u9996\u5148\u6211\u4eec\u8fdb\u5165\u5230 ",(0,i.jsx)(r.strong,{children:"AllwinnertechPhoeniSuit\\AllwinnertechPhoeniSuitRelease20201225"})," \u76ee\u5f55\u4e0b \u627e\u5230 ",(0,i.jsx)(r.strong,{children:"PhoenixSuit.exe"})," \u53cc\u51fb\u8fd0\u884c\u3002"]}),"\n",(0,i.jsx)(r.p,{children:"\u6253\u5f00\u8f6f\u4ef6\u540e \u8f6f\u4ef6\u4e3b\u754c\u9762\u5982\u4e0b\u56fe\u6240\u793a"}),"\n",(0,i.jsx)(r.p,{children:(0,i.jsx)(r.img,{src:"https://photos.100ask.net/dongshanpi-docs/DongshanNezhaSTU/PhoenixSuit_001.png",alt:"PhoenixSuit_001"})}),"\n",(0,i.jsxs)(r.p,{children:["\u200b\t\u63a5\u4e0b\u6765 \u6211\u4eec\u9700\u8981\u5207\u6362\u5230 ",(0,i.jsx)(r.strong,{children:"\u4e00\u952e\u5237\u673a"}),"\u7a97\u53e3\uff0c\u5982\u4e0b\u56fe\u6240\u793a\uff0c\u70b9\u51fb\u7ea2\u6846\u6807\u53f71\uff0c\u5728\u5f39\u51fa\u7684\u65b0\u7a97\u53e3\u5185\uff0c\u6211\u4eec\u70b9\u51fb \u7ea2\u68462 ",(0,i.jsx)(r.strong,{children:"\u6d4f\u89c8"})," \u627e\u5230\u6211\u4eec\u521a\u624d\u89e3\u538b\u8fc7\u7684 SPI Nor \u6700\u5c0f\u7cfb\u7edf\u955c\u50cf  ",(0,i.jsx)(r.strong,{children:"tina_d1s-nezha_nor_uart0_nor.img"})," \uff0c\u9009\u4e2d\u955c\u50cf\u540e\uff0c\u70b9\u51fb\u7ea2\u68463 ",(0,i.jsx)(r.strong,{children:"\u5168\u76d8\u64e6\u9664\u5347\u7ea7"})," \uff0c\u6700\u540e\u70b9\u51fb\u7ea2\u68464  ",(0,i.jsx)(r.strong,{children:"\u7acb\u5373\u5347\u7ea7"}),"\u3002"]}),"\n",(0,i.jsxs)(r.p,{children:["\u200b\t\u70b9\u51fb\u5b8c\u6210\u540e\uff0c\u4e0d\u9700\u8981\u7406\u4f1a \u5f39\u51fa\u7684\u4fe1\u606f\uff0c\u8fd9\u65f6 \u6211\u4eec\u62ff\u8d77\u5df2\u7ecf\u8fde\u63a5\u597d\u7684\u5f00\u53d1\u677f\uff0c\u5148\u6309\u4f4f ",(0,i.jsx)(r.strong,{children:"FEL"})," \u70e7\u5199\u6a21\u5f0f\u6309\u952e\uff0c\u4e4b\u540e\u6309\u4e00\u4e0b ",(0,i.jsx)(r.strong,{children:"RESET"})," \u7cfb\u7edf\u590d\u4f4d\u952e\uff0c\u5c31\u53ef\u4ee5\u81ea\u52a8\u8fdb\u5165\u70e7\u5199\u6a21\u5f0f\u5e76\u5f00\u59cb\u70e7\u5199\u3002"]}),"\n",(0,i.jsx)(r.p,{children:(0,i.jsx)(r.img,{src:"https://photos.100ask.net/dongshanpi-docs/DongshanNezhaSTU/PhoenixSuit_002.png",alt:"PhoenixSuit_002"})}),"\n",(0,i.jsx)(r.p,{children:"\u200b\t\u70e7\u5199\u65f6\u4f1a\u63d0\u793a\u70e7\u5199\u8fdb\u5ea6\u6761\uff0c\u70e7\u5199\u5b8c\u6210\u540e \u5f00\u53d1\u677f\u4f1a\u81ea\u5df1\u91cd\u542f\u3002"}),"\n",(0,i.jsx)(r.p,{children:(0,i.jsx)(r.img,{src:"https://photos.100ask.net/dongshanpi-docs/DongshanNezhaSTU/PhoenixSuit_003.png",alt:"PhoenixSuit_003"})}),"\n",(0,i.jsx)(r.h3,{id:"\u542f\u52a8\u7cfb\u7edf",children:"\u542f\u52a8\u7cfb\u7edf"}),"\n",(0,i.jsx)(r.p,{children:"\u4e00\u822c\u60c5\u51b5\u4e0b\uff0c\u70e7\u5199\u6210\u529f\u540e \u90fd\u4f1a\u81ea\u52a8\u91cd\u542f \u542f\u52a8\u7cfb\u7edf\uff0c\u6b64\u65f6\u6211\u4eec\u8fdb\u5165\u5230 \u4e32\u53e3\u7ec8\u7aef\uff0c\u53ef\u4ee5\u770b\u5230\u5b83\u7684\u542f\u52a8\u4fe1\u606f\uff0c\u7b49\u6240\u6709\u542f\u52a8\u4fe1\u606f\u52a0\u8f7d\u5b8c\u6210\uff0c\u8f93\u5165 root \u7528\u6237\u540d\u5373\u53ef\u767b\u5f55\u70e7\u5199\u597d\u7684\u7cfb\u7edf\u5185\u3002"}),"\n",(0,i.jsx)(r.h2,{id:"\u70e7\u5199\u56fa\u4ef6\u81f3tf\u5361",children:"\u70e7\u5199\u56fa\u4ef6\u81f3TF\u5361"}),"\n",(0,i.jsx)(r.h3,{id:"\u51c6\u5907\u5de5\u4f5c-1",children:"\u51c6\u5907\u5de5\u4f5c"}),"\n",(0,i.jsxs)(r.ul,{children:["\n",(0,i.jsx)(r.li,{children:"\u786c\u4ef6\uff1a D1-H_DualDisplay-Devkit\u4e3b\u677f x1"}),"\n",(0,i.jsx)(r.li,{children:"\u786c\u4ef6\uff1aUSB Type-C\u7ebf x2"}),"\n",(0,i.jsx)(r.li,{children:"\u786c\u4ef6\uff1aTF\u5361\u8bfb\u5361\u5668  x1"}),"\n",(0,i.jsx)(r.li,{children:"\u786c\u4ef6\uff1a8GB\u4ee5\u4e0a\u7684 Micro TF\u5361 x1"}),"\n",(0,i.jsxs)(r.li,{children:["\u8f6f\u4ef6\uff1aTina\u7cfb\u7edfTF\u5361\u70e7\u5f55\u5de5\u5177: ",(0,i.jsx)(r.a,{href:"https://gitlab.com/dongshanpi/tools/-/raw/main/PhoenixCard-V2.8.zip",children:"PhoenixCard-V2.8"})]}),"\n",(0,i.jsxs)(r.li,{children:["\u8f6f\u4ef6\uff1aSDcard\u683c\u5f0f\u5316\u5de5\u5177\uff1a",(0,i.jsx)(r.a,{href:"https://gitlab.com/dongshanpi/tools/-/raw/main/SDCardFormatter5.0.1Setup.exe",children:"SDCardFormatter5"})]}),"\n"]}),"\n",(0,i.jsx)(r.h3,{id:"\u8fd0\u884c\u70e7\u5199\u8f6f\u4ef6\u70e7\u5199",children:"\u8fd0\u884c\u70e7\u5199\u8f6f\u4ef6\u70e7\u5199"}),"\n",(0,i.jsxs)(r.p,{children:["\u9996\u5148\u9700\u8981\u4e0b\u8f7d  ",(0,i.jsx)(r.strong,{children:"win32diskimage  SDcard\u4e13\u7528\u683c\u5f0f\u5316"})," \u8fd9\u4e24\u4e2a\u70e7\u5199TF\u5361\u7684\u5de5\u5177\uff0c\u7136\u540e\u53ef\u4ee5\u6839\u636e\u5f00\u53d1\u73af\u5883\u642d\u5efa\u7ae0\u8282\uff0c\u6253\u5305\u51fa\u76f8\u5e94\u7684\u955c\u50cf\u6587\u4ef6\uff0c\u8fd9\u4e2a\u6587\u4ef6\u5c31\u662f\u6211\u4eec\u8981\u70e7\u5199\u7684\u955c\u50cf\u3002 \u540c\u65f6\u89e3\u538b\u7f29 ",(0,i.jsx)(r.strong,{children:"Tina\u7cfb\u7edfTF\u5361\u70e7\u5f55\u5de5\u5177 PhoenixCard-V2.8"}),"\uff0c\u89e3\u538b\u5b8c\u6210\u540e\uff0c\u8fdb\u5165\u5230\u70e7\u5199\u5de5\u5177\u76ee\u5f55\u5185\uff0c\u53cc\u51fb\u8fd0\u884c ",(0,i.jsx)(r.code,{children:"PhoenixCard.exe"}),"\u70e7\u5f55\u5de5\u5177\u3002"]}),"\n",(0,i.jsx)(r.p,{children:(0,i.jsx)(r.img,{alt:"image-20240628105654828",src:e(36011).Z+"",width:"807",height:"791"})}),"\n",(0,i.jsx)(r.p,{children:"\u6b65\u9aa4\u4e00\uff1a \u5c06TF\u5361\u63d2\u8fdb\u8bfb\u5361\u5668\u5185\uff0c\u540c\u65f6\u5c06\u8bfb\u5361\u5668\u63d2\u5230\u7535\u8111USB\u63a5\u53e3\uff0c\u4f7f\u7528SD CatFormat\u683c\u5f0f\u5316TF\u5361\uff0c\u6ce8\u610f\u5907\u4efd\u5361\u5185\u6570\u636e\u3002\u53c2\u8003\u4e0b\u56fe\u6240\u793a\uff0c\u70b9\u51fb\u5237\u65b0\u627e\u5230TF\u5361\uff0c\u7136\u540e\u70b9\u51fb Format \u5728\u5f39\u51fa\u7684 \u5bf9\u8bdd\u6846 \u70b9\u51fb **\u662f(Yes)**\u7b49\u5f85\u683c\u5f0f\u5b8c\u6210\u5373\u53ef\u3002"}),"\n",(0,i.jsx)(r.p,{children:(0,i.jsx)(r.img,{src:"https://photos.100ask.net/dongshanpi-docs/DongshanNezhaSTU/SDCardFormat_001.png",alt:"SDCardFormat_001"})}),"\n",(0,i.jsxs)(r.p,{children:["\u6b65\u9aa4\u4e8c\uff1a\u683c\u5f0f\u5316\u5b8c\u6210\u540e\uff0c\u4f7f\u7528",(0,i.jsx)(r.strong,{children:"PhoenixCard.exe"}),"\u5de5\u5177\u6765\u70e7\u5f55\u955c\u50cf\uff0c\u53c2\u8003\u4e0b\u56fe\u6b65\u9aa4\uff0c\u627e\u5230\u81ea\u5df1\u7684TF\u5361\u76d8\u7b26\uff0c\u70b9\u51fb ",(0,i.jsx)(r.code,{children:"\u5de6\u4e0a\u89d2\u7ea2\u68461"})," \u56fa\u4ef6\uff0c\u9009\u62e9\u5df2\u7ecf\u89e3\u538b\u8fc7\u7684 ",(0,i.jsx)(r.code,{children:"tina_d1s-nezha_sd_uart0.img"})," \u955c\u50cf\uff0c\u7136\u540e\u70b9\u51fb ",(0,i.jsx)(r.code,{children:"\u7ea2\u68462 \u542f\u52a8\u5361"}),"\uff0c\u6700\u540e\u70b9\u51fb",(0,i.jsx)(r.code,{children:"\u7ea2\u68463 \u70e7\u5f55"})," \u7b49\u5f85\u70e7\u5f55\u5b8c\u6210\u5373\u53ef\u3002"]}),"\n",(0,i.jsx)(r.p,{children:(0,i.jsx)(r.img,{src:"https://photos.100ask.net/dongshanpi-docs/d1s/PhoenixCard_Config_001.png",alt:"PhoenixCard_Config_002"})}),"\n",(0,i.jsx)(r.p,{children:"\u5982\u4e0b\u56fe\u4e3a\u70e7\u5f55\u6210\u529f\u793a\u610f\u56fe\u3002"}),"\n",(0,i.jsx)(r.p,{children:(0,i.jsx)(r.img,{src:"https://photos.100ask.net/dongshanpi-docs/d1s/PhoenixCard_Config_002.png",alt:"PhoenixCard_Config_002"})}),"\n",(0,i.jsxs)(r.p,{children:["\u70e7\u5f55\u5b8c\u6210\u4ee5\u540e\uff0c\u5c31\u53ef\u4ee5\u5f39\u51faTF\u5361\uff0c\u5e76\u5c06\u5176\u63d2\u5230\u5f00\u53d1\u677f\u6b63\u9762 ",(0,i.jsx)(r.code,{children:"TF\u5361\u5361\u69fd"}),"\u4f4d\u7f6e\u5904\uff0c\u6b64\u65f6\u53ef\u4ee5\u4f7f\u7528\u4e32\u53e3\u8fdb\u884c\u767b\u5f55\uff0c\u4e5f\u53ef\u4ee5\u4f7f\u7528 adb shell \u76f4\u63a5\u8fde\u63a5 ADB\u8fdb\u884c\u767b\u5f55\u8bbf\u95ee\u3002"]}),"\n",(0,i.jsx)(r.p,{children:(0,i.jsx)(r.strong,{children:"\u6ce8\u610f\uff1aD1h\u5982\u679c\u63d2\u4e0aTF\u5361\uff0c\u9ed8\u8ba4TF\u5361\u542f\u52a8"})}),"\n",(0,i.jsx)(r.h3,{id:"\u542f\u52a8\u7cfb\u7edf-1",children:"\u542f\u52a8\u7cfb\u7edf"}),"\n",(0,i.jsx)(r.p,{children:"\u5982\u4e0b\u542f\u52a8\u4fe1\u606f \u4e3a \u4f7f\u7528\u675c\u90a6\u7ebf \u5c06PE2 PE3 GND\u8fde\u63a5\u81f3 CKlink\u63a5\u53e3\u65c1 RX TX GND \u5f15\u811a\u901a\u5b54\u663e\u793a\u3002"}),"\n",(0,i.jsx)(r.pre,{children:(0,i.jsx)(r.code,{className:"language-shell",children:"[53]HELLO! BOOT0 is starting!\r\n[56]BOOT0 commit : 88480af\r\n[58]set pll start\r\n[60]periph0 has been enabled\r\n[63]set pll end\r\n[64][pmu]: bus read error\r\n[67]board init ok\r\n[69]get_pmu_exist() = -1\r\n[71]DRAM BOOT DRIVE INFO: V0.33\r\n[74]DRAM CLK = 792 MHz\r\n[76]DRAM Type = 3 (2:DDR2,3:DDR3)\r\n[79]DRAMC ZQ value: 0x7b7bfb\r\n[82]DRAM ODT value: 0x42.\r\n[84]ddr_efuse_type: 0x0\r\n[87]DRAM SIZE =512 M\r\n[89]dram_tpr4:0x0\r\n[91]PLL_DDR_CTRL_REG:0xf8004100\r\n[94]DRAM_CLK_REG:0xc0000000\r\n[96][TIMING DEBUG] MR2= 0x18\r\n[100]DRAM simple test OK.\r\n[103]dram size =512\r\n[105]spinand UBOOT_START_BLK_NUM 8 UBOOT_LAST_BLK_NUM 32\r\n[110]block from 8 to 32\r\n[165]Check is correct.\r\n[167]dma 0x301a8 int is not used yet\r\n[171]dma 0x301a8 int is free, you do not need to free it again\r\n[176]Entry_name        = opensbi\r\n[180]Entry_name        = u-boot\r\n[183]Entry_name        = dtb\r\n[186]Jump to second Boot.\r\n\r\nOpenSBI auto-t113-linux-V0.8-2-g053d088\r\n   ____                    _____ ____ _____\r\n  / __ \\                  / ____|  _ \\_   _|\r\n | |  | |_ __   ___ _ __ | (___ | |_) || |\r\n | |  | | '_ \\ / _ \\ '_ \\ \\___ \\|  _ < | |\r\n | |__| | |_) |  __/ | | |____) | |_) || |_\r\n  \\____/| .__/ \\___|_| |_|_____/|____/_____|\r\n        | |\r\n        |_|\r\n\r\nPlatform Name          : T-HEAD Xuantie Platform\r\nPlatform HART Features : RV64ACDFIMSUVX\r\nPlatform Max HARTs     : 1\r\nCurrent Hart           : 0\r\nFirmware Base          : 0x41fc0400\r\nFirmware Size          : 75 KB\r\nRuntime SBI Version    : 0.2\r\n\r\nMIDELEG : 0x0000000000000222\r\nMEDELEG : 0x000000000000b1ff\r\nPMP0    : 0x0000000041fc0000-0x0000000041fdffff (A)\r\nPMP1    : 0x0000000040000000-0x000000007fffffff (A,R,W,X)\r\nPMP2    : 0x0000000080000000-0x00000000bfffffff (A,R,W,X)\r\nPMP3    : 0x0000000000020000-0x0000000000027fff (A,\u2592\r\n\r\nU-Boot 2018.05-g24521d6-dirty (Jun 25 2024 - 02:56:26 -0400) Allwinner Technology\r\n\r\n[00.271]DRAM:  512 MiB\r\n[00.273]Relocation Offset is: 1dee9000\r\n[00.278]secure enable bit: 0\r\n[00.280]CPU=1008 MHz,PLL6=600 Mhz,AHB=200 Mhz, APB1=100Mhz  MBus=300Mhz\r\n[00.286]flash init start\r\n[00.289]workmode = 0,storage type = 0\r\nsspi->base_addr = 0x4025000, the SPI control register:\r\n[VER] 0x4025000 = 0x00010001, [GCR] 0x4025004 = 0x00000083, [TCR] 0x4025008 = 0x00000184\r\n[ICR] 0x4025010 = 0x00000f00, [ISR] 0x4025014 = 0x00000032, [FCR] 0x4025018 = 0x00200020\r\n[FSR] 0x402501c = 0x00000000, [WCR] 0x4025020 = 0x00000000, [CCR] 0x4025024 = 0x00000002\r\n[SDC] 0x4025028 = 0x00002000, [BCR] 0x4025030 = 0x00000000, [TCR] 0x4025034 = 0x00000000\r\n[BCC] 0x4025038 = 0x20000000, [DMA] 0x4025088 = 0x000000e5\r\n\r\n[00.336]sunxi-spinand-phy: not detect any munufacture from id table\r\n[00.343]sunxi-spinand-phy: get spi-nand Model from fdt fail\r\n[00.348]sunxi-spinand-phy: get phy info from fdt fail\r\n\r\ndevice nand0 <nand>, # parts = 4\r\n #: name                size            offset          mask_flags\r\n 0: boot0               0x00100000      0x00000000      1\r\n 1: uboot               0x00300000      0x00100000      1\r\n 2: secure_storage      0x00100000      0x00400000      1\r\n 3: sys                 0x07b00000      0x00500000      0\r\n\r\nactive partition: nand0,0 - (boot0) 0x00100000 @ 0x00000000\r\n\r\ndefaults:\r\nmtdids  : nand0=nand\r\nmtdparts: mtdparts=nand:1024k@0(boot0)ro,3072k@1048576(uboot)ro,1024k@4194304(secure_storage)ro,-(sys)\r\n[00.462]ubi0: attaching mtd4\r\n[00.557]ubi0: scanning is finished\r\n[00.564]ubi0: attached mtd4 (name \"sys\", size 123 MiB)\r\n[00.568]ubi0: PEB size: 262144 bytes (256 KiB), LEB size: 258048 bytes\r\n[00.574]ubi0: min./max. I/O unit sizes: 4096/4096, sub-page size 2048\r\n[00.581]ubi0: VID header offset: 2048 (aligned 2048), data offset: 4096\r\n[00.587]ubi0: good PEBs: 492, bad PEBs: 0, corrupted PEBs: 0\r\n[00.592]ubi0: user volume: 10, internal volumes: 1, max. volumes count: 128\r\n[00.599]ubi0: max/mean erase counter: 2/1, WL threshold: 4096, image sequence number: 0\r\n[00.607]ubi0: available PEBs: 0, total reserved PEBs: 492, PEBs reserved for bad PEB handling: 20\r\n[00.615]sunxi flash init ok\r\n[00.618]line:703 init_clocks\r\n[00.621]drv_disp_init\r\nrequest pwm success, pwm0:pwm0:0x2000c00.\r\n[00.638]drv_disp_init finish\r\n[00.640]boot_gui_init:start\r\n[00.643]set disp.dev2_output_type fail. using defval=0\r\n[00.648]lcd_open_flow\r\n[00.650]lcd_cfg_panel_info\r\n[00.653]lcd_open_flow\r\n[00.655]lcd_power_on\r\n[00.680]boot_gui_init:finish\r\npartno erro : can't find partition bootloader\r\n[00.800]lcd_open_flow\r\n[00.802] tft08006 drivers/video/sunxi/disp2/disp/lcd/tft08006.c lcd_panel_init 162\r\n[00.809]lcd_panel_init\r\n[01.283]lcd_open_flow\r\n54 bytes read in 0 ms\r\n[01.288]bmp_name=bootlogo.bmp size 1152054\r\n[01.335]lcd_open_flow\r\n[01.337]lcd_bl_open\r\nFDT ERROR:fdt_get_all_pin:get property handle pinctrl-0 error:FDT_ERR_INTERNAL\r\nsunxi_pwm_pin_set_state, fdt_set_all_pin, ret=-1\r\n[01.351]lcd_open_flow\r\n[01.353]lcd_open_flow\r\n[01.355]LCD open finish\r\n1152054 bytes read in 75 ms (14.6 MiB/s)\r\n[01.491]Loading Environment from SUNXI_FLASH... OK\r\n[01.512]out of usb burn from boot: not need burn key\r\n[01.518]Item0 (Map) magic is bad\r\npartno erro : can't find partition private\r\n[01.545]update bootcmd\r\n[01.557]change working_fdt 0x5eaa8da0 to 0x5ea88da0\r\nNo reserved memory region found in source FDT\r\n[01.585]update dts\r\nnoncached_alloc(): addr = 0x5eca7080\r\nnoncached_alloc(): addr = 0x5eca70c0\r\nnoncached_alloc(): addr = 0x5eca7100\r\nnoncached_alloc(): addr = 0x5eca7940\r\nphy_mode=rgmii, phy_interface=7\r\ngmac: *** using ephy_clk ***\r\neth0\r\nWarning: eth0 (eth0) using random MAC address - 62:2c:14:f8:ee:8c\r\n\r\nHit any key to stop autoboot:  0\r\ndsp0:gpio init config fail\r\ndsp0:sharespace config fail\r\ndsp0 version is r528-tina-v1.0.0-release-37-g735b6b4-dirty\r\nDSP0 start ok, img length 254860, booting from 0x400660\r\n[01.901]no vendor_boot partition is found\r\nAndroid's image name: d1-h-nezha\r\nDetect comp gzip\r\n[02.154]\r\nStarting kernel ...\r\n\r\n[    0.000000] Linux version 5.4.61 (ubuntu@ubuntu1804) (riscv64-unknown-linux-gnu-gcc (C-SKY RISCV Tools V1.8.4 B20200702) 8.1.0, GNU ld (GNU Binutils) 2.32) #50 PREEMPT Tue Jun 25 06:59:32 UTC 2024\r\n[    0.000000] cma: Reserved 8 MiB at 0x000000005f800000\r\n[    0.000000] Zone ranges:\r\n[    0.000000]   DMA32    [mem 0x0000000040000000-0x000000005fffffff]\r\n[    0.000000]   Normal   empty\r\n[    0.000000] Movable zone start for each node\r\n[    0.000000] Early memory node ranges\r\n[    0.000000]   node   0: [mem 0x0000000040000000-0x000000005fffffff]\r\n[    0.000000] Initmem setup node 0 [mem 0x0000000040000000-0x000000005fffffff]\r\n[    0.000000] On node 0 totalpages: 131072\r\n[    0.000000]   DMA32 zone: 1792 pages used for memmap\r\n[    0.000000]   DMA32 zone: 0 pages reserved\r\n[    0.000000]   DMA32 zone: 131072 pages, LIFO batch:31\r\n[    0.000000] elf_hwcap is 0x20112d\r\n[    0.000000] pcpu-alloc: s0 r0 d32768 u32768 alloc=1*32768\r\n[    0.000000] pcpu-alloc: [0] 0\r\n[    0.000000] Built 1 zonelists, mobility grouping on.  Total pages: 129280\r\n[    0.000000] Kernel command line: ubi.mtd=sys ubi.block=0,rootfs earlyprintk=sunxi-uart,0x02500000 clk_ignore_unused initcall_debug=0 console=ttyS0,115200 loglevel=8 root=/dev/ubiblock0_5 rootfstype=squashfs init=/sbin/init partitions=mbr@ubi0_0:boot-resource@ubi0_1:env@ubi0_2:env-redund@ubi0_3:boot@ubi0_4:rootfs@ubi0_5:dsp0@ubi0_6:recovery@ubi0_7:rootfs_data@ubi0_8:UDISK@ubi0_9: cma=8M snum= mac_addr= wifi_mac= bt_mac= specialstr= gpt=1 androidboot.hardware=sun20iw1p1 boot_type=5 androidboot.boot_type=5 gpt=1 uboot_message=2018.05-g24521d\r\n[    0.000000] Dentry cache hash table entries: 65536 (order: 7, 524288 bytes, linear)\r\n[    0.000000] Inode-cache hash table entries: 32768 (order: 6, 262144 bytes, linear)\r\n[    0.000000] Sorting __ex_table...\r\n[    0.000000] mem auto-init: stack:off, heap alloc:off, heap free:off\r\n[    0.000000] Memory: 495332K/524288K available (6406K kernel code, 663K rwdata, 2165K rodata, 184K init, 336K bss, 20764K reserved, 8192K cma-reserved)\r\n[    0.000000] SLUB: HWalign=64, Order=0-3, MinObjects=0, CPUs=1, Nodes=1\r\n[    0.000000] rcu: Preemptible hierarchical RCU implementation.\r\n[    0.000000]  Tasks RCU enabled.\r\n[    0.000000] rcu: RCU calculated value of scheduler-enlistment delay is 10 jiffies.\r\n[    0.000000] NR_IRQS: 0, nr_irqs: 0, preallocated irqs: 0\r\n[    0.000000] plic: mapped 200 interrupts with 1 handlers for 2 contexts.\r\n[    0.000000] riscv_timer_init_dt: Registering clocksource cpuid [0] hartid [0]\r\n[    0.000000] clocksource: riscv_clocksource: mask: 0xffffffffffffffff max_cycles: 0x588fe9dc0, max_idle_ns: 440795202592 ns\r\n[    0.000006] sched_clock: 64 bits at 24MHz, resolution 41ns, wraps every 4398046511097ns\r\n[    0.000022] riscv_timer_clockevent depends on broadcast, but no broadcast function available\r\n[    0.000310] clocksource: timer: mask: 0xffffffff max_cycles: 0xffffffff, max_idle_ns: 79635851949 ns\r\n[    0.000909] Console: colour dummy device 80x25\r\n[    0.000945] Calibrating delay loop (skipped), value calculated using timer frequency.. 48.00 BogoMIPS (lpj=240000)\r\n[    0.000962] pid_max: default: 32768 minimum: 301\r\n[    0.001127] Mount-cache hash table entries: 1024 (order: 1, 8192 bytes, linear)\r\n[    0.001146] Mountpoint-cache hash table entries: 1024 (order: 1, 8192 bytes, linear)\r\n[    0.002687] ASID allocator initialised with 65536 entries\r\n[    0.002837] rcu: Hierarchical SRCU implementation.\r\n[    0.003442] devtmpfs: initialized\r\n[    0.016536] random: get_random_u32 called from bucket_table_alloc.isra.31+0x4e/0x15e with crng_init=0\r\n[    0.017450] clocksource: jiffies: mask: 0xffffffff max_cycles: 0xffffffff, max_idle_ns: 19112604462750000 ns\r\n[    0.017480] futex hash table entries: 256 (order: 0, 6144 bytes, linear)\r\n[    0.017864] pinctrl core: initialized pinctrl subsystem\r\n[    0.019111] NET: Registered protocol family 16\r\n[    0.020998] DMA: preallocated 256 KiB pool for atomic allocations\r\n[    0.021588] cpuidle: using governor menu\r\n[    0.064032] rtc_ccu: sunxi ccu init OK\r\n[    0.073104] clock: sunxi ccu init OK\r\n[    0.073899] clock: sunxi ccu init OK\r\n[    0.102467] iommu: Default domain type: Translated\r\n[    0.102638] sunxi iommu: irq = 4\r\n[    0.103690] SCSI subsystem initialized\r\n[    0.104013] usbcore: registered new interface driver usbfs\r\n[    0.104104] usbcore: registered new interface driver hub\r\n[    0.104206] usbcore: registered new device driver usb\r\n[    0.104367] mc: Linux media interface: v0.10\r\n[    0.104424] videodev: Linux video capture interface: v2.00\r\n[    0.105476] sunxi-msgbox-amp 3003000.msgbox: invalid resource\r\n[    0.106268] Advanced Linux Sound Architecture Driver Initialized.\r\n[    0.106834] Bluetooth: Core ver 2.22\r\n[    0.106908] NET: Registered protocol family 31\r\n[    0.106918] Bluetooth: HCI device and connection manager initialized\r\n[    0.106940] Bluetooth: HCI socket layer initialized\r\n[    0.106954] Bluetooth: L2CAP socket layer initialized\r\n[    0.106987] Bluetooth: SCO socket layer initialized\r\n[    0.107259] pwm module init!\r\n[    0.108767] g2d 5410000.g2d: Adding to iommu group 0\r\n[    0.109218] G2D: rcq version initialized.major:250\r\n[    0.109872] input: sunxi-keyboard as /devices/virtual/input/input0\r\n[    0.111383] clocksource: Switched to clocksource riscv_clocksource\r\n[    0.123040] sun8iw20-pinctrl 2000000.pinctrl: initialized sunXi PIO driver\r\n[    0.137865] thermal_sys: Registered thermal governor 'user_space'\r\n[    0.137872] thermal_sys: Registered thermal governor 'power_allocator'\r\n[    0.138360] NET: Registered protocol family 2\r\n[    0.139111] tcp_listen_portaddr_hash hash table entries: 256 (order: 0, 4096 bytes, linear)\r\n[    0.139153] TCP established hash table entries: 4096 (order: 3, 32768 bytes, linear)\r\n[    0.139213] TCP bind hash table entries: 4096 (order: 3, 32768 bytes, linear)\r\n[    0.139259] TCP: Hash tables configured (established 4096 bind 4096)\r\n[    0.139396] UDP hash table entries: 256 (order: 1, 8192 bytes, linear)\r\n[    0.139434] UDP-Lite hash table entries: 256 (order: 1, 8192 bytes, linear)\r\n[    0.139646] NET: Registered protocol family 1\r\n[    0.140799] sun8iw20-pinctrl 2000000.pinctrl: 2000000.pinctrl supply vcc-pc not found, using dummy regulator\r\n[    0.141336] spi spi0: spi0 supply spi not found, using dummy regulator\r\n[    0.141654] sunxi_spi_resource_get()2151 - [spi0] SPI MASTER MODE\r\n[    0.141715] sunxi_spi_resource_get()2189 - Failed to get sample mode\r\n[    0.141727] sunxi_spi_resource_get()2194 - Failed to get sample delay\r\n[    0.141736] sunxi_spi_resource_get()2198 - sample_mode:-1431633921 sample_delay:-1431633921\r\n[    0.141791] sunxi_spi_clk_init()2240 - [spi0] mclk 100000000\r\n[    0.142437] sunxi_spi_probe()2653 - [spi0]: driver probe succeed, base ffffffd004060000, irq 31\r\n[    0.144277] Initialise system trusted keyrings\r\n[    0.144473] workingset: timestamp_bits=62 max_order=17 bucket_order=0\r\n[    0.151041] squashfs: version 4.0 (2009/01/31) Phillip Lougher\r\n[    0.171642] Key type asymmetric registered\r\n[    0.171655] Asymmetric key parser 'x509' registered\r\n[    0.171677] io scheduler mq-deadline registered\r\n[    0.171686] io scheduler kyber registered\r\n[    0.171704] atomic64_test: passed\r\n[    0.172861] [DISP]disp_module_init\r\n[    0.173400] disp 5000000.disp: Adding to iommu group 0\r\n[    0.174009] [DISP] disp_init,line:2386:\r\n[    0.174015] smooth display screen:0 type:1 mode:4\r\n[    0.208620] lcd_cfg_panel_info\r\n[    0.208632] tft08006\r\n[    0.208676] display_fb_request,fb_id:0\r\n[    0.224227] Freeing logo buffer memory: 1500K\r\n[    0.224658] disp_al_manager_apply ouput_type:1\r\n[    0.224800] [DISP] lcd_clk_config,line:732:\r\n[    0.224812] disp 0, clk: pll(300000000),clk(300000000),dclk(25000000) dsi_rate(25000000)\r\n[    0.224812]      clk real:pll(300000000),clk(300000000),dclk(75000000) dsi_rate(150000000)\r\n[    0.225189] sun8iw20-pinctrl 2000000.pinctrl: 2000000.pinctrl supply vcc-pb not found, using dummy regulator\r\n[    0.225900] [DISP]disp_module_init finish\r\n[    0.226748] sunxi_sid_init()551 - insmod ok\r\n[    0.227110] pwm-regulator vdd-cpu: Failed to get PWM: -16\r\n[    0.227140] pwm-regulator: probe of vdd-cpu failed with error -16\r\n[    0.233843] uart uart0: get regulator failed\r\n[    0.233872] uart uart0: uart0 supply uart not found, using dummy regulator\r\n[    0.234204] uart0: ttyS0 at MMIO 0x2500000 (irq = 18, base_baud = 1500000) is a SUNXI\r\n[    0.234229] sw_console_setup()1808 - console setup baud 115200 parity n bits 8, flow n\r\n[    1.064140] printk: console [ttyS0] enabled\r\n[    1.069707] sun8iw20-pinctrl 2000000.pinctrl: 2000000.pinctrl supply vcc-pg not found, using dummy regulator\r\n[    1.081123] uart uart1: get regulator failed\r\n[    1.085987] uart uart1: uart1 supply uart not found, using dummy regulator\r\n[    1.094015] uart1: ttyS1 at MMIO 0x2500400 (irq = 19, base_baud = 1500000) is a SUNXI\r\n[    1.103898] misc dump reg init\r\n[    1.108149] sunxi-rfkill soc@3000000:rfkill@0: module version: v1.0.9\r\n[    1.115395] sunxi-rfkill soc@3000000:rfkill@0: get gpio chip_en failed\r\n[    1.122756] sunxi-rfkill soc@3000000:rfkill@0: get gpio power_en failed\r\n[    1.130143] sunxi-rfkill soc@3000000:rfkill@0: wlan_busnum (1)\r\n[    1.136705] sunxi-rfkill soc@3000000:rfkill@0: Missing wlan_power.\r\n[    1.143642] sunxi-rfkill soc@3000000:rfkill@0: wlan clock[0] (32k-fanout1)\r\n[    1.151338] sunxi-rfkill soc@3000000:rfkill@0: wlan_regon gpio=44 assert=1\r\n[    1.159128] sunxi-rfkill soc@3000000:rfkill@0: wlan_hostwake gpio=202 assert=1\r\n[    1.167257] sunxi-rfkill soc@3000000:rfkill@0: wakeup source is enabled\r\n[    1.174934] sunxi-rfkill soc@3000000:rfkill@0: Missing bt_power.\r\n[    1.181694] sunxi-rfkill soc@3000000:rfkill@0: bt clock[0] (32k-fanout1)\r\n[    1.189226] sunxi-rfkill soc@3000000:rfkill@0: bt_rst gpio=210 assert=0\r\n[    1.197386] [ADDR_MGT] addr_mgt_probe: module version: v1.0.10\r\n[    1.205082] [ADDR_MGT] addr_mgt_probe: success.\r\n[    1.211037] sunxi-spinand: AW SPINand MTD Layer Version: 2.0 20201228\r\n[    1.218307] sunxi-spinand-phy: AW SPINand Phy Layer Version: 1.10 20200306\r\n[    1.226218] sunxi-spinand-phy: not detect any munufacture from id table\r\n[    1.233661] sunxi-spinand-phy: get spi-nand Model from fdt fail\r\n[    1.240281] sunxi-spinand-phy: get phy info from fdt fail\r\n[    1.246326] sunxi-spinand-phy: not detect munufacture from fdt\r\n[    1.253009] sunxi-spinand-phy: detect munufacture from id table: Winbond\r\n[    1.260503] sunxi-spinand-phy: detect spinand id: ff21aaef ffffffff\r\n[    1.267516] sunxi-spinand-phy: ========== arch info ==========\r\n[    1.274067] sunxi-spinand-phy: Model:               W25N01GVZEIG\r\n[    1.280764] sunxi-spinand-phy: Munufacture:         Winbond\r\n[    1.286997] sunxi-spinand-phy: DieCntPerChip:       1\r\n[    1.292677] sunxi-spinand-phy: BlkCntPerDie:        1024\r\n[    1.298597] sunxi-spinand-phy: PageCntPerBlk:       64\r\n[    1.304345] sunxi-spinand-phy: SectCntPerPage:      4\r\n[    1.309988] sunxi-spinand-phy: OobSizePerPage:      64\r\n[    1.315739] sunxi-spinand-phy: BadBlockFlag:        0x0\r\n[    1.321582] sunxi-spinand-phy: OperationOpt:        0x7\r\n[    1.327418] sunxi-spinand-phy: MaxEraseTimes:       65000\r\n[    1.333459] sunxi-spinand-phy: EccFlag:             0x0\r\n[    1.339281] sunxi-spinand-phy: EccType:             2\r\n[    1.344954] sunxi-spinand-phy: EccProtectedType:    3\r\n[    1.350584] sunxi-spinand-phy: ========================================\r\n[    1.358001] sunxi-spinand-phy:\r\n[    1.361523] sunxi-spinand-phy: ========== physical info ==========\r\n[    1.368410] sunxi-spinand-phy: TotalSize:    128 M\r\n[    1.373765] sunxi-spinand-phy: SectorSize:   512 B\r\n[    1.379117] sunxi-spinand-phy: PageSize:     2 K\r\n[    1.384285] sunxi-spinand-phy: BlockSize:    128 K\r\n[    1.389623] sunxi-spinand-phy: OOBSize:      64 B\r\n[    1.394908] sunxi-spinand-phy: ========================================\r\n[    1.402304] sunxi-spinand-phy:\r\n[    1.405800] sunxi-spinand-phy: ========== logical info ==========\r\n[    1.412636] sunxi-spinand-phy: TotalSize:    128 M\r\n[    1.417974] sunxi-spinand-phy: SectorSize:   512 B\r\n[    1.423333] sunxi-spinand-phy: PageSize:     4 K\r\n[    1.428492] sunxi-spinand-phy: BlockSize:    256 K\r\n[    1.433854] sunxi-spinand-phy: OOBSize:      128 B\r\n[    1.439191] sunxi-spinand-phy: ========================================\r\n[    1.446719] sunxi-spinand-phy: block lock register: 0x00\r\n[    1.452823] sunxi-spinand-phy: feature register: 0x19\r\n[    1.458459] sunxi-spinand-phy: sunxi physic nand init end\r\n[    1.465125] Creating 4 MTD partitions on \"sunxi_mtd_nand\":\r\n[    1.471253] 0x000000000000-0x000000100000 : \"boot0\"\r\n[    1.492561] 0x000000100000-0x000000500000 : \"uboot\"\r\n[    1.500983] random: fast init done\r\n[    1.522572] 0x000000500000-0x000000600000 : \"secure_storage\"\r\n[    1.542522] 0x000000600000-0x000008000000 : \"sys\"\r\n[    1.743072] libphy: Fixed MDIO Bus: probed\r\n[    1.747646] CAN device driver interface\r\n[    1.753096] sun8iw20-pinctrl 2000000.pinctrl: 2000000.pinctrl supply vcc-pe not found, using dummy regulator\r\n[    1.764399] sunxi gmac driver's version: 1.0.0\r\n[    1.769541] gmac-power0: NULL\r\n[    1.772895] gmac-power1: NULL\r\n[    1.776201] gmac-power2: NULL\r\n[    1.780617] Failed to alloc md5\r\n[    1.784251] eth0: Use random mac address\r\n[    1.788958] ehci_hcd: USB 2.0 'Enhanced' Host Controller (EHCI) Driver\r\n[    1.796329] sunxi-ehci: EHCI SUNXI driver\r\n[    1.801367] get ehci1-controller wakeup-source is fail.\r\n[    1.807390] sunxi ehci1-controller don't init wakeup source\r\n[    1.813686] [sunxi-ehci1]: probe, pdev->name: 4200000.ehci1-controller, sunxi_ehci: 0xffffffe000962758, 0x:ffffffd00407c000, irq_no:31\r\n[    1.827282] sunxi-ehci 4200000.ehci1-controller: 4200000.ehci1-controller supply drvvbus not found, using dummy regulator\r\n[    1.839865] sunxi-ehci 4200000.ehci1-controller: 4200000.ehci1-controller supply hci not found, using dummy regulator\r\n[    1.852110] sunxi-ehci 4200000.ehci1-controller: EHCI Host Controller\r\n[    1.859333] sunxi-ehci 4200000.ehci1-controller: new USB bus registered, assigned bus number 1\r\n[    1.869194] sunxi-ehci 4200000.ehci1-controller: irq 49, io mem 0x04200000\r\n[    1.901428] sunxi-ehci 4200000.ehci1-controller: USB 2.0 started, EHCI 1.00\r\n[    1.909214] sunxi-ehci 4200000.ehci1-controller: ehci_irq: highspeed device connect\r\n[    1.918694] hub 1-0:1.0: USB hub found\r\n[    1.923037] hub 1-0:1.0: 1 port detected\r\n[    1.928194] ohci_hcd: USB 1.1 'Open' Host Controller (OHCI) Driver\r\n[    1.935185] sunxi-ohci: OHCI SUNXI driver\r\n[    1.940208] get ohci1-controller wakeup-source is fail.\r\n[    1.946225] sunxi ohci1-controller don't init wakeup source\r\n[    1.952484] [sunxi-ohci1]: probe, pdev->name: 4200400.ohci1-controller, sunxi_ohci: 0xffffffe0009632b0\r\n[    1.962960] sunxi-ohci 4200400.ohci1-controller: 4200400.ohci1-controller supply drvvbus not found, using dummy regulator\r\n[    1.975506] sunxi-ohci 4200400.ohci1-controller: 4200400.ohci1-controller supply hci not found, using dummy regulator\r\n[    1.987706] sunxi-ohci 4200400.ohci1-controller: OHCI Host Controller\r\n[    1.995010] sunxi-ohci 4200400.ohci1-controller: new USB bus registered, assigned bus number 2\r\n[    2.004795] sunxi-ohci 4200400.ohci1-controller: irq 50, io mem 0x04200400\r\n[    2.086338] hub 2-0:1.0: USB hub found\r\n[    2.090582] hub 2-0:1.0: 1 port detected\r\n[    2.096049] usbcore: registered new interface driver uas\r\n[    2.102211] usbcore: registered new interface driver usb-storage\r\n[    2.109011] usbcore: registered new interface driver ums-alauda\r\n[    2.115759] usbcore: registered new interface driver ums-cypress\r\n[    2.122565] usbcore: registered new interface driver ums-datafab\r\n[    2.129360] usbcore: registered new interface driver ums_eneub6250\r\n[    2.136359] usbcore: registered new interface driver ums-freecom\r\n[    2.143375] usbcore: registered new interface driver ums-isd200\r\n[    2.150039] usbcore: registered new interface driver ums-jumpshot\r\n[    2.156949] usbcore: registered new interface driver ums-karma\r\n[    2.163619] usbcore: registered new interface driver ums-onetouch\r\n[    2.170490] usbcore: registered new interface driver ums-realtek\r\n[    2.177354] usbcore: registered new interface driver ums-sddr09\r\n[    2.184064] usbcore: registered new interface driver ums-sddr55\r\n[    2.190738] usbcore: registered new interface driver ums-usbat\r\n[    2.197971] sunxi_gpadc_init,2151, success\r\n[    2.204780] sunxi-rtc 7090000.rtc: registered as rtc0\r\n[    2.210528] sunxi-rtc 7090000.rtc: setting system clock to 1970-01-01T00:00:30 UTC (30)\r\n[    2.219600] sunxi-rtc 7090000.rtc: sunxi rtc probed\r\n[    2.225646] i2c /dev entries driver\r\n[    2.229663] IR NEC protocol handler initialized\r\n[    2.235157] sunxi-rc-recv 7040000.s_cir: sunxi_irrx_resource_get: get ir protocol failed\r\n[    2.244318] Registered IR keymap rc_map_sunxi\r\n[    2.249323] rc rc0: sunxi-ir as /devices/platform/soc@3000000/7040000.s_cir/rc/rc0\r\n[    2.258008] rc rc0: lirc_dev: driver sunxi-rc-recv registered at minor = 0, raw IR receiver, no transmitter\r\n[    2.269150] input: sunxi-ir as /devices/platform/soc@3000000/7040000.s_cir/rc/rc0/s_cir_rx\r\n[    2.279473] sunxi cedar version 1.1\r\n[    2.283695] sunxi-cedar 1c0e000.ve: Adding to iommu group 0\r\n[    2.289935] VE: install start!!!\r\n[    2.289935]\r\n[    2.295244] usb 1-1: new high-speed USB device number 2 using sunxi-ehci\r\n[    2.303019] VE: cedar-ve the get irq is 6\r\n[    2.303019]\r\n[    2.309361] VE: ve_debug_proc_info:(____ptrval____), data:(____ptrval____), lock:(____ptrval____)\r\n[    2.309361]\r\n[    2.321035] VE: install end!!!\r\n[    2.321035]\r\n[    2.326191] VE: sunxi_cedar_probe\r\n[    2.331600] sunxi-wdt 6011000.watchdog: Watchdog enabled (timeout=16 sec, nowayout=0)\r\n[    2.340747] Bluetooth: HCI UART driver ver 2.3\r\n[    2.345745] Bluetooth: HCI UART protocol H4 registered\r\n[    2.351544] Bluetooth: HCI UART protocol BCSP registered\r\n[    2.357483] Bluetooth: XRadio Bluetooth LPM Mode Driver Ver 1.0.10\r\n[    2.364797] [XR_BT_LPM] bluesleep_probe: bt_wake polarity: 1\r\n[    2.371140] sun8iw20-pinctrl 2000000.pinctrl: pin PG16 already requested by 7040000.s_cir; cannot claim for 2000000.pinctrl:208\r\n[    2.384029] sun8iw20-pinctrl 2000000.pinctrl: pin-208 (2000000.pinctrl:208) status -22\r\n[    2.392888] Bluetooth: can't request bt_wake gpio 208\r\n[    2.398542] sunxi-btlpm: probe of soc@3000000:btlpm@0 failed with error -22\r\n[    2.408282] sunxi-mmc 4021000.sdmmc: SD/MMC/SDIO Host Controller Driver(v4.21 2021-11-18 10:02)\r\n[    2.418288] sunxi-mmc 4021000.sdmmc: ***ctl-spec-caps*** 8\r\n[    2.424504] sunxi-mmc 4021000.sdmmc: No vmmc regulator found\r\n[    2.430816] sunxi-mmc 4021000.sdmmc: No vqmmc regulator found\r\n[    2.437291] sunxi-mmc 4021000.sdmmc: No vdmmc regulator found\r\n[    2.443723] sunxi-mmc 4021000.sdmmc: No vd33sw regulator found\r\n[    2.450243] sunxi-mmc 4021000.sdmmc: No vd18sw regulator found\r\n[    2.456772] sunxi-mmc 4021000.sdmmc: No vq33sw regulator found\r\n[    2.463298] sunxi-mmc 4021000.sdmmc: No vq18sw regulator found\r\n[    2.469840] sunxi-mmc 4021000.sdmmc: Cann't get pin bias hs pinstate,check if needed\r\n[    2.479566] sunxi-mmc 4021000.sdmmc: sdc set ios:clk 0Hz bm PP pm UP vdd 21 width 1 timing LEGACY(SDR12) dt B\r\n[    2.490753] sunxi-mmc 4021000.sdmmc: no vqmmc,Check if there is regulator\r\n[    2.510942] sunxi-mmc 4021000.sdmmc: sdc set ios:clk 400000Hz bm PP pm ON vdd 21 width 1 timing LEGACY(SDR12) dt B\r\n[    2.524179] hub 1-1:1.0: USB hub found\r\n[    2.528572] hub 1-1:1.0: 4 ports detected\r\n[    2.533109] sunxi-mmc 4021000.sdmmc: detmode:manually by software\r\n[    2.540866] sunxi_led_probe()1749 - start\r\n[    2.545491] sunxi_get_str_of_property()1595 - failed to get the string of propname led_regulator!\r\n[    2.555432] sunxi-mmc 4021000.sdmmc: smc 0 p1 err, cmd 52, RTO !!\r\n[    2.562554] sunxi_register_led_classdev()1483 - led_classdev start\r\n[    2.569480] sunxi-mmc 4021000.sdmmc: smc 0 p1 err, cmd 52, RTO !!\r\n[    2.576398] sunxi-mmc 4021000.sdmmc: sdc set ios:clk 400000Hz bm PP pm ON vdd 21 width 1 timing LEGACY(SDR12) dt B\r\n[    2.593363] sunxi_led_probe()1845 - finish\r\n[    2.598533] usbcore: registered new interface driver usbhid\r\n[    2.604992] usbhid: USB HID core driver\r\n[    2.609434] rpmsg_client_dsp_standby 3003000.msgbox.sunxi,dsp-power-msgbox.512.256: new channel: 0x200 -> 0x100!\r\n[    2.622204] sunxi-mmc 4021000.sdmmc: sdc set ios:clk 400000Hz bm PP pm ON vdd 21 width 1 timing LEGACY(SDR12) dt B\r\n[    2.634488] usbcore: registered new interface driver snd-usb-audio\r\n[    2.644070] sun8iw20-pinctrl 2000000.pinctrl: 2000000.pinctrl supply vcc-pd not found, using dummy regulator\r\n[    2.656477] sunxi-daudio 2034000.daudio: regulator missing or invalid\r\n[    2.664559] sunxi-mmc 4021000.sdmmc: smc 0 p1 err, cmd 5, RTO !!\r\n[    2.671385] [AUDIOCODEC][sunxi_codec_parse_params][2412]:digital_vol:0, lineout_vol:26, mic1gain:19, mic2gain:19 pa_msleep:120, pa_level:1, pa_pwr_level:1\r\n[    2.671385]\r\n[    2.688504] sunxi-mmc 4021000.sdmmc: smc 0 p1 err, cmd 5, RTO !!\r\n[    2.695393] [AUDIOCODEC][sunxi_codec_parse_params][2448]:adcdrc_cfg:0, adchpf_cfg:1, dacdrc_cfg:0, dachpf:0\r\n[    2.706350] sunxi-mmc 4021000.sdmmc: smc 0 p1 err, cmd 5, RTO !!\r\n[    2.713717] [AUDIOCODEC][sunxi_internal_codec_probe][2609]:codec probe finished\r\n[    2.721890] sunxi-mmc 4021000.sdmmc: smc 0 p1 err, cmd 5, RTO !!\r\n[    2.728694] sunxi-mmc 4021000.sdmmc: sdc set ios:clk 0Hz bm PP pm OFF vdd 0 width 1 timing LEGACY(SDR12) dt B\r\n[    2.741249] sid_rd_ver_reg()254 - ver >= 4, soc ver:5\r\n[    2.746977] debugfs: Directory '203034c.dummy_cpudai' with parent 'audiocodec' already present!\r\n[    2.756938] [SNDCODEC][sunxi_card_init][583]:card init finished\r\n[    2.765931] sunxi-codec-machine 2030340.sound: 2030000.codec <-> 203034c.dummy_cpudai mapping ok\r\n[    2.777205] input: audiocodec sunxi Audio Jack as /devices/platform/soc@3000000/2030340.sound/sound/card0/input2\r\n[    2.789234] [SNDCODEC][sunxi_card_dev_probe][836]:register card finished\r\n[    2.802122] sunxi-rpaf-dsp soc@3000000:rpaf-dsp@203034c: register device finished!\r\n[    2.810599] sunxi-rpaf-dsp soc@3000000:rpaf-dsp@203034c: [rpaf_dsp0] probe finished!\r\n[    2.819677] rpmsg_hifi 3003000.msgbox.sunxi,dsp-msgbox.514.258: id:sunxi,dsp-msgbox new channel: 0x202 -> 0x102!\r\n[    2.831257] rpmsg_hifi 3003000.msgbox.sunxi,dsp-msgbox.514.258: rpmsg hifi[0] client driver is probed\r\n[    2.843180] NET: Registered protocol family 10\r\n[    2.849520] Segment Routing with IPv6\r\n[    2.853873] sit: IPv6, IPv4 and MPLS over IPv4 tunneling driver\r\n[    2.861252] NET: Registered protocol family 17\r\n[    2.866346] can: controller area network core (rev 20170425 abi 9)\r\n[    2.873401] NET: Registered protocol family 29\r\n[    2.878391] can: raw protocol (rev 20170425)\r\n[    2.883188] can: broadcast manager protocol (rev 20170425 t)\r\n[    2.889508] can: netlink gateway (rev 20190810) max_hops=1\r\n[    2.895974] Bluetooth: RFCOMM TTY layer initialized\r\n[    2.901519] Bluetooth: RFCOMM socket layer initialized\r\n[    2.907271] Bluetooth: RFCOMM ver 1.11\r\n[    2.912552] Loading compiled-in X.509 certificates\r\n[    2.920095] HDMI 2.0 driver init start!\r\n[    2.924456] boot_hdmi=false\r\n[    2.927632] ERROR: pinctrl_get for HDMI2.0 DDC fail\r\n[    2.934692] HDMI2.0 module init end\r\n[    2.964447] sunxi-i2c sunxi-i2c2: sunxi-i2c2 supply twi not found, using dummy regulator\r\n[    2.980494] input: fts_ts as /devices/platform/soc@3000000/sunxi-i2c2/i2c-2/2-0038/input/input3\r\n[    3.011652] fts_ts 2-0038: 2-0038 supply  not found, using dummy regulator\r\n[    3.019617] fts_ts 2-0038: 2-0038 supply  not found, using dummy regulator\r\n[    3.027395] debugfs: Directory '2-0038-' with parent 'reg-dummy-regulator-dummy' already present!\r\n[    3.891683] sunxi-i2c sunxi-i2c2: probe success\r\n[    3.900910] debugfs: Directory '2031000.dmic' with parent 'snddmic' already present!\r\n[    3.911126] sunxi-audio-card 2031060.sounddmic: dmic-hifi <-> 2031000.dmic mapping ok\r\n[    3.921115] get ehci0-controller wakeup-source is fail.\r\n[    3.927122] sunxi ehci0-controller don't init wakeup source\r\n[    3.933378] [sunxi-ehci0]: probe, pdev->name: 4101000.ehci0-controller, sunxi_ehci: 0xffffffe000962390, 0x:ffffffd004bca000, irq_no:2e\r\n[    3.946933] [sunxi-ehci0]: Not init ehci0\r\n[    3.951881] get ohci0-controller wakeup-source is fail.\r\n[    3.957846] sunxi ohci0-controller don't init wakeup source\r\n[    3.964123] [sunxi-ohci0]: probe, pdev->name: 4101400.ohci0-controller, sunxi_ohci: 0xffffffe000962ee8\r\n[    3.974563] [sunxi-ohci0]: Not init ohci0\r\n[    3.979454] ubi0: attaching mtd3\r\n[    4.315189] random: crng init done\r\n[    4.376484] ubi0: scanning is finished\r\n[    4.391534] ubi0 warning: ubi_eba_init: cannot reserve enough PEBs for bad PEB handling, reserved 16, need 20\r\n[    4.405277] ubi0: attached mtd3 (name \"sys\", size 122 MiB)\r\n[    4.411440] ubi0: PEB size: 262144 bytes (256 KiB), LEB size: 258048 bytes\r\n[    4.419131] ubi0: min./max. I/O unit sizes: 4096/4096, sub-page size 2048\r\n[    4.426744] ubi0: VID header offset: 2048 (aligned 2048), data offset: 4096\r\n[    4.434564] ubi0: good PEBs: 488, bad PEBs: 0, corrupted PEBs: 0\r\n[    4.441262] ubi0: user volume: 10, internal volumes: 1, max. volumes count: 128\r\n[    4.449470] ubi0: max/mean erase counter: 2/1, WL threshold: 4096, image sequence number: 0\r\n[    4.458809] ubi0: available PEBs: 0, total reserved PEBs: 488, PEBs reserved for bad PEB handling: 16\r\n[    4.469166] ubi0: background thread \"ubi_bgt0d\" started, PID 70\r\n[    4.477739] block ubiblock0_5: created from ubi0:5(rootfs)\r\n[    4.485779] cfg80211: Loading compiled-in X.509 certificates for regulatory database\r\n[    4.496626] cfg80211: Loaded X.509 cert 'sforshee: 00b28ddf47aef9cea7'\r\n[    4.504289] platform regulatory.0: Direct firmware load for regulatory.db failed with error -2\r\n[    4.513968] clk: Not disabling unused clocks\r\n[    4.518761] ALSA device list:\r\n[    4.522198] cfg80211: failed to load regulatory.db\r\n[    4.527610]   #0: audiocodec\r\n[    4.530819]   #1: snddmic\r\n[    4.533809] alloc_fd: slot 0 not NULL!\r\n[    4.542002] VFS: Mounted root (squashfs filesystem) readonly on device 254:0.\r\n[    4.553578] devtmpfs: mounted\r\n[    4.557055] Freeing unused kernel memory: 184K\r\n[    4.562093] This architecture does not have kernel memory protection.\r\n[    4.569303] Run /sbin/init as init process\r\n[    5.370780] init: Console is alive\r\n[    5.374983] init: - watchdog -\r\n[    5.378526] init: - preinit -\r\n/dev/by-name/UDISK already format by ubifs\r\n/dev/by-name/rootfs_data already format by ubifs\r\n[    6.758409] mount_root: loading kmods from internal overlay\r\n[    6.841487] hdmi_hpd_sys_config_release\r\n[    7.009948] block: attempting to load /etc/config/fstab\r\n[    7.038610] UBIFS (ubi0:9): Mounting in unauthenticated mode\r\n[    7.045754] UBIFS (ubi0:9): background thread \"ubifs_bgt0_9\" started, PID 117\r\n[    7.154127] UBIFS (ubi0:9): recovery needed\r\n[    7.479844] UBIFS (ubi0:9): recovery completed\r\n[    7.485486] UBIFS (ubi0:9): UBIFS: mounted UBI device 0, volume 9, name \"UDISK\"\r\n[    7.493727] UBIFS (ubi0:9): LEB size: 258048 bytes (252 KiB), min./max. I/O unit sizes: 4096 bytes/4096 bytes\r\n[    7.504816] UBIFS (ubi0:9): FS size: 53673984 bytes (51 MiB, 208 LEBs), journal size 7741440 bytes (7 MiB, 30 LEBs)\r\n[    7.516513] UBIFS (ubi0:9): reserved for root: 0 bytes (0 KiB)\r\n[    7.523047] UBIFS (ubi0:9): media format: w4/r0 (latest is w5/r0), UUID 0F597857-8DF5-4158-BE5D-801B4C610776, small LPT model\r\n[    7.539986] block: extroot: UUID match (root: 14aa15db-35e00f98-1674d058-b2b76b5f, overlay: 14aa15db-35e00f98-1674d058-b2b76b5f)\r\n[    7.562791] mount_root: switched to extroot\r\n[    7.583915] procd: - early -\r\n[    7.587268] procd: - watchdog -\r\n[    7.997894] procd: - watchdog -\r\n[    8.006061] procd: - ubus -\r\n[    8.009817] procd (1): /proc/129/oom_adj is deprecated, please use /proc/129/oom_score_adj instead.\r\n[    8.121473]\r\n[    8.121473] insmod_device_driver\r\n[    8.121473]\r\n[    8.128627] sunxi_usb_udc 4100000.udc-controller: 4100000.udc-controller supply udc not found, using dummy regulator\r\n[    8.349149] procd: - init -\r\nPlease press Enter to activate this console.\r\n[    9.439106] fuse: init (API version 7.31)\r\n[    9.826674] file system registered\r\n[    9.879003] configfs-gadget 4100000.udc-controller: failed to start g1: -19\r\n[    9.887270] usbcore: registered new interface driver uvcvideo\r\n[    9.922012] USB Video Class driver (1.1.1)\r\n[   10.423167] read descriptors\r\n[   10.426390] read strings\r\n[   10.584473] sunxi_set_cur_vol_work()397 WARN: get power supply failed\r\n[   10.671029] android_work: sent uevent USB_STATE=CONNECTED\r\n[   10.766175] configfs-gadget gadget: high-speed config #1: c\r\n[   10.772571] android_work: sent uevent USB_STATE=CONFIGURED\r\n[   12.844108] ======== XRADIO WIFI OPEN ========\r\n[   12.851119] [XRADIO] Driver Label:XR_V02.16.85_P2P_HT40_01.31\r\n[   12.860289] [XRADIO] Allocated hw_priv @ 000000007a83d074\r\n[   12.871331] sunxi-rfkill soc@3000000:rfkill@0: bus_index: 1\r\n[   12.888887] sunxi-rfkill soc@3000000:rfkill@0: wlan power on success\r\n[   13.173539] sunxi-mmc 4021000.sdmmc: sdc set ios:clk 0Hz bm PP pm UP vdd 21 width 1 timing LEGACY(SDR12) dt B\r\n[   13.187145] [XRADIO] Detect SDIO card 1\r\n[   13.201571] sunxi-mmc 4021000.sdmmc: no vqmmc,Check if there is regulator\r\n[   13.221477] sunxi-mmc 4021000.sdmmc: sdc set ios:clk 400000Hz bm PP pm ON vdd 21 width 1 timing LEGACY(SDR12) dt B\r\n[   13.255919] sunxi-mmc 4021000.sdmmc: sdc set ios:clk 400000Hz bm PP pm ON vdd 21 width 1 timing LEGACY(SDR12) dt B\r\n[   13.272892] sunxi-mmc 4021000.sdmmc: sdc set ios:clk 400000Hz bm PP pm ON vdd 21 width 1 timing LEGACY(SDR12) dt B\r\n[   13.298467] sunxi-mmc 4021000.sdmmc: sdc set ios:clk 400000Hz bm PP pm ON vdd 21 width 1 timing SD-HS(SDR25) dt B\r\n[   13.311930] sunxi-mmc 4021000.sdmmc: sdc set ios:clk 50000000Hz bm PP pm ON vdd 21 width 1 timing SD-HS(SDR25) dt B\r\n[   13.326945] sunxi-mmc 4021000.sdmmc: sdc set ios:clk 50000000Hz bm PP pm ON vdd 21 width 4 timing SD-HS(SDR25) dt B\r\n[   13.346029] mmc0: new high speed SDIO card at address 0001\r\n[   13.362238] [SBUS] XRadio Device:sdio clk=50000000\r\n[   13.381556] [XRADIO] XRADIO_HW_REV 1.0 detected.\r\n[   13.551992] [XRADIO] xradio_update_dpllctrl: DPLL_CTRL Sync=0x01400000.\r\n[   13.617937] [XRADIO] Bootloader complete\r\n[   13.786129] [XRADIO] Firmware completed.\r\n[   13.802911] [WSM] Firmware Label:XR_C09.08.52.64_DBG_02.100 2GHZ HT40 Jan  3 2020 13:14:37\r\n[   13.831494] [XRADIO] Firmware Startup Done.\r\n[   13.841858] [XRADIO_WRN] enable Multi-Rx!\r\n[   13.861130] ieee80211 phy0: Selected rate control algorithm 'minstrel_ht'\r\n[   13.914550] xt_time: kernel timezone is -0000\r\n[   13.951748] Error: Driver 'gt9xxnew_ts' is already registered, aborting...\r\nkmodloader done\r\n[   14.686044] ieee80211_do_open: vif_type=2, p2p=0, ch=3, addr=00:65:d8:1d:b6:8e\r\n[   14.708778] [STA] !!!xradio_vif_setup: id=0, type=2, p2p=0, addr=00:65:d8:1d:b6:8e\r\n[   14.748395] [AP_WRN] BSS_CHANGED_ASSOC but driver is unjoined.\r\n[   17.154364] libphy: 4500000.eth: probed\r\n[   17.158681] sunxi-gmac 4500000.eth eth0: No PHY found!\r\n[   17.324357] libphy: 4500000.eth: probed\r\n[   17.328675] sunxi-gmac 4500000.eth eth0: No PHY found!\r\n[   17.421824] sunxi-gmac 4500000.eth eth0: phy init failed\r\n[   17.465400] br-lan: port 1(eth0) entered blocking state\r\n[   17.471231] br-lan: port 1(eth0) entered disabled state\r\n[   17.595308] device eth0 entered promiscuous mode\r\nTrying to connect to SWUpdate...\r\n[   18.021806] [SNDCODEC][sunxi_card_hw_params][620]:stream_flag: 0\r\n\r\nBusyBox v1.27.2 () built-in shell (ash)\r\n\r\n _____  _              __     _\r\n|_   _||_| ___  _ _   |  |   |_| ___  _ _  _ _\r\n  | |   _ |   ||   |  |  |__ | ||   || | ||_'_|\r\n  | |  | || | || _ |  |_____||_||_|_||___||_,_|\r\n  |_|  |_||_|_||_|_|  Tina is Based on OpenWrt!\r\n ----------------------------------------------\r\n Tina Linux (Neptune, 61CC0487)\r\n ----------------------------------------------\r\nroot@TinaLinux:/# \n"})}),"\n",(0,i.jsxs)(r.p,{children:[(0,i.jsx)(r.strong,{children:"\u7cfb\u7edf\u9ed8\u8ba4\u4f1a\u81ea\u5df1\u767b\u5f55 \u6ca1\u6709\u7528\u6237\u540d \u6ca1\u6709\u5bc6\u7801\u3002"}),"\r\n",(0,i.jsx)(r.strong,{children:"\u7cfb\u7edf\u9ed8\u8ba4\u4f1a\u81ea\u5df1\u767b\u5f55 \u6ca1\u6709\u7528\u6237\u540d \u6ca1\u6709\u5bc6\u7801\u3002"}),"\r\n",(0,i.jsx)(r.strong,{children:"\u7cfb\u7edf\u9ed8\u8ba4\u4f1a\u81ea\u5df1\u767b\u5f55 \u6ca1\u6709\u7528\u6237\u540d \u6ca1\u6709\u5bc6\u7801\u3002"})]})]})}function u(n={}){const{wrapper:r}={...(0,s.a)(),...n.components};return r?(0,i.jsx)(r,{...n,children:(0,i.jsx)(l,{...n})}):l(n)}},36011:(n,r,e)=>{e.d(r,{Z:()=>i});const i=e.p+"assets/images/image-20240628105654828-8cacc8250f5c74502bc87745d9b397a6.png"},11151:(n,r,e)=>{e.d(r,{Z:()=>d,a:()=>o});var i=e(67294);const s={},t=i.createContext(s);function o(n){const r=i.useContext(t);return i.useMemo((function(){return"function"==typeof n?n(r):{...r,...n}}),[r,n])}function d(n){let r;return r=n.disableParentContext?"function"==typeof n.components?n.components(s):n.components||s:o(n.components),i.createElement(t.Provider,{value:r},n.children)}}}]);