"use strict";(self.webpackChunkmy_website=self.webpackChunkmy_website||[]).push([[1734],{99134:(n,e,r)=>{r.r(e),r.d(e,{assets:()=>o,contentTitle:()=>d,default:()=>m,frontMatter:()=>t,metadata:()=>c,toc:()=>a});var i=r(85893),s=r(11151);const t={sidebar_position:2},d="\u5feb\u901f\u5f00\u59cb\u4f7f\u7528",c={id:"T113s3-Industrial/part1/03-1_FlashSystem",title:"\u5feb\u901f\u5f00\u59cb\u4f7f\u7528",description:"\u70e7\u5199\u56fa\u4ef6\u81f3SPINand",source:"@site/docs/T113s3-Industrial/part1/03-1_FlashSystem.md",sourceDirName:"T113s3-Industrial/part1",slug:"/T113s3-Industrial/part1/03-1_FlashSystem",permalink:"/docs/T113s3-Industrial/part1/03-1_FlashSystem",draft:!1,unlisted:!1,editUrl:"https://github.com/100askTeam/linuxboard-docs/tree/main/docs/T113s3-Industrial/part1/03-1_FlashSystem.md",tags:[],version:"current",sidebarPosition:2,frontMatter:{sidebar_position:2},sidebar:"t113s3Sidebar",previous:{title:"\u542f\u52a8\u5f00\u53d1\u677f",permalink:"/docs/T113s3-Industrial/part1/QuickStart"},next:{title:"\u5e38\u89c1\u95ee\u9898",permalink:"/docs/T113s3-Industrial/part1/03-2_SomeQustion"}},o={},a=[{value:"\u70e7\u5199\u56fa\u4ef6\u81f3SPINand",id:"\u70e7\u5199\u56fa\u4ef6\u81f3spinand",level:2},{value:"\u51c6\u5907\u5de5\u4f5c",id:"\u51c6\u5907\u5de5\u4f5c",level:3},{value:"\u8fde\u63a5\u5f00\u53d1\u677f",id:"\u8fde\u63a5\u5f00\u53d1\u677f",level:3},{value:"\u5b89\u88c5usb\u9a71\u52a8",id:"\u5b89\u88c5usb\u9a71\u52a8",level:3},{value:"\u8fd0\u884c\u8f6f\u4ef6\u70e7\u5199",id:"\u8fd0\u884c\u8f6f\u4ef6\u70e7\u5199",level:3},{value:"\u542f\u52a8\u7cfb\u7edf",id:"\u542f\u52a8\u7cfb\u7edf",level:3},{value:"\u70e7\u5199\u56fa\u4ef6\u81f3TF\u5361",id:"\u70e7\u5199\u56fa\u4ef6\u81f3tf\u5361",level:2},{value:"\u51c6\u5907\u5de5\u4f5c",id:"\u51c6\u5907\u5de5\u4f5c-1",level:3},{value:"\u8fd0\u884c\u70e7\u5199\u8f6f\u4ef6\u70e7\u5199",id:"\u8fd0\u884c\u70e7\u5199\u8f6f\u4ef6\u70e7\u5199",level:3},{value:"\u542f\u52a8\u7cfb\u7edf",id:"\u542f\u52a8\u7cfb\u7edf-1",level:3}];function l(n){const e={a:"a",code:"code",h1:"h1",h2:"h2",h3:"h3",img:"img",li:"li",p:"p",pre:"pre",strong:"strong",ul:"ul",...(0,s.a)(),...n.components};return(0,i.jsxs)(i.Fragment,{children:[(0,i.jsx)(e.h1,{id:"\u5feb\u901f\u5f00\u59cb\u4f7f\u7528",children:"\u5feb\u901f\u5f00\u59cb\u4f7f\u7528"}),"\n",(0,i.jsx)(e.h2,{id:"\u70e7\u5199\u56fa\u4ef6\u81f3spinand",children:"\u70e7\u5199\u56fa\u4ef6\u81f3SPINand"}),"\n",(0,i.jsx)(e.h3,{id:"\u51c6\u5907\u5de5\u4f5c",children:"\u51c6\u5907\u5de5\u4f5c"}),"\n",(0,i.jsxs)(e.ul,{children:["\n",(0,i.jsx)(e.li,{children:"\u786c\u4ef6\uff1aT113s3-Industrial-DevKit\u4e3b\u677f x1"}),"\n",(0,i.jsx)(e.li,{children:"\u786c\u4ef6\uff1aTypeC\u7ebf X2"}),"\n",(0,i.jsxs)(e.li,{children:["\u8f6f\u4ef6\uff1a\u5168\u5fd7\u7ebf\u5237\u5de5\u5177\uff1a",(0,i.jsx)(e.a,{href:"https://gitlab.com/dongshanpi/tools/-/raw/main/AllwinnertechPhoeniSuit.zip",children:"AllwinnertechPhoeniSuit"})]}),"\n",(0,i.jsx)(e.li,{children:"\u8f6f\u4ef6\uff1aSPI Nand\u7cfb\u7edf\u955c\u50cf"}),"\n",(0,i.jsxs)(e.li,{children:["\u8f6f\u4ef6\uff1a\u5168\u5fd7USB\u70e7\u5f55\u9a71\u52a8\uff1a",(0,i.jsx)(e.a,{href:"https://gitlab.com/dongshanpi/tools/-/raw/main/AllwinnerUSBFlashDeviceDriver.zip",children:"AllwinnerUSBFlashDeviceDriver"})]}),"\n"]}),"\n",(0,i.jsx)(e.h3,{id:"\u8fde\u63a5\u5f00\u53d1\u677f",children:"\u8fde\u63a5\u5f00\u53d1\u677f"}),"\n",(0,i.jsx)(e.p,{children:"\u53c2\u8003\u4e0b\u56fe\u6240\u793a\uff1a"}),"\n",(0,i.jsx)(e.p,{children:(0,i.jsx)(e.img,{alt:"image-20240709112823756",src:r(29195).Z+"",width:"825",height:"602"})}),"\n",(0,i.jsxs)(e.p,{children:["\u5c06\u4e24\u4e2aTypeC\u7ebf\u5206\u522b\u8fde\u81f3 T113s3-Industrial-DevKit \u5f00\u53d1\u677f ",(0,i.jsx)(e.code,{children:"OTG\u70e7\u5f55\u63a5\u53e3 "}),",",(0,i.jsx)(e.code,{children:"\u8c03\u8bd5&\u4e32\u53e3\u63a5\u53e3"})," Typec\u7ebf\u53e6\u4e00\u7aef \u8fde\u63a5\u81f3 \u7535\u8111USB\u63a5\u53e3\u3002"]}),"\n",(0,i.jsxs)(e.p,{children:["\u8fde\u63a5\u6210\u529f\u540e\uff0c\u53ef\u4ee5\u5148\u83b7\u53d6\u8f6f\u4ef6 ",(0,i.jsx)(e.code,{children:"\u5168\u5fd7\u7ebf\u5237\u5de5\u5177"})," ",(0,i.jsx)(e.code,{children:"SPI Nand\u7cfb\u7edf\u955c\u50cf"})," ",(0,i.jsx)(e.code,{children:"\u5168\u5fd7USB\u70e7\u5f55\u9a71\u52a8"}),"\u5b89\u88c5\u5305 \u8fdb\u884c\u89e3\u538b\u7f29\u64cd\u4f5c\u3002"]}),"\n",(0,i.jsx)(e.h3,{id:"\u5b89\u88c5usb\u9a71\u52a8",children:"\u5b89\u88c5usb\u9a71\u52a8"}),"\n",(0,i.jsxs)(e.p,{children:["\u5728\u6211\u4eec\u8fde\u63a5\u597d\u5f00\u53d1\u677f\u4ee5\u540e\uff0c\u5148\u6309\u4f4f T113s3-Industrial-DevKit \u5f00\u53d1\u677f ",(0,i.jsx)(e.code,{children:"\u70e7\u5f55\u9ed8\u8ba4"})," \u4e5f\u79f0\u4e3a",(0,i.jsx)(e.strong,{children:"FEL"})," \u70e7\u5199\u6a21\u5f0f\u6309\u952e\uff0c\u4e4b\u540e\u6309\u4e00\u4e0b ",(0,i.jsx)(e.code,{children:"\u7cfb\u7edf\u590d\u4f4d\u6309\u952e"}),"\u4e5f\u79f0 ",(0,i.jsx)(e.strong,{children:"RESET"})," \u590d\u4f4d\u952e\uff0c\u5c31\u53ef\u4ee5\u81ea\u52a8\u8fdb\u5165\u70e7\u5199\u6a21\u5f0f\u3002"]}),"\n",(0,i.jsxs)(e.p,{children:["\u8fd9\u65f6\u6211\u4eec\u53ef\u4ee5\u770b\u5230\u7535\u8111\u8bbe\u5907\u7ba1\u7406\u5668  ",(0,i.jsx)(e.strong,{children:"\u901a\u7528\u4e32\u884c\u603b\u7ebf\u63a7\u5236\u5668"})," \u90e8\u5206\u5f39\u51fa\u4e00\u4e2a  \u672a\u77e5\u8bbe\u5907 \uff0c\u8fd9\u4e2a\u65f6\u5019\u6211\u4eec\u5c31\u9700\u8981\u628a\u6211\u4eec\u63d0\u524d\u4e0b\u8f7d\u597d\u7684 ",(0,i.jsx)(e.strong,{children:"\u5168\u5fd7USB\u70e7\u5f55\u9a71\u52a8"})," \u8fdb\u884c\u4fee\u6539\uff0c\u7136\u540e\u5c06\u89e3\u538b\u7f29\u8fc7\u7684 ",(0,i.jsx)(e.strong,{children:"\u5168\u5fd7USB\u70e7\u5f55\u9a71\u52a8"}),"  \u538b\u7f29\u5305\uff0c\u89e3\u538b\u7f29\uff0c\u53ef\u4ee5\u770b\u5230\u91cc\u9762\u6709\u8fd9\u4e48\u51e0\u4e2a\u6587\u4ef6\u3002"]}),"\n",(0,i.jsx)(e.pre,{children:(0,i.jsx)(e.code,{className:"language-bash",children:"InstallUSBDrv.exe\r\ndrvinstaller_IA64.exe\r\ndrvinstaller_X86.exe\r\nUsbDriver/          \r\ndrvinstaller_X64.exe   \r\ninstall.bat\n"})}),"\n",(0,i.jsxs)(e.p,{children:["\u5bf9\u4e8ewind7\u7cfb\u7edf\u7684\u540c\u5b66\uff0c\u53ea\u9700\u8981\u4ee5\u7ba1\u7406\u5458 \u6253\u5f00   ",(0,i.jsx)(e.code,{children:"install.bat"})," \u811a\u672c\uff0c\u7b49\u5f85\u5b89\u88c5\uff0c\u5728\u5f39\u51fa\u7684 \u662f\u5426\u5b89\u88c5\u9a71\u52a8\u7684\u5bf9\u8bdd\u6846\u91cc\u9762\uff0c\u70b9\u51fb\u5b89\u88c5\u5373\u53ef\u3002"]}),"\n",(0,i.jsx)(e.p,{children:"\u5bf9\u4e8ewind10/wind11\u7cfb\u7edf\u7684\u540c\u5b66\uff0c\u9700\u8981\u5728\u8bbe\u5907\u7ba1\u7406\u5668\u91cc\u9762\u8fdb\u884c\u624b\u52a8\u5b89\u88c5\u9a71\u52a8\u3002"}),"\n",(0,i.jsx)(e.p,{children:"\u5982\u4e0b\u56fe\u6240\u793a\uff0c\u5728\u7b2c\u4e00\u6b21\u63d2\u5165OTG\u8bbe\u5907\uff0c\u8fdb\u5165\u70e7\u5199\u6a21\u5f0f\u8bbe\u5907\u7ba1\u7406\u5668\u4f1a\u5f39\u51fa\u4e00\u4e2a\u672a\u77e5\u8bbe\u5907\u3002"}),"\n",(0,i.jsx)(e.p,{children:(0,i.jsx)(e.img,{alt:"Windows_FlashDevice_001",src:r(52367).Z+"",width:"966",height:"715"})}),"\n",(0,i.jsx)(e.p,{children:"\u63a5\u4e0b\u6765\u9f20\u6807\u53f3\u952e\u70b9\u51fb\u8fd9\u4e2a\u672a\u77e5\u8bbe\u5907\uff0c\u5728\u5f39\u51fa\u7684\u5bf9\u8bdd\u6846\u91cc\uff0c \u70b9\u51fb\u6d4f\u89c8\u6211\u8ba1\u7b97\u673a\u4ee5\u67e5\u627e\u9a71\u52a8\u7a0b\u5e8f\u8f6f\u4ef6\u3002"}),"\n",(0,i.jsx)(e.p,{children:(0,i.jsx)(e.img,{alt:"Windows_FlashDevice_001",src:r(66263).Z+"",width:"767",height:"591"})}),"\n",(0,i.jsxs)(e.p,{children:["\u4e4b\u540e\u5728\u5f39\u51fa\u65b0\u7684\u5bf9\u8bdd\u6846\u91cc\uff0c\u70b9\u51fb\u6d4f\u89c8\u627e\u5230\u6211\u4eec\u4e4b\u524d\u4e0b\u8f7d\u597d\u7684 usb\u70e7\u5f55\u9a71\u52a8\u6587\u4ef6\u5939\u5185\uff0c\u627e\u5230 ",(0,i.jsx)(e.code,{children:"UsbDriver/"})," \u8fd9\u4e2a\u76ee\u5f55\uff0c\u5e76\u8fdb\u5165\uff0c\u4e4b\u540e\u70b9\u51fb\u786e\u5b9a\u5373\u53ef\u3002"]}),"\n",(0,i.jsx)(e.p,{children:(0,i.jsx)(e.img,{alt:"Windows_FlashDevice_001",src:r(70587).Z+"",width:"767",height:"591"})}),"\n",(0,i.jsxs)(e.p,{children:["\u6ce8\u610f\u8fdb\u5165\u5230  ",(0,i.jsx)(e.code,{children:"UsbDriver/"}),"  \u6587\u4ef6\u5939\uff0c\u7136\u540e\u70b9\u51fb\u786e\u5b9a\uff0c\u5982\u4e0b\u56fe\u6240\u793a\u3002"]}),"\n",(0,i.jsx)(e.p,{children:(0,i.jsx)(e.img,{alt:"Windows_FlashDevice_001",src:r(98994).Z+"",width:"598",height:"640"})}),"\n",(0,i.jsxs)(e.p,{children:["\u6b64\u65f6\uff0c\u6211\u4eec\u7ee7\u7eed\u70b9\u51fb ",(0,i.jsx)(e.strong,{children:"\u4e0b\u4e00\u9875"})," \u6309\u94ae\uff0c\u8fd9\u65f6\u7cfb\u7edf\u5c31\u4f1a\u63d0\u793a\u5b89\u88c5\u4e00\u4e2a\u9a71\u52a8\u7a0b\u5e8f\u3002"]}),"\n",(0,i.jsx)(e.p,{children:"\u5728\u5f39\u51fa\u7684\u5bf9\u8bdd\u6846\u91cc\uff0c\u6211\u4eec\u70b9\u51fb \u59cb\u7ec8\u5b89\u88c5\u6b64\u9a71\u52a8\u7a0b\u5e8f\u8f6f\u4ef6 \u7b49\u5f85\u5b89\u88c5\u5b8c\u6210\u3002"}),"\n",(0,i.jsx)(e.p,{children:(0,i.jsx)(e.img,{alt:"Windows_FlashDevice_001",src:r(14291).Z+"",width:"627",height:"333"})}),"\n",(0,i.jsx)(e.p,{children:"\u5b89\u88c5\u5b8c\u6210\u540e\uff0c\u4f1a\u63d0\u793a\uff0cWindows\u5df2\u6210\u529f\u66f4\u65b0\u4f60\u7684\u9a71\u52a8\u7a0b\u5e8f\u3002"}),"\n",(0,i.jsx)(e.p,{children:(0,i.jsx)(e.img,{alt:"Windows_FlashDevice_001",src:r(26871).Z+"",width:"767",height:"617"})}),"\n",(0,i.jsxs)(e.p,{children:["\u6700\u540e\u6211\u4eec\u53ef\u4ee5\u770b\u5230\uff0c\u8bbe\u5907\u7ba1\u7406\u5668 \u91cc\u9762\u7684\u672a\u77e5\u8bbe\u5907 \u53d8\u6210\u4e86\u4e00\u4e2a ",(0,i.jsx)(e.code,{children:"USB Device(VID_1f3a_efe8)"}),"\u7684\u8bbe\u5907\uff0c\u8fd9\u65f6\u5c31\u8868\u660e\u8bbe\u5907\u9a71\u52a8\u5df2\u7ecf\u5b89\u88c5\u6210\u529f\u3002"]}),"\n",(0,i.jsx)(e.p,{children:(0,i.jsx)(e.img,{alt:"Windows_FlashDevice_001",src:r(23829).Z+"",width:"966",height:"715"})}),"\n",(0,i.jsx)(e.h3,{id:"\u8fd0\u884c\u8f6f\u4ef6\u70e7\u5199",children:"\u8fd0\u884c\u8f6f\u4ef6\u70e7\u5199"}),"\n",(0,i.jsxs)(e.p,{children:["\u5c06\u4e0b\u8f7d\u4e0b\u6765\u7684\u5168\u5fd7\u7ebf\u5237\u5de5\u5177 ",(0,i.jsx)(e.strong,{children:"AllwinnertechPhoeniSuit"})," \u89e3\u538b\u7f29\uff0c\u540c\u65f6\u5c06",(0,i.jsx)(e.strong,{children:"SPI Nand\u7cfb\u7edf\u955c\u50cf"}),"\u4e0b\u8f7d\u4e0b\u6765\u4e5f\u8fdb\u884c\u89e3\u538b\u7f29\u3002"]}),"\n",(0,i.jsxs)(e.p,{children:["\u89e3\u538b\u540e\uff0c\u5f97\u5230\u4e00\u4e2a ",(0,i.jsx)(e.strong,{children:"tina_t113-100ask_uart3.img"})," \u955c\u50cf\uff0c\u662f\u7528\u4e8e\u70e7\u5f55\u5230SPI NAND\u955c\u50cf\u5f97\u3002\u53e6\u4e00\u4e2a\u662f",(0,i.jsx)(e.strong,{children:"AllwinnertechPhoeniSuit"}),"\u6587\u4ef6\u5939\u3002"]}),"\n",(0,i.jsxs)(e.p,{children:["\u9996\u5148\u6211\u4eec\u8fdb\u5165\u5230 ",(0,i.jsx)(e.strong,{children:"AllwinnertechPhoeniSuit\\AllwinnertechPhoeniSuitRelease20201225"})," \u76ee\u5f55\u4e0b \u627e\u5230 ",(0,i.jsx)(e.strong,{children:"PhoenixSuit.exe"})," \u53cc\u51fb\u8fd0\u884c\u3002"]}),"\n",(0,i.jsx)(e.p,{children:"\u6253\u5f00\u8f6f\u4ef6\u540e \u8f6f\u4ef6\u4e3b\u754c\u9762\u5982\u4e0b\u56fe\u6240\u793a"}),"\n",(0,i.jsx)(e.p,{children:(0,i.jsx)(e.img,{alt:"PhoenixSuit_001",src:r(83456).Z+"",width:"1000",height:"750"})}),"\n",(0,i.jsxs)(e.p,{children:["\u63a5\u4e0b\u6765 \u6211\u4eec\u9700\u8981\u5207\u6362\u5230 ",(0,i.jsx)(e.strong,{children:"\u4e00\u952e\u5237\u673a"}),"\u7a97\u53e3\uff0c\u5982\u4e0b\u56fe\u6240\u793a\uff0c\u70b9\u51fb\u7ea2\u6846\u6807\u53f71\uff0c\u5728\u5f39\u51fa\u7684\u65b0\u7a97\u53e3\u5185\uff0c\u6211\u4eec\u70b9\u51fb \u7ea2\u68462 ",(0,i.jsx)(e.strong,{children:"\u6d4f\u89c8"})," \u627e\u5230\u6211\u4eec\u521a\u624d\u89e3\u538b\u8fc7\u7684 SPI nand\u955c\u50cf  ",(0,i.jsx)(e.strong,{children:"tina_t113-100ask_uart3.img"})," \uff0c\u9009\u4e2d\u955c\u50cf\u540e\uff0c\u6700\u540e\u70b9\u51fb\u7ea2\u68463 ",(0,i.jsx)(e.strong,{children:"\u5168\u76d8\u64e6\u9664\u5347\u7ea7"})]}),"\n",(0,i.jsxs)(e.p,{children:["\u70b9\u51fb\u5b8c\u6210\u540e\uff0c\u4e0d\u9700\u8981\u7406\u4f1a \u5f39\u51fa\u7684\u4fe1\u606f\uff0c\u8fd9\u65f6 \u6211\u4eec\u62ff\u8d77\u5df2\u7ecf\u8fde\u63a5\u597d\u7684\u5f00\u53d1\u677f\uff0c\u5148\u6309\u4f4f ",(0,i.jsx)(e.strong,{children:"FEL"})," \u70e7\u5199\u6a21\u5f0f\u6309\u952e\uff0c\u4e4b\u540e\u6309\u4e00\u4e0b ",(0,i.jsx)(e.strong,{children:"RESET"})," \u7cfb\u7edf\u590d\u4f4d\u952e\uff0c\u5c31\u53ef\u4ee5\u81ea\u52a8\u8fdb\u5165\u70e7\u5199\u6a21\u5f0f\u5e76\u5f00\u59cb\u70e7\u5199\u3002"]}),"\n",(0,i.jsx)(e.p,{children:(0,i.jsx)(e.img,{alt:"image-20240709150445616",src:r(63197).Z+"",width:"799",height:"598"})}),"\n",(0,i.jsx)(e.p,{children:"\u70e7\u5199\u65f6\u4f1a\u63d0\u793a\u70e7\u5199\u8fdb\u5ea6\u6761\uff0c\u70e7\u5199\u5b8c\u6210\u540e \u5f00\u53d1\u677f\u4f1a\u81ea\u5df1\u91cd\u542f\u3002"}),"\n",(0,i.jsx)(e.p,{children:(0,i.jsx)(e.img,{alt:"PhoenixSuit_003",src:r(13398).Z+"",width:"1000",height:"750"})}),"\n",(0,i.jsx)(e.h3,{id:"\u542f\u52a8\u7cfb\u7edf",children:"\u542f\u52a8\u7cfb\u7edf"}),"\n",(0,i.jsx)(e.p,{children:"\u4e00\u822c\u60c5\u51b5\u4e0b\uff0c\u70e7\u5199\u6210\u529f\u540e \u90fd\u4f1a\u81ea\u52a8\u91cd\u542f \u542f\u52a8\u7cfb\u7edf\uff0c\u6b64\u65f6\u6211\u4eec\u8fdb\u5165\u5230 \u4e32\u53e3\u7ec8\u7aef\uff0c\u53ef\u4ee5\u770b\u5230\u5b83\u7684\u542f\u52a8\u4fe1\u606f\u3002"}),"\n",(0,i.jsx)(e.h2,{id:"\u70e7\u5199\u56fa\u4ef6\u81f3tf\u5361",children:"\u70e7\u5199\u56fa\u4ef6\u81f3TF\u5361"}),"\n",(0,i.jsx)(e.h3,{id:"\u51c6\u5907\u5de5\u4f5c-1",children:"\u51c6\u5907\u5de5\u4f5c"}),"\n",(0,i.jsxs)(e.ul,{children:["\n",(0,i.jsx)(e.li,{children:"\u786c\u4ef6\uff1a T113s3-Industrial-DevKit\u4e3b\u677f x1"}),"\n",(0,i.jsx)(e.li,{children:"\u786c\u4ef6\uff1aUSB Type-C\u7ebf x2"}),"\n",(0,i.jsx)(e.li,{children:"\u786c\u4ef6\uff1aTF\u5361\u8bfb\u5361\u5668  x1"}),"\n",(0,i.jsx)(e.li,{children:"\u786c\u4ef6\uff1a8GB\u4ee5\u4e0a\u7684 Micro TF\u5361 x1"}),"\n",(0,i.jsxs)(e.li,{children:["\u8f6f\u4ef6\uff1aTina\u7cfb\u7edfTF\u5361\u70e7\u5f55\u5de5\u5177: ",(0,i.jsx)(e.a,{href:"https://gitlab.com/dongshanpi/tools/-/raw/main/PhoenixCard-V2.8.zip",children:"PhoenixCard-V2.8"})]}),"\n",(0,i.jsxs)(e.li,{children:["\u8f6f\u4ef6\uff1aSDcard\u683c\u5f0f\u5316\u5de5\u5177\uff1a",(0,i.jsx)(e.a,{href:"https://gitlab.com/dongshanpi/tools/-/raw/main/SDCardFormatter5.0.1Setup.exe",children:"SDCardFormatter5"})]}),"\n"]}),"\n",(0,i.jsx)(e.h3,{id:"\u8fd0\u884c\u70e7\u5199\u8f6f\u4ef6\u70e7\u5199",children:"\u8fd0\u884c\u70e7\u5199\u8f6f\u4ef6\u70e7\u5199"}),"\n",(0,i.jsxs)(e.p,{children:["\u9996\u5148\u9700\u8981\u4e0b\u8f7d  ",(0,i.jsx)(e.strong,{children:"win32diskimage  SDcard\u4e13\u7528\u683c\u5f0f\u5316"})," \u8fd9\u4e24\u4e2a\u70e7\u5199TF\u5361\u7684\u5de5\u5177\uff0c\u7136\u540e\u53ef\u4ee5\u6839\u636e\u5f00\u53d1\u73af\u5883\u642d\u5efa\u7ae0\u8282\uff0c\u6253\u5305\u51fa\u76f8\u5e94\u7684\u955c\u50cf\u6587\u4ef6\uff0c\u8fd9\u4e2a\u6587\u4ef6\u5c31\u662f\u6211\u4eec\u8981\u70e7\u5199\u7684\u955c\u50cf\u3002 \u540c\u65f6\u89e3\u538b\u7f29 ",(0,i.jsx)(e.strong,{children:"Tina\u7cfb\u7edfTF\u5361\u70e7\u5f55\u5de5\u5177 PhoenixCard-V2.8"}),"\uff0c\u89e3\u538b\u5b8c\u6210\u540e\uff0c\u8fdb\u5165\u5230\u70e7\u5199\u5de5\u5177\u76ee\u5f55\u5185\uff0c\u53cc\u51fb\u8fd0\u884c ",(0,i.jsx)(e.code,{children:"PhoenixCard.exe"}),"\u70e7\u5f55\u5de5\u5177\u3002"]}),"\n",(0,i.jsx)(e.p,{children:(0,i.jsx)(e.img,{alt:"image-20240709112823756",src:r(29195).Z+"",width:"825",height:"602"})}),"\n",(0,i.jsx)(e.p,{children:"\u6b65\u9aa4\u4e00\uff1a \u5c06TF\u5361\u63d2\u8fdb\u8bfb\u5361\u5668\u5185\uff0c\u540c\u65f6\u5c06\u8bfb\u5361\u5668\u63d2\u5230\u7535\u8111USB\u63a5\u53e3\uff0c\u4f7f\u7528SD CatFormat\u683c\u5f0f\u5316TF\u5361\uff0c\u6ce8\u610f\u5907\u4efd\u5361\u5185\u6570\u636e\u3002\u53c2\u8003\u4e0b\u56fe\u6240\u793a\uff0c\u70b9\u51fb\u5237\u65b0\u627e\u5230TF\u5361\uff0c\u7136\u540e\u70b9\u51fb Format \u5728\u5f39\u51fa\u7684 \u5bf9\u8bdd\u6846 \u70b9\u51fb **\u662f(Yes)**\u7b49\u5f85\u683c\u5f0f\u5b8c\u6210\u5373\u53ef\u3002"}),"\n",(0,i.jsx)(e.p,{children:(0,i.jsx)(e.img,{alt:"SDCardFormat_001",src:r(21242).Z+"",width:"457",height:"528"})}),"\n",(0,i.jsxs)(e.p,{children:["\u6b65\u9aa4\u4e8c\uff1a\u683c\u5f0f\u5316\u5b8c\u6210\u540e\uff0c\u4f7f\u7528",(0,i.jsx)(e.strong,{children:"PhoenixCard.exe"}),"\u5de5\u5177\u6765\u70e7\u5f55\u955c\u50cf\uff0c\u53c2\u8003\u4e0b\u56fe\u6b65\u9aa4\uff0c\u627e\u5230\u81ea\u5df1\u7684TF\u5361\u76d8\u7b26\uff0c\u70b9\u51fb ",(0,i.jsx)(e.code,{children:"\u5de6\u4e0a\u89d2\u7ea2\u68461"})," \u56fa\u4ef6\uff0c\u9009\u62e9\u5df2\u7ecf\u89e3\u538b\u8fc7\u7684 ",(0,i.jsx)(e.code,{children:"tina_t113-100ask_uart3.img"})," \u955c\u50cf\uff0c\u7136\u540e\u70b9\u51fb ",(0,i.jsx)(e.code,{children:"\u7ea2\u68462 \u542f\u52a8\u5361"}),"\uff0c\u6700\u540e\u70b9\u51fb",(0,i.jsx)(e.code,{children:"\u7ea2\u68463 \u70e7\u5f55"})," \u7b49\u5f85\u70e7\u5f55\u5b8c\u6210\u5373\u53ef\u3002"]}),"\n",(0,i.jsx)(e.p,{children:(0,i.jsx)(e.img,{alt:"PhoenixCard_Config_002",src:r(39426).Z+"",width:"1137",height:"893"})}),"\n",(0,i.jsx)(e.p,{children:"\u5982\u4e0b\u56fe\u4e3a\u70e7\u5f55\u6210\u529f\u793a\u610f\u56fe\u3002"}),"\n",(0,i.jsx)(e.p,{children:(0,i.jsx)(e.img,{alt:"PhoenixCard_Config_002",src:r(81925).Z+"",width:"1137",height:"893"})}),"\n",(0,i.jsxs)(e.p,{children:["\u70e7\u5f55\u5b8c\u6210\u4ee5\u540e\uff0c\u5c31\u53ef\u4ee5\u5f39\u51faTF\u5361\uff0c\u5e76\u5c06\u5176\u63d2\u5230\u5f00\u53d1\u677f\u6b63\u9762 ",(0,i.jsx)(e.code,{children:"TF\u5361\u5361\u69fd"}),"\u4f4d\u7f6e\u5904\uff0c\u6b64\u65f6\u53ef\u4ee5\u4f7f\u7528\u4e32\u53e3\u8fdb\u884c\u767b\u5f55\uff0c\u4e5f\u53ef\u4ee5\u4f7f\u7528 adb shell \u76f4\u63a5\u8fde\u63a5 ADB\u8fdb\u884c\u767b\u5f55\u8bbf\u95ee\u3002"]}),"\n",(0,i.jsx)(e.h3,{id:"\u542f\u52a8\u7cfb\u7edf-1",children:"\u542f\u52a8\u7cfb\u7edf"}),"\n",(0,i.jsx)(e.p,{children:"\u5982\u4e0b\u542f\u52a8\u4fe1\u606f\uff1a"}),"\n",(0,i.jsx)(e.pre,{children:(0,i.jsx)(e.code,{className:"language-bash",children:"[29]HELLO! BOOT0 is starting!\r\n[32]BOOT0 commit : 88480af-dirty\r\n[35]set pll start\r\n[41]periph0 has been enabled\r\n[44]set pll end\r\n[45][pmu]: bus read error\r\n[48]board init ok\r\n[50]ZQ value = 0x2d\r\n[51]get_pmu_exist() = -1\r\n[54]DRAM BOOT DRIVE INFO: V0.33\r\n[57]DRAM CLK = 936 MHz\r\n[59]DRAM Type = 3 (2:DDR2,3:DDR3)\r\n[62]DRAMC read ODT  off.\r\n[65]DRAM ODT value: 0x42.\r\n[67]ddr_efuse_type: 0xa\r\n[70]DRAM SIZE =128 M\r\n[72]dram_tpr4:0x0\r\n[74]PLL_DDR_CTRL_REG:0xf8004d00\r\n[77]DRAM_CLK_REG:0xc0000000\r\n[80][TIMING DEBUG] MR2= 0x20\r\n[87]DRAM simple test OK.\r\n[89]rtc standby flag is 0x0, super standby flag is 0x0\r\n[94]dram size =128\r\n[97]spinand UBOOT_START_BLK_NUM 8 UBOOT_LAST_BLK_NUM 32\r\n[102]block from 8 to 32\r\n[235]Check is correct.\r\n[237]dma 0x29c0c int is not used yet\r\n[240]dma 0x29c0c int is free, you do not need to free it again\r\n[246]Entry_name        = u-boot\r\n[253]Entry_name        = optee\r\n[256]Entry_name        = dtb\r\n[259]Jump to second Boot.\r\nM/TC: OP-TEE version: 6aef7bb2-dirty (gcc version 5.3.1 20160412 (Linaro GCC 5.3-2016.05)) #1 Fri Jul 23 09:25:11 UTC 2021 arm\r\n\r\n\r\nU-Boot 2018.05-g24521d6-dirty (Jul 08 2024 - 22:02:57 -0400) Allwinner Technology\r\n\r\n[00.313]CPU:   Allwinner Family\r\n[00.316]Model: sun8iw20\r\nI2C:   FDT ERROR:fdt_set_all_pin:[twi0]--\x3eFDT_ERR_BADPATH\r\nFDT ERROR:fdt_set_all_pin:[twi1]--\x3eFDT_ERR_BADPATH\r\nready\r\n[00.337]DRAM:  128 MiB\r\n[00.340]Relocation Offset is: 04ec4000\r\n[00.365]secure enable bit: 0\r\n[00.367]smc_tee_inform_fdt failed with: -65526[00.372]CPU=1008 MHz,PLL6=600 Mhz,AHB=200 Mhz, APB1=100Mhz  MBus=300Mhz\r\n[00.378]gic: sec monitor mode\r\n[00.381]flash init start\r\n[00.383]workmode = 0,storage type = 0\r\nsspi->base_addr = 0x4025000, the SPI control register:\r\n[VER] 0x4025000 = 0x00010001, [GCR] 0x4025004 = 0x00000083, [TCR] 0x4025008 = 0x00000184\r\n[ICR] 0x4025010 = 0x00000f00, [ISR] 0x4025014 = 0x00000032, [FCR] 0x4025018 = 0x00200020\r\n[FSR] 0x402501c = 0x00000000, [WCR] 0x4025020 = 0x00000000, [CCR] 0x4025024 = 0x00000002\r\n[SDC] 0x4025028 = 0x00002000, [BCR] 0x4025030 = 0x00000000, [TCR] 0x4025034 = 0x00000000\r\n[BCC] 0x4025038 = 0x10000000, [DMA] 0x4025088 = 0x000000e5\r\n\r\n[00.430]sunxi-spinand-phy: not detect any munufacture from id table\r\n[00.436]sunxi-spinand-phy: get spi-nand Model from fdt fail\r\n[00.441]sunxi-spinand-phy: get phy info from fdt fail\r\n\r\ndevice nand0 <nand>, # parts = 4\r\n #: name                size            offset          mask_flags\r\n 0: boot0               0x00100000      0x00000000      1\r\n 1: uboot               0x00300000      0x00100000      1\r\n 2: secure_storage      0x00100000      0x00400000      1\r\n 3: sys                 0x07b00000      0x00500000      0\r\n\r\nactive partition: nand0,0 - (boot0) 0x00100000 @ 0x00000000\r\n\r\ndefaults:\r\nmtdids  : nand0=nand\r\nmtdparts: mtdparts=nand:1024k@0(boot0)ro,3072k@1048576(uboot)ro,1024k@4194304(secure_storage)ro,-(sys)\r\n[00.559]ubi0: attaching mtd4\r\n[00.784]ubi0: scanning is finished\r\n[00.793]ubi0: attached mtd4 (name \"sys\", size 123 MiB)\r\n[00.798]ubi0: PEB size: 262144 bytes (256 KiB), LEB size: 258048 bytes\r\n[00.804]ubi0: min./max. I/O unit sizes: 4096/4096, sub-page size 2048\r\n[00.810]ubi0: VID header offset: 2048 (aligned 2048), data offset: 4096\r\n[00.817]ubi0: good PEBs: 492, bad PEBs: 0, corrupted PEBs: 0\r\n[00.822]ubi0: user volume: 9, internal volumes: 1, max. volumes count: 128\r\n[00.829]ubi0: max/mean erase counter: 2/1, WL threshold: 4096, image sequence number: 0\r\n[00.836]ubi0: available PEBs: 0, total reserved PEBs: 492, PEBs reserved for bad PEB handling: 20\r\n[00.845]sunxi flash init ok\r\n[00.847]line:703 init_clocks\r\n[00.850]drv_disp_init\r\n[00.862]drv_disp_init finish\r\n[00.864]boot_gui_init:start\r\n[00.867]set disp.dev2_output_type fail. using defval=0\r\n[00.873]boot_gui_init:finish\r\n[01.054]LCD open finish\r\npartno erro : can't find partition bootloader\r\n54 bytes read in 0 ms\r\n[01.134]bmp_name=bootlogo.bmp size 1843254\r\n1843254 bytes read in 121 ms (14.5 MiB/s)\r\n[01.500]Loading Environment from SUNXI_FLASH... OK\r\n[01.539]Item0 (Map) magic is bad\r\nsecure storage read widevine fail\r\n[01.544]secure storage read widevine fail with:-1\r\nsecure storage read ec_key fail\r\n[01.552]secure storage read ec_key fail with:-1\r\nsecure storage read ec_cert1 fail\r\n[01.559]secure storage read ec_cert1 fail with:-1\r\nsecure storage read ec_cert2 fail\r\n[01.566]secure storage read ec_cert2 fail with:-1\r\nsecure storage read ec_cert3 fail\r\n[01.574]secure storage read ec_cert3 fail with:-1\r\nsecure storage read rsa_key fail\r\n[01.581]secure storage read rsa_key fail with:-1\r\nsecure storage read rsa_cert1 fail\r\n[01.589]secure storage read rsa_cert1 fail with:-1\r\nsecure storage read rsa_cert2 fail\r\n[01.596]secure storage read rsa_cert2 fail with:-1\r\nsecure storage read rsa_cert3 fail\r\n[01.604]secure storage read rsa_cert3 fail with:-1\r\n[01.609]usb burn from boot\r\ndelay time 0\r\nweak:otg_phy_config\r\n[01.620]usb prepare ok\r\n[01.810]usb sof ok\r\n[01.812]usb probe ok\r\n[01.814]usb setup ok\r\nset address 0x1a\r\nset address 0x1a ok\r\nset address 0x1b\r\nset address 0x1b ok\r\ntry to update\r\n[04.819]do_burn_from_boot usb : have no handshake\r\n[04.846]update bootcmd\r\n[04.871]change working_fdt 0x43e83e70 to 0x43e63e70\r\n[04.891]update dts\r\nHit any key to stop autoboot:  0\r\n[06.375]no vendor_boot partition is found\r\nAndroid's image name: t113-100ask\r\n[06.386]Starting kernel ...\r\n\r\n[    0.000000] Booting Linux on physical CPU 0x0\r\n[    0.000000] Linux version 5.4.61 (ubuntu@ubuntu1804) (arm-openwrt-linux-muslgnueabi-gcc.bin (OpenWrt/Linaro GCC 6.4-2017.11 2017-11) 6.4.1, GNU ld (GNU Binutils) 2.27) #50 SMP PREEMPT Tue Jul 9 02:15:30 UTC 2024\r\n[    0.000000] CPU: ARMv7 Processor [410fc075] revision 5 (ARMv7), cr=10c5387d\r\n[    0.000000] CPU: div instructions available: patching division code\r\n[    0.000000] CPU: PIPT / VIPT nonaliasing data cache, VIPT aliasing instruction cache\r\n[    0.000000] OF: fdt: Machine model: sun8iw20\r\n[    0.000000] printk: bootconsole [earlycon0] enabled\r\n[    0.000000] Memory policy: Data cache writealloc\r\n[    0.000000] cma: Reserved 8 MiB at 0x47800000\r\n[    0.000000] On node 0 totalpages: 32768\r\n[    0.000000]   Normal zone: 256 pages used for memmap\r\n[    0.000000]   Normal zone: 0 pages reserved\r\n[    0.000000]   Normal zone: 32768 pages, LIFO batch:7\r\n[    0.000000] psci: probing for conduit method from DT.\r\n[    0.000000] psci: PSCIv1.0 detected in firmware.\r\n[    0.000000] psci: Using standard PSCI v0.2 function IDs\r\n[    0.000000] psci: MIGRATE_INFO_TYPE not supported.\r\n[    0.000000] psci: SMC Calling Convention v1.0\r\n[    0.000000] percpu: Embedded 15 pages/cpu s30348 r8192 d22900 u61440\r\n[    0.000000] pcpu-alloc: s30348 r8192 d22900 u61440 alloc=15*4096\r\n[    0.000000] pcpu-alloc: [0] 0 [0] 1\r\n[    0.000000] Built 1 zonelists, mobility grouping on.  Total pages: 32512\r\n[    0.000000] Kernel command line: ubi.mtd=sys ubi.block=0,rootfs earlyprintk=sunxi-uart,0x02500C00 clk_ignore_unused initcall_debug=0 console=ttyS3,115200 loglevel=8 root=/dev/ubiblock0_5 rootfstype=squashfs init=/pseudo_init partitions=mbr@ubi0_0:boot-resource@ubi0_1:env@ubi0_2:env-redund@ubi0_3:boot@ubi0_4:rootfs@ubi0_5:private@ubi0_6:rootfs_data@ubi0_7:UDISK@ubi0_8: cma=8M snum= mac_addr= wifi_mac= bt_mac= specialstr= gpt=1 androidboot.hardware=sun8iw20p1 boot_type=5 androidboot.boot_type=5 gpt=1 uboot_message=2018.05-g24521d6-dirty(07/08/2024-22:02:57) disp_reserve=2457600,0x43f07000 aw-ubi-spinand.ubootblks=24 androidboot.dramsize=128\r\n[    0.000000] Dentry cache hash table entries: 16384 (order: 4, 65536 bytes, linear)\r\n[    0.000000] Inode-cache hash table entries: 8192 (order: 3, 32768 bytes, linear)\r\n[    0.000000] mem auto-init: stack:off, heap alloc:off, heap free:off\r\n[    0.000000] Memory: 99996K/131072K available (6144K kernel code, 275K rwdata, 1664K rodata, 1024K init, 1164K bss, 22884K reserved, 8192K cma-reserved)\r\n[    0.000000] SLUB: HWalign=64, Order=0-3, MinObjects=0, CPUs=2, Nodes=1\r\n[    0.000000] rcu: Preemptible hierarchical RCU implementation.\r\n[    0.000000]  Tasks RCU enabled.\r\n[    0.000000] rcu: RCU calculated value of scheduler-enlistment delay is 10 jiffies.\r\n[    0.000000] NR_IRQS: 16, nr_irqs: 16, preallocated irqs: 16\r\n[    0.000000] random: get_random_bytes called from start_kernel+0x264/0x3e8 with crng_init=0\r\n[    0.000000] arch_timer: cp15 timer(s) running at 24.00MHz (phys).\r\n[    0.000000] clocksource: arch_sys_counter: mask: 0xffffffffffffff max_cycles: 0x588fe9dc0, max_idle_ns: 440795202592 ns\r\n[    0.000006] sched_clock: 56 bits at 24MHz, resolution 41ns, wraps every 4398046511097ns\r\n[    0.007999] Switching to timer-based delay loop, resolution 41ns\r\n[    0.014175] clocksource: timer: mask: 0xffffffff max_cycles: 0xffffffff, max_idle_ns: 79635851949 ns\r\n[    0.023886] Calibrating delay loop (skipped), value calculated using timer frequency.. 48.00 BogoMIPS (lpj=240000)\r\n[    0.034242] pid_max: default: 32768 minimum: 301\r\n[    0.038975] Mount-cache hash table entries: 1024 (order: 0, 4096 bytes, linear)\r\n[    0.046307] Mountpoint-cache hash table entries: 1024 (order: 0, 4096 bytes, linear)\r\n[    0.054629] CPU: Testing write buffer coherency: ok\r\n[    0.059830] /cpus/cpu@0 missing clock-frequency property\r\n[    0.065144] /cpus/cpu@1 missing clock-frequency property\r\n[    0.070492] CPU0: thread -1, cpu 0, socket 0, mpidr 80000000\r\n[    0.076644] Setting up static identity map for 0x40100000 - 0x40100060\r\n[    0.083295] rcu: Hierarchical SRCU implementation.\r\n[    0.088503] smp: Bringing up secondary CPUs ...\r\n[    0.094125] CPU1: thread -1, cpu 1, socket 0, mpidr 80000001\r\n[    0.094243] smp: Brought up 1 node, 2 CPUs\r\n[    0.104055] SMP: Total of 2 processors activated (96.00 BogoMIPS).\r\n[    0.110233] CPU: All CPU(s) started in SVC mode.\r\n[    0.115324] devtmpfs: initialized\r\n[    0.130032] VFP support v0.3: implementor 41 architecture 2 part 30 variant 7 rev 5\r\n[    0.138147] clocksource: jiffies: mask: 0xffffffff max_cycles: 0xffffffff, max_idle_ns: 19112604462750000 ns\r\n[    0.148022] futex hash table entries: 512 (order: 3, 32768 bytes, linear)\r\n[    0.155235] pinctrl core: initialized pinctrl subsystem\r\n[    0.161391] NET: Registered protocol family 16\r\n[    0.167335] DMA: preallocated 256 KiB pool for atomic coherent allocations\r\n[    0.202541] rtc_ccu: sunxi ccu init OK\r\n[    0.208490] ccu: sunxi ccu init OK\r\n[    0.212231] r_ccu: sunxi ccu init OK\r\n[    0.247030] iommu: Default domain type: Translated\r\n[    0.252144] sunxi iommu: irq = 24\r\n[    0.256307] SCSI subsystem initialized\r\n[    0.260296] usbcore: registered new interface driver usbfs\r\n[    0.265862] usbcore: registered new interface driver hub\r\n[    0.271281] usbcore: registered new device driver usb\r\n[    0.276486] mc: Linux media interface: v0.10\r\n[    0.280780] videodev: Linux video capture interface: v2.00\r\n[    0.286981] Advanced Linux Sound Architecture Driver Initialized.\r\n[    0.293566] Bluetooth: Core ver 2.22\r\n[    0.297260] NET: Registered protocol family 31\r\n[    0.301698] Bluetooth: HCI device and connection manager initialized\r\n[    0.308079] Bluetooth: HCI socket layer initialized\r\n[    0.312960] Bluetooth: L2CAP socket layer initialized\r\n[    0.318035] Bluetooth: SCO socket layer initialized\r\n[    0.323154] pwm module init!\r\n[    0.327203] g2d 5410000.g2d: Adding to iommu group 0\r\n[    0.332485] G2D: rcq version initialized.major:251\r\n[    0.338143] clocksource: Switched to clocksource arch_sys_counter\r\n[    0.352625] sun8iw20-pinctrl 2000000.pinctrl: initialized sunXi PIO driver\r\n[    0.361875] NET: Registered protocol family 2\r\n[    0.366790] tcp_listen_portaddr_hash hash table entries: 512 (order: 0, 6144 bytes, linear)\r\n[    0.375233] TCP established hash table entries: 1024 (order: 0, 4096 bytes, linear)\r\n[    0.382921] TCP bind hash table entries: 1024 (order: 1, 8192 bytes, linear)\r\n[    0.389993] TCP: Hash tables configured (established 1024 bind 1024)\r\n[    0.396437] UDP hash table entries: 256 (order: 1, 8192 bytes, linear)\r\n[    0.403010] UDP-Lite hash table entries: 256 (order: 1, 8192 bytes, linear)\r\n[    0.410200] NET: Registered protocol family 1\r\n[    0.415495] sun8iw20-pinctrl 2000000.pinctrl: 2000000.pinctrl supply vcc-pc not found, using dummy regulator\r\n[    0.425781] spi spi0: spi0 supply spi not found, using dummy regulator\r\n[    0.432513] sunxi_spi_resource_get()2151 - [spi0] SPI MASTER MODE\r\n[    0.438667] sunxi_spi_resource_get()2189 - Failed to get sample mode\r\n[    0.445020] sunxi_spi_resource_get()2194 - Failed to get sample delay\r\n[    0.451483] sunxi_spi_resource_get()2198 - sample_mode:-1431633921 sample_delay:-1431633921\r\n[    0.459890] sunxi_spi_clk_init()2240 - [spi0] mclk 100000000\r\n[    0.466083] sunxi_spi_probe()2653 - [spi0]: driver probe succeed, base c881f000, irq 42\r\n[    0.475705] workingset: timestamp_bits=30 max_order=15 bucket_order=0\r\n[    0.486266] squashfs: version 4.0 (2009/01/31) Phillip Lougher\r\n[    0.492294] ntfs: driver 2.1.32 [Flags: R/W].\r\n[    0.525875] io scheduler mq-deadline registered\r\n[    0.530439] io scheduler kyber registered\r\n[    0.535685] [DISP]disp_module_init\r\n[    0.539551] disp 5000000.disp: Adding to iommu group 0\r\n[    0.545196] [DISP] disp_init,line:2386:\r\n[    0.545201] smooth display screen:0 type:1 mode:4\r\n[    0.564914] disp 5000000.disp: 5000000.disp supply vcc-lcd not found, using dummy regulator\r\n[    0.573491] disp 5000000.disp: 5000000.disp supply vcc-pd not found, using dummy regulator\r\n[    0.587123] display_fb_request,fb_id:0\r\n[    0.598429] Freeing logo buffer memory: 2400K\r\n[    0.603291] disp_al_manager_apply ouput_type:1\r\n[    0.607871] [DISP] lcd_clk_config,line:732:\r\n[    0.607881] disp 0, clk: pll(306000000),clk(306000000),dclk(51000000) dsi_rate(306000000)\r\n[    0.607881]      clk real:pll(300000000),clk(300000000),dclk(50000000) dsi_rate(0)\r\n[    0.608475] [DISP]disp_module_init finish\r\n[    0.612412] sun8iw20-pinctrl 2000000.pinctrl: 2000000.pinctrl supply vcc-pd not found, using dummy regulator\r\n[    0.628856] sunxi_sid_init()551 - insmod ok\r\n[    0.646816] sun8iw20-pinctrl 2000000.pinctrl: 2000000.pinctrl supply vcc-pe not found, using dummy regulator\r\n[    0.656966] uart uart2: get regulator failed\r\n[    0.661287] uart uart2: uart2 supply uart not found, using dummy regulator\r\n[    0.668405] uart2: ttyS2 at MMIO 0x2500800 (irq = 35, base_baud = 1500000) is a SUNXI\r\n[    0.676763] sun8iw20-pinctrl 2000000.pinctrl: 2000000.pinctrl supply vcc-pb not found, using dummy regulator\r\n[    0.686942] uart uart3: get regulator failed\r\n[    0.691248] uart uart3: uart3 supply uart not found, using dummy regulator\r\n[    0.698365] uart3: ttyS3 at MMIO 0x2500c00 (irq = 36, base_baud = 1500000) is a SUNXI\r\n[    0.706224] sw_console_setup()1808 - console setup baud 115200 parity n bits 8, flow n\r\n\u2592[    0.714223] printk: console [ttyS3] enabled\r\n[    0.714223] printk: console [ttyS3] enabled\r\n[    0.723163] printk: bootconsole [earlycon0] disabled\r\n[    0.723163] printk: bootconsole [earlycon0] disabled\r\n[    0.734477] misc dump reg init\r\n[    0.738912] sun8iw20-pinctrl 2000000.pinctrl: 2000000.pinctrl supply vcc-pg not found, using dummy regulator\r\n[    0.750134] sunxi-rfkill soc@3000000:rfkill@0: module version: v1.0.9\r\n[    0.757395] sunxi-rfkill soc@3000000:rfkill@0: get gpio chip_en failed\r\n[    0.764748] sunxi-rfkill soc@3000000:rfkill@0: get gpio power_en failed\r\n[    0.772195] sunxi-rfkill soc@3000000:rfkill@0: wlan_busnum (1)\r\n[    0.778768] sunxi-rfkill soc@3000000:rfkill@0: Missing wlan_power.\r\n[    0.785716] sunxi-rfkill soc@3000000:rfkill@0: wlan clock[0] (32k-fanout1)\r\n[    0.793468] sunxi-rfkill soc@3000000:rfkill@0: wlan_regon gpio=204 assert=1\r\n[    0.801331] sunxi-rfkill soc@3000000:rfkill@0: wlan_hostwake gpio=202 assert=1\r\n[    0.809469] sunxi-rfkill soc@3000000:rfkill@0: wakeup source is enabled\r\n[    0.817082] sunxi-rfkill soc@3000000:rfkill@0: Missing bt_power.\r\n[    0.823870] sunxi-rfkill soc@3000000:rfkill@0: bt clock[0] (32k-fanout1)\r\n[    0.831419] sunxi-rfkill soc@3000000:rfkill@0: bt_rst gpio=207 assert=0\r\n[    0.839639] dma-buf: Running sanitycheck\r\n[    0.844040] dma-buf: Running dma_fence\r\n[    0.848271] sizeof(dma_fence)=48\r\n[    0.851983] dma-buf: Running dma_fence/sanitycheck\r\n[    0.857383] dma-buf: Running dma_fence/test_signaling\r\n[    0.863104] dma-buf: Running dma_fence/test_add_callback\r\n[    0.869077] dma-buf: Running dma_fence/test_late_add_callback\r\n[    0.875530] dma-buf: Running dma_fence/test_rm_callback\r\n[    0.881435] dma-buf: Running dma_fence/test_late_rm_callback\r\n[    0.887783] dma-buf: Running dma_fence/test_status\r\n[    0.893177] dma-buf: Running dma_fence/test_error\r\n[    0.898464] dma-buf: Running dma_fence/test_wait\r\n[    0.903634] dma-buf: Running dma_fence/test_wait_timeout\r\n[    0.948157] dma-buf: Running dma_fence/test_stub\r\n[    0.953353] dma-buf: Running dma_fence/race_signal_callback\r\n[    1.028153] thread_signal_callback[0] completed 37638 passes, 41 misses\r\n[    1.035606] thread_signal_callback[1] completed 37619 passes, 22 misses\r\n[    1.108175] thread_signal_callback[0] completed 40452 passes, 40449 misses\r\n[    1.115914] thread_signal_callback[1] completed 40438 passes, 40437 misses\r\n[    1.124149] sunxi-spinand: AW SPINand MTD Layer Version: 2.0 20201228\r\n[    1.131454] sunxi-spinand-phy: AW SPINand Phy Layer Version: 1.10 20200306\r\n[    1.139463] sunxi-spinand-phy: not detect any munufacture from id table\r\n[    1.146886] sunxi-spinand-phy: get spi-nand Model from fdt fail\r\n[    1.153544] sunxi-spinand-phy: get phy info from fdt fail\r\n[    1.159653] sunxi-spinand-phy: not detect munufacture from fdt\r\n[    1.166373] sunxi-spinand-phy: detect munufacture from id table: Winbond\r\n[    1.173927] sunxi-spinand-phy: detect spinand id: ff21aaef ffffffff\r\n[    1.180969] sunxi-spinand-phy: ========== arch info ==========\r\n[    1.187509] sunxi-spinand-phy: Model:               W25N01GVZEIG\r\n[    1.194252] sunxi-spinand-phy: Munufacture:         Winbond\r\n[    1.200506] sunxi-spinand-phy: DieCntPerChip:       1\r\n[    1.206167] sunxi-spinand-phy: BlkCntPerDie:        1024\r\n[    1.212134] sunxi-spinand-phy: PageCntPerBlk:       64\r\n[    1.217893] sunxi-spinand-phy: SectCntPerPage:      4\r\n[    1.223562] sunxi-spinand-phy: OobSizePerPage:      64\r\n[    1.229328] sunxi-spinand-phy: BadBlockFlag:        0x0\r\n[    1.235184] sunxi-spinand-phy: OperationOpt:        0x7\r\n[    1.241048] sunxi-spinand-phy: MaxEraseTimes:       65000\r\n[    1.247098] sunxi-spinand-phy: EccFlag:             0x0\r\n[    1.252961] sunxi-spinand-phy: EccType:             2\r\n[    1.258629] sunxi-spinand-phy: EccProtectedType:    3\r\n[    1.264290] sunxi-spinand-phy: ========================================\r\n[    1.271712] sunxi-spinand-phy:\r\n[    1.275228] sunxi-spinand-phy: ========== physical info ==========\r\n[    1.282164] sunxi-spinand-phy: TotalSize:    128 M\r\n[    1.287533] sunxi-spinand-phy: SectorSize:   512 B\r\n[    1.292911] sunxi-spinand-phy: PageSize:     2 K\r\n[    1.298085] sunxi-spinand-phy: BlockSize:    128 K\r\n[    1.303468] sunxi-spinand-phy: OOBSize:      64 B\r\n[    1.308752] sunxi-spinand-phy: ========================================\r\n[    1.316168] sunxi-spinand-phy:\r\n[    1.319694] sunxi-spinand-phy: ========== logical info ==========\r\n[    1.326525] sunxi-spinand-phy: TotalSize:    128 M\r\n[    1.331904] sunxi-spinand-phy: SectorSize:   512 B\r\n[    1.337273] sunxi-spinand-phy: PageSize:     4 K\r\n[    1.342455] sunxi-spinand-phy: BlockSize:    256 K\r\n[    1.347823] sunxi-spinand-phy: OOBSize:      128 B\r\n[    1.353199] sunxi-spinand-phy: ========================================\r\n[    1.360761] sunxi-spinand-phy: block lock register: 0x00\r\n[    1.366912] sunxi-spinand-phy: feature register: 0x19\r\n[    1.372599] sunxi-spinand-phy: sunxi physic nand init end\r\n[    1.379116] Creating 4 MTD partitions on \"sunxi_mtd_nand\":\r\n[    1.385284] 0x000000000000-0x000000100000 : \"boot0\"\r\n[    1.399074] 0x000000100000-0x000000400000 : \"uboot\"\r\n[    1.408716] random: fast init done\r\n[    1.419009] 0x000000400000-0x000000500000 : \"secure_storage\"\r\n[    1.439020] 0x000000500000-0x000008000000 : \"sys\"\r\n[    1.639428] libphy: Fixed MDIO Bus: probed\r\n[    1.644291] CAN device driver interface\r\n[    1.649488] sunxi_can 2504400.can: device registered ( base=(ptrval), irq=34 )\r\n[    1.657984] ehci_hcd: USB 2.0 'Enhanced' Host Controller (EHCI) Driver\r\n[    1.665339] sunxi-ehci: EHCI SUNXI driver\r\n[    1.670233] get ehci0-controller wakeup-source is fail.\r\n[    1.676185] sunxi ehci0-controller don't init wakeup source\r\n[    1.682470] [sunxi-ehci0]: probe, pdev->name: 4101000.ehci0-controller, sunxi_ehci: 0xc0b5ff98, 0x:c8834000, irq_no:3a\r\n[    1.694480] [sunxi-ehci0]: Not init ehci0\r\n[    1.699215] get ehci1-controller wakeup-source is fail.\r\n[    1.705148] sunxi ehci1-controller don't init wakeup source\r\n[    1.711440] [sunxi-ehci1]: probe, pdev->name: 4200000.ehci1-controller, sunxi_ehci: 0xc0b604b8, 0x:c8838000, irq_no:3c\r\n[    1.723653] sunxi-ehci 4200000.ehci1-controller: 4200000.ehci1-controller supply hci not found, using dummy regulator\r\n[    1.735913] sunxi-ehci 4200000.ehci1-controller: EHCI Host Controller\r\n[    1.743205] sunxi-ehci 4200000.ehci1-controller: new USB bus registered, assigned bus number 1\r\n[    1.753177] sunxi-ehci 4200000.ehci1-controller: irq 60, io mem 0x04200000\r\n[    1.788174] sunxi-ehci 4200000.ehci1-controller: USB 2.0 started, EHCI 1.00\r\n[    1.796793] hub 1-0:1.0: USB hub found\r\n[    1.801055] hub 1-0:1.0: 1 port detected\r\n[    1.806020] ohci_hcd: USB 1.1 'Open' Host Controller (OHCI) Driver\r\n[    1.813010] sunxi-ohci: OHCI SUNXI driver\r\n[    1.817936] get ohci0-controller wakeup-source is fail.\r\n[    1.823931] sunxi ohci0-controller don't init wakeup source\r\n[    1.830200] [sunxi-ohci0]: probe, pdev->name: 4101400.ohci0-controller, sunxi_ohci: 0xc0b60228\r\n[    1.839874] [sunxi-ohci0]: Not init ohci0\r\n[    1.844605] get ohci1-controller wakeup-source is fail.\r\n[    1.850568] sunxi ohci1-controller don't init wakeup source\r\n[    1.856821] [sunxi-ohci1]: probe, pdev->name: 4200400.ohci1-controller, sunxi_ohci: 0xc0b60748\r\n[    1.866728] sunxi-ohci 4200400.ohci1-controller: 4200400.ohci1-controller supply hci not found, using dummy regulator\r\n[    1.878993] sunxi-ohci 4200400.ohci1-controller: OHCI Host Controller\r\n[    1.886249] sunxi-ohci 4200400.ohci1-controller: new USB bus registered, assigned bus number 2\r\n[    1.896150] sunxi-ohci 4200400.ohci1-controller: irq 61, io mem 0x04200400\r\n[    1.972968] hub 2-0:1.0: USB hub found\r\n[    1.977211] hub 2-0:1.0: 1 port detected\r\n[    1.982335] i2c /dev entries driver\r\n[    1.989066] usbcore: registered new interface driver uvcvideo\r\n[    1.995515] USB Video Class driver (1.1.1)\r\n[    2.000191] Bluetooth: HCI UART driver ver 2.3\r\n[    2.005176] Bluetooth: HCI UART protocol H4 registered\r\n[    2.010969] Bluetooth: HCI UART protocol BCSP registered\r\n[    2.016941] Bluetooth: XRadio Bluetooth LPM Mode Driver Ver 1.0.10\r\n[    2.024120] [XR_BT_LPM] bluesleep_probe: bt_wake polarity: 1\r\n[    2.030529] [XR_BT_LPM] bluesleep_probe: host_wake polarity: 1\r\n[    2.037096] [XR_BT_LPM] bluesleep_probe: wakeup source is disabled!\r\n[    2.037096]\r\n[    2.045799] [XR_BT_LPM] bluesleep_probe: uart_index(1)\r\n[    2.053546] sunxi-mmc 4020000.sdmmc: SD/MMC/SDIO Host Controller Driver(v4.21 2021-11-18 10:02)\r\n[    2.063530] sunxi-mmc 4020000.sdmmc: ***ctl-spec-caps*** 8\r\n[    2.069773] sunxi-mmc 4020000.sdmmc: No vmmc regulator found\r\n[    2.076121] sunxi-mmc 4020000.sdmmc: No vqmmc regulator found\r\n[    2.082581] sunxi-mmc 4020000.sdmmc: No vdmmc regulator found\r\n[    2.089047] sunxi-mmc 4020000.sdmmc: No vd33sw regulator found\r\n[    2.095589] sunxi-mmc 4020000.sdmmc: No vd18sw regulator found\r\n[    2.102144] sunxi-mmc 4020000.sdmmc: No vq33sw regulator found\r\n[    2.108702] sunxi-mmc 4020000.sdmmc: No vq18sw regulator found\r\n[    2.115686] sunxi-mmc 4020000.sdmmc: Got CD GPIO\r\n[    2.121102] sunxi-mmc 4020000.sdmmc: set cd-gpios as 24M fail\r\n[    2.127718] sunxi-mmc 4020000.sdmmc: sdc set ios:clk 0Hz bm PP pm UP vdd 21 width 1 timing LEGACY(SDR12) dt B\r\n[    2.138952] sunxi-mmc 4020000.sdmmc: no vqmmc,Check if there is regulator\r\n[    2.159099] sunxi-mmc 4020000.sdmmc: sdc set ios:clk 400000Hz bm PP pm ON vdd 21 width 1 timing LEGACY(SDR12) dt B\r\n[    2.183580] sunxi-mmc 4020000.sdmmc: sdc set ios:clk 0Hz bm PP pm OFF vdd 0 width 1 timing LEGACY(SDR12) dt B\r\n[    2.194752] sunxi-mmc 4020000.sdmmc: detmode:gpio irq\r\n[    2.200926] sunxi-mmc 4021000.sdmmc: SD/MMC/SDIO Host Controller Driver(v4.21 2021-11-18 10:02)\r\n[    2.210903] sunxi-mmc 4021000.sdmmc: ***ctl-spec-caps*** 8\r\n[    2.217103] sunxi-mmc 4021000.sdmmc: No vmmc regulator found\r\n[    2.223469] sunxi-mmc 4021000.sdmmc: No vqmmc regulator found\r\n[    2.229926] sunxi-mmc 4021000.sdmmc: No vdmmc regulator found\r\n[    2.236371] sunxi-mmc 4021000.sdmmc: No vd33sw regulator found\r\n[    2.242922] sunxi-mmc 4021000.sdmmc: No vd18sw regulator found\r\n[    2.249473] sunxi-mmc 4021000.sdmmc: No vq33sw regulator found\r\n[    2.256015] sunxi-mmc 4021000.sdmmc: No vq18sw regulator found\r\n[    2.262595] sunxi-mmc 4021000.sdmmc: Cann't get pin bias hs pinstate,check if needed\r\n[    2.271982] sunxi-mmc 4021000.sdmmc: sdc set ios:clk 0Hz bm PP pm UP vdd 21 width 1 timing LEGACY(SDR12) dt B\r\n[    2.283169] sunxi-mmc 4021000.sdmmc: no vqmmc,Check if there is regulator\r\n[    2.303326] sunxi-mmc 4021000.sdmmc: sdc set ios:clk 400000Hz bm PP pm ON vdd 21 width 1 timing LEGACY(SDR12) dt B\r\n[    2.327558] sunxi-mmc 4021000.sdmmc: detmode:manually by software\r\n[    2.335250] sunxi-mmc 4021000.sdmmc: smc 1 p1 err, cmd 52, RTO !!\r\n[    2.335299] exFAT: Version 1.3.0\r\n[    2.346562] sunxi-mmc 4021000.sdmmc: smc 1 p1 err, cmd 52, RTO !!\r\n[    2.347802] sunxi-spdif 2036000.spdif: request pinctrl handle for audio failed\r\n[    2.361599] sunxi-spdif 2036000.spdif: [sunxi_spdif_dev_probe] failed\r\n[    2.361608] sunxi-mmc 4021000.sdmmc: sdc set ios:clk 400000Hz bm PP pm ON vdd 21 width 1 timing LEGACY(SDR12) dt B\r\n[    2.370135] sunxi-mmc 4021000.sdmmc: sdc set ios:clk 400000Hz bm PP pm ON vdd 21 width 1 timing LEGACY(SDR12) dt B\r\n[    2.380608] sunxi-spdif: probe of 2036000.spdif failed with error -22\r\n[    2.399357] sunxi-mmc 4021000.sdmmc: smc 1 p1 err, cmd 5, RTO !!\r\n[    2.406130] sunxi-mmc 4021000.sdmmc: smc 1 p1 err, cmd 5, RTO !!\r\n[    2.412891] sunxi-mmc 4021000.sdmmc: smc 1 p1 err, cmd 5, RTO !!\r\n[    2.419658] sunxi-mmc 4021000.sdmmc: smc 1 p1 err, cmd 5, RTO !!\r\n[    2.419684] sunxi-mmc 4021000.sdmmc: sdc set ios:clk 0Hz bm PP pm OFF vdd 0 width 1 timing LEGACY(SDR12) dt B\r\n[    2.427559] [AUDIOCODEC][sunxi_codec_parse_params][2412]:digital_vol:0, lineout_vol:26, mic1gain:31, mic2gain:31 pa_msleep:120, pa_level:1, pa_pwr_level:1\r\n[    2.427559]\r\n[    2.454746] [AUDIOCODEC][sunxi_codec_parse_params][2448]:adcdrc_cfg:0, adchpf_cfg:1, dacdrc_cfg:0, dachpf:0\r\n[    2.466122] [AUDIOCODEC][sunxi_internal_codec_probe][2609]:codec probe finished\r\n[    2.475201] debugfs: Directory '203034c.dummy_cpudai' with parent 'audiocodec' already present!\r\n[    2.485059] [SNDCODEC][sunxi_card_init][583]:card init finished\r\n[    2.492185] sunxi-codec-machine 2030340.sound: 2030000.codec <-> 203034c.dummy_cpudai mapping ok\r\n[    2.503082] input: audiocodec sunxi Audio Jack as /devices/platform/soc@3000000/2030340.sound/sound/card0/input0\r\n[    2.515058] [SNDCODEC][sunxi_card_dev_probe][836]:register card finished\r\n[    2.523442] NET: Registered protocol family 10\r\n[    2.528472] [SNDCODEC][sunxi_hs_init_work][259]:resume--\x3ereport switch\r\n[    2.536688] Segment Routing with IPv6\r\n[    2.540919] NET: Registered protocol family 17\r\n[    2.545945] can: controller area network core (rev 20170425 abi 9)\r\n[    2.553056] NET: Registered protocol family 29\r\n[    2.558043] can: raw protocol (rev 20170425)\r\n[    2.562863] can: broadcast manager protocol (rev 20170425 t)\r\n[    2.569248] can: netlink gateway (rev 20190810) max_hops=1\r\n[    2.575656] Bluetooth: RFCOMM TTY layer initialized\r\n[    2.581172] Bluetooth: RFCOMM socket layer initialized\r\n[    2.586962] Bluetooth: RFCOMM ver 1.11\r\n[    2.591813] Registering SWP/SWPB emulation handler\r\n[    2.611927] sunxi-i2c sunxi-i2c2: sunxi-i2c2 supply twi not found, using dummy regulator\r\n[    2.621899] sunxi-i2c sunxi-i2c2: probe success\r\n[    2.628007] sunxi-spdif 2036000.spdif: request pinctrl handle for audio failed\r\n[    2.636165] sunxi-spdif 2036000.spdif: [sunxi_spdif_dev_probe] failed\r\n[    2.643503] sunxi-spdif: probe of 2036000.spdif failed with error -22\r\n[    2.651839] debugfs: Directory '2031000.dmic' with parent 'snddmic' already present!\r\n[    2.661099] sunxi-audio-card 2031060.sounddmic: dmic-hifi <-> 2031000.dmic mapping ok\r\n[    2.671459] ubi0: attaching mtd3\r\n[    2.973641] random: crng init done\r\n[    3.019599] ubi0: scanning is finished\r\n[    3.035381] ubi0: attached mtd3 (name \"sys\", size 123 MiB)\r\n[    3.041573] ubi0: PEB size: 262144 bytes (256 KiB), LEB size: 258048 bytes\r\n[    3.049300] ubi0: min./max. I/O unit sizes: 4096/4096, sub-page size 2048\r\n[    3.056913] ubi0: VID header offset: 2048 (aligned 2048), data offset: 4096\r\n[    3.064732] ubi0: good PEBs: 492, bad PEBs: 0, corrupted PEBs: 0\r\n[    3.071480] ubi0: user volume: 9, internal volumes: 1, max. volumes count: 128\r\n[    3.079591] ubi0: max/mean erase counter: 2/1, WL threshold: 4096, image sequence number: 0\r\n[    3.089006] ubi0: available PEBs: 0, total reserved PEBs: 492, PEBs reserved for bad PEB handling: 20\r\n[    3.099379] ubi0: background thread \"ubi_bgt0d\" started, PID 72\r\n[    3.107146] block ubiblock0_5: created from ubi0:5(rootfs)\r\n[    3.117210] platform regulatory.0: Direct firmware load for regulatory.db failed with error -2\r\n[    3.126939] cfg80211: failed to load regulatory.db\r\n[    3.126955] clk: Not disabling unused clocks\r\n[    3.137118] ALSA device list:\r\n[    3.140456]   #0: audiocodec\r\n[    3.143703]   #1: snddmic\r\n[    3.146645] alloc_fd: slot 0 not NULL!\r\n[    3.154537] VFS: Mounted root (squashfs filesystem) readonly on device 254:0.\r\n[    3.164663] devtmpfs: mounted\r\n[    3.169971] Freeing unused kernel memory: 1024K\r\n[    3.178304] Run /pseudo_init as init process\r\nmount: mounting none on /dev failed: Resource busy\r\n[    3.402899] UBIFS (ubi0:7): Mounting in unauthenticated mode\r\n[    3.409453] UBIFS (ubi0:7): background thread \"ubifs_bgt0_7\" started, PID 101\r\n[    3.489026] UBIFS (ubi0:7): recovery needed\r\n[    3.602963] UBIFS (ubi0:7): recovery completed\r\n[    3.608155] UBIFS (ubi0:7): UBIFS: mounted UBI device 0, volume 7, name \"rootfs_data\"\r\n[    3.616966] UBIFS (ubi0:7): LEB size: 258048 bytes (252 KiB), min./max. I/O unit sizes: 4096 bytes/4096 bytes\r\n[    3.628121] UBIFS (ubi0:7): FS size: 3096576 bytes (2 MiB, 12 LEBs), journal size 1806337 bytes (1 MiB, 5 LEBs)\r\n[    3.639465] UBIFS (ubi0:7): reserved for root: 146258 bytes (142 KiB)\r\n[    3.646700] UBIFS (ubi0:7): media format: w5/r0 (latest is w5/r0), UUID 9475F815-57FB-4C50-A41A-3795C6BFBC64, small LPT model\r\ncan't run '/etc/preinit': No such file or directory\r\nmount: mounting proc on /proc failed: Resource busy\r\nmount: mounting tmpfs on /run failed: No such file or directory\r\nhostname: can't open '/etc/hostname': No such file or directory\r\n------run rc.preboot file-----\r\n[    3.779252] UBIFS (ubi0:8): Mounting in unauthenticated mode\r\n[    3.785754] UBIFS (ubi0:8): background thread \"ubifs_bgt0_8\" started, PID 130\r\n[    3.877253] UBIFS (ubi0:8): recovery needed\r\n[    3.938029] UBIFS (ubi0:8): recovery completed\r\n[    3.943133] UBIFS (ubi0:8): UBIFS: mounted UBI device 0, volume 8, name \"UDISK\"\r\n[    3.951354] UBIFS (ubi0:8): LEB size: 258048 bytes (252 KiB), min./max. I/O unit sizes: 4096 bytes/4096 bytes\r\n[    3.962490] UBIFS (ubi0:8): FS size: 39481344 bytes (37 MiB, 153 LEBs), journal size 2064385 bytes (1 MiB, 8 LEBs)\r\n[    3.974109] UBIFS (ubi0:8): reserved for root: 1864801 bytes (1821 KiB)\r\n[    3.981539] UBIFS (ubi0:8): media format: w5/r0 (latest is w5/r0), UUID 20525102-FA2A-4511-9930-391292D63E9E, small LPT model\r\n------run rc.modules file-----\r\n[    4.069232] usbcore: registered new interface driver usb-storage\r\n[    4.080104] sunxi_gpadc_init,2151, success\r\n[    4.085021] sunxi_gpadc_setup: get channel scan data failed\r\n[    4.091573] input: sunxi-gpadc0 as /devices/virtual/input/input1\r\n[    4.103670] get ctp_power is fail, -22\r\n[    4.107881] get ctp_power_ldo_vol is fail, -22\r\n[    4.112911] sunxi_ctp_startup: ctp_power_io is invalid.\r\n[    4.119956] get ctp_gesture_wakeup fail, no gesture wakeup\r\n[    4.126129] gt9xxnew_ts 2-0014: 2-0014 supply ctp not found, using dummy regulator\r\n[    4.318363] input: gt9xxnew_ts as /devices/virtual/input/input2\r\n[    4.391558] ======== XRADIO WIFI OPEN ========\r\n[    4.397103] [XRADIO] Driver Label:XR_V02.16.85_P2P_HT40_01.31\r\n[    4.403915] [XRADIO] Allocated hw_priv @ 9c7bb6ae\r\n[    4.409209] [ADDR_MGT] get_addr_by_name: t->addr:\r\n[    4.415136] sunxi-rfkill soc@3000000:rfkill@0: bus_index: 1\r\n[    4.431460] sunxi-rfkill soc@3000000:rfkill@0: wlan power on success\r\n[    4.638657] sunxi-mmc 4021000.sdmmc: sdc set ios:clk 0Hz bm PP pm UP vdd 21 width 1 timing LEGACY(SDR12) dt B\r\n[    4.649815] [XRADIO] Detect SDIO card 1\r\n[    4.649919] sunxi-mmc 4021000.sdmmc: no vqmmc,Check if there is regulator\r\n[    4.674268] sunxi-mmc 4021000.sdmmc: sdc set ios:clk 400000Hz bm PP pm ON vdd 21 width 1 timing LEGACY(SDR12) dt B\r\n[    4.699322] sunxi-mmc 4021000.sdmmc: smc 1 p1 err, cmd 52, RTO !!\r\n[    4.706987] sunxi-mmc 4021000.sdmmc: smc 1 p1 err, cmd 52, RTO !!\r\n[    4.713856] sunxi-mmc 4021000.sdmmc: sdc set ios:clk 400000Hz bm PP pm ON vdd 21 width 1 timing LEGACY(SDR12) dt B\r\n[    4.728454] sunxi-mmc 4021000.sdmmc: sdc set ios:clk 400000Hz bm PP pm ON vdd 21 width 1 timing LEGACY(SDR12) dt B\r\n[    4.742219] sunxi-mmc 4021000.sdmmc: smc 1 p1 err, cmd 5, RTO !!\r\n[    4.749788] sunxi-mmc 4021000.sdmmc: smc 1 p1 err, cmd 5, RTO !!\r\n[    4.757348] sunxi-mmc 4021000.sdmmc: smc 1 p1 err, cmd 5, RTO !!\r\n[    4.764908] sunxi-mmc 4021000.sdmmc: smc 1 p1 err, cmd 5, RTO !!\r\n[    4.771673] sunxi-mmc 4021000.sdmmc: sdc set ios:clk 0Hz bm PP pm OFF vdd 0 width 1 timing LEGACY(SDR12) dt B\r\n[    6.688211] sunxi-rfkill soc@3000000:rfkill@0: wlan power off success\r\n[    6.795474] sunxi-mmc 4021000.sdmmc: sdc set ios:clk 0Hz bm PP pm UP vdd 21 width 1 timing LEGACY(SDR12) dt B\r\n[    6.806616] [XRADIO] Remove SDIO card 1\r\n[    6.818220] sunxi-mmc 4021000.sdmmc: no vqmmc,Check if there is regulator\r\n[    6.820926] [SBUS_ERR] sdio probe timeout!\r\n[    6.830449] [XRADIO_ERR] sbus_sdio_init failed\r\n[    6.835719] xradio_core_init failed (-110)!\r\n[    6.838192] sunxi-mmc 4021000.sdmmc: sdc set ios:clk 400000Hz bm PP pm ON vdd 21 width 1 timing LEGACY(SDR12) dt B\r\n[    6.865460] sunxi-mmc 4021000.sdmmc: smc 1 p1 err, cmd 52, RTO !!\r\n[    6.873125] sunxi-mmc 4021000.sdmmc: smc 1 p1 err, cmd 52, RTO !!\r\n[    6.879978] sunxi-mmc 4021000.sdmmc: sdc set ios:clk 400000Hz bm PP pm ON vdd 21 width 1 timing LEGACY(SDR12) dt B\r\n[    6.894574] sunxi-mmc 4021000.sdmmc: sdc set ios:clk 400000Hz bm PP pm ON vdd 21 width 1 timing LEGACY(SDR12) dt B\r\n[    6.908338] sunxi-mmc 4021000.sdmmc: smc 1 p1 err, cmd 5, RTO !!\r\n[    6.915899] sunxi-mmc 4021000.sdmmc: smc 1 p1 err, cmd 5, RTO !!\r\n[    6.923460] sunxi-mmc 4021000.sdmmc: smc 1 p1 err, cmd 5, RTO !!\r\n[    6.931022] sunxi-mmc 4021000.sdmmc: smc 1 p1 err, cmd 5, RTO !!\r\n[    6.937780] sunxi-mmc 4021000.sdmmc: sdc set ios:clk 0Hz bm PP pm OFF vdd 0 width 1 timing LEGACY(SDR12) dt B\r\n[    6.986612] ======== XRADIO WIFI OPEN ========\r\n[    6.992209] [XRADIO] Driver Label:XR_V02.16.85_P2P_HT40_01.31\r\n[    6.999019] [XRADIO] Allocated hw_priv @ 7e48ac11\r\n[    7.004319] [ADDR_MGT] get_addr_by_name: t->addr:\r\n[    7.010301] sunxi-rfkill soc@3000000:rfkill@0: bus_index: 1\r\n[    7.026582] sunxi-rfkill soc@3000000:rfkill@0: wlan power on success\r\n[    7.233767] sunxi-mmc 4021000.sdmmc: sdc set ios:clk 0Hz bm PP pm UP vdd 21 width 1 timing LEGACY(SDR12) dt B\r\n[    7.244925] [XRADIO] Detect SDIO card 1\r\n[    7.245024] sunxi-mmc 4021000.sdmmc: no vqmmc,Check if there is regulator\r\n[    7.269387] sunxi-mmc 4021000.sdmmc: sdc set ios:clk 400000Hz bm PP pm ON vdd 21 width 1 timing LEGACY(SDR12) dt B\r\n[    7.294440] sunxi-mmc 4021000.sdmmc: smc 1 p1 err, cmd 52, RTO !!\r\n[    7.302109] sunxi-mmc 4021000.sdmmc: smc 1 p1 err, cmd 52, RTO !!\r\n[    7.308973] sunxi-mmc 4021000.sdmmc: sdc set ios:clk 400000Hz bm PP pm ON vdd 21 width 1 timing LEGACY(SDR12) dt B\r\n[    7.323569] sunxi-mmc 4021000.sdmmc: sdc set ios:clk 400000Hz bm PP pm ON vdd 21 width 1 timing LEGACY(SDR12) dt B\r\n[    7.337336] sunxi-mmc 4021000.sdmmc: smc 1 p1 err, cmd 5, RTO !!\r\n[    7.344905] sunxi-mmc 4021000.sdmmc: smc 1 p1 err, cmd 5, RTO !!\r\n[    7.352468] sunxi-mmc 4021000.sdmmc: smc 1 p1 err, cmd 5, RTO !!\r\n[    7.360028] sunxi-mmc 4021000.sdmmc: smc 1 p1 err, cmd 5, RTO !!\r\n[    7.366786] sunxi-mmc 4021000.sdmmc: sdc set ios:clk 0Hz bm PP pm OFF vdd 0 width 1 timing LEGACY(SDR12) dt B\r\n[    9.328233] sunxi-rfkill soc@3000000:rfkill@0: wlan power off success\r\n[    9.435500] sunxi-mmc 4021000.sdmmc: sdc set ios:clk 0Hz bm PP pm UP vdd 21 width 1 timing LEGACY(SDR12) dt B\r\n[    9.446658] [XRADIO] Remove SDIO card 1\r\n[    9.446749] sunxi-mmc 4021000.sdmmc: no vqmmc,Check if there is regulator\r\n[    9.460970] [SBUS_ERR] sdio probe timeout!\r\n[    9.465559] [XRADIO_ERR] sbus_sdio_init failed\r\n[    9.470845] xradio_core_init failed (-110)!\r\n[    9.471117] sunxi-mmc 4021000.sdmmc: sdc set ios:clk 400000Hz bm PP pm ON vdd 21 width 1 timing LEGACY(SDR12) dt B\r\n[    9.498982] sunxi-mmc 4021000.sdmmc: smc 1 p1 err, cmd 52, RTO !!\r\n[    9.506648] sunxi-mmc 4021000.sdmmc: smc 1 p1 err, cmd 52, RTO !!\r\n[    9.513537] sunxi-mmc 4021000.sdmmc: sdc set ios:clk 400000Hz bm PP pm ON vdd 21 width 1 timing LEGACY(SDR12) dt B\r\n[    9.528155] sunxi-mmc 4021000.sdmmc: sdc set ios:clk 400000Hz bm PP pm ON vdd 21 width 1 timing LEGACY(SDR12) dt B\r\n[    9.541913] sunxi-mmc 4021000.sdmmc: smc 1 p1 err, cmd 5, RTO !!\r\n[    9.549502] sunxi-mmc 4021000.sdmmc: smc 1 p1 err, cmd 5, RTO !!\r\n[    9.557056] sunxi-mmc 4021000.sdmmc: smc 1 p1 err, cmd 5, RTO !!\r\n[    9.564645] sunxi-mmc 4021000.sdmmc: smc 1 p1 err, cmd 5, RTO !!\r\n[    9.571407] sunxi-mmc 4021000.sdmmc: sdc set ios:clk 0Hz bm PP pm OFF vdd 0 width 1 timing LEGACY(SDR12) dt B\r\ninsmod: can't insert '/lib/modules/5.4.61/xr829.ko': Operation timed out\r\nSuccessfully initialized wpa_supplicant\r\nCould not read interface wlan0 flags: No such device\r\nnl80211: Driver does not support authentication/association or connect commands\r\nnl80211: deinit ifname=wlan0 disabled_11b_rates=0\r\nCould not read interface wlan0 flags: No such device\r\nwlan0: Failed to initialize driver interface\r\n------run rc.final file-----\r\nnumid=30,iface=MIXER,name='Headphone Switch'\r\n  ; type=BOOLEAN,access=rw------,values=1\r\n  : values=on\r\n\r\n\r\nBusyBox v1.27.2 () built-in shell (ash)\r\n\r\n------run profile file-----\r\n _____  _              __     _\r\n|_   _||_| ___  _ _   |  |   |_| ___  _ _  _ _\r\n  | |   _ |   ||   |  |  |__ | ||   || | ||_'_|\r\n  | |  | || | || _ |  |_____||_||_|_||___||_,_|\r\n  |_|  |_||_|_||_|_|  Tina is Based on OpenWrt!\r\n ----------------------------------------------\r\n Tina Linux (Neptune, 61CC0487)\r\n ----------------------------------------------\r\nMon Feb  6 00:00:00 GMT 2[    9.990842] file system registered\r\n023\r\nnodev   debugfs\r\nroot@TinaLinux:/#
[   10.019475] configfs-gadget 4100000.udc-controller: failed to start g1: -19\r\nsh: write error: No such device\r\n[   11.088427] sunxi_usb_udc 4100000.udc-controller: 4100000.udc-controller supply udc not found, using dummy regulator\r\n[   11.104327] read descriptors\r\n[   11.107574] read strings\r\n[   11.333306] android_work: sent uevent USB_STATE=CONNECTED\r\n[   11.545504] configfs-gadget gadget: high-speed config #1: c\r\n[   11.551828] android_work: sent uevent USB_STATE=CONFIGURED\r\n[   11.578190] android_work: sent uevent USB_STATE=DISCONNECTED\r\n[   11.595617] android_work: sent uevent USB_STATE=CONNECTED\r\n\r\nroot@TinaLinux:/#\n"})})]})}function m(n={}){const{wrapper:e}={...(0,s.a)(),...n.components};return e?(0,i.jsx)(e,{...n,children:(0,i.jsx)(l,{...n})}):l(n)}},39426:(n,e,r)=>{r.d(e,{Z:()=>i});const i=r.p+"assets/images/PhoenixCard_Config_001-41fbe5bf191d95eba72a46b6d53d9e89.png"},81925:(n,e,r)=>{r.d(e,{Z:()=>i});const i=r.p+"assets/images/PhoenixCard_Config_002-24e4823db871dd0c3041a7a47f3b9a9c.png"},83456:(n,e,r)=>{r.d(e,{Z:()=>i});const i=r.p+"assets/images/PhoenixSuit_001-7a38542a6f0fd6cd5f78c5d19102a13e.png"},13398:(n,e,r)=>{r.d(e,{Z:()=>i});const i=r.p+"assets/images/PhoenixSuit_003-6c47501028e78f9fdf915fd6d3bf553e.png"},21242:(n,e,r)=>{r.d(e,{Z:()=>i});const i=r.p+"assets/images/SDCardFormat_001-57c9e9a599f23d3c521d7599f177f92e.png"},52367:(n,e,r)=>{r.d(e,{Z:()=>i});const i=r.p+"assets/images/Windows_FlashDevice_001-6664d11e13888354bcf284a344ef38e1.png"},66263:(n,e,r)=>{r.d(e,{Z:()=>i});const i=r.p+"assets/images/Windows_FlashDevice_002-434d5d3fdd8f4160d4afb35195b7c137.png"},98994:(n,e,r)=>{r.d(e,{Z:()=>i});const i=r.p+"assets/images/Windows_FlashDevice_003-d0679ca8f7a2278023afe4f638e855ae.png"},14291:(n,e,r)=>{r.d(e,{Z:()=>i});const i=r.p+"assets/images/Windows_FlashDevice_004-edb5ad2c10b0d343f8ce42689a449cb0.png"},26871:(n,e,r)=>{r.d(e,{Z:()=>i});const i=r.p+"assets/images/Windows_FlashDevice_005-7c054b56f21aa174b88d818d9ea0f1e6.png"},23829:(n,e,r)=>{r.d(e,{Z:()=>i});const i=r.p+"assets/images/Windows_FlashDevice_006-dfd6b90fb1a4fdca4c95a07ae1ea5f7f.png"},70587:(n,e,r)=>{r.d(e,{Z:()=>i});const i=r.p+"assets/images/Windows_FlashDevice_007-2e70c62d62e3119beaeafd69b486c93e.png"},29195:(n,e,r)=>{r.d(e,{Z:()=>i});const i=r.p+"assets/images/image-20240709112823756-17205082843101-da834ad60417552494de6b9e814d9769.png"},63197:(n,e,r)=>{r.d(e,{Z:()=>i});const i=r.p+"assets/images/image-20240709150445616-458053e739488fc2c376940bd748fec5.png"},11151:(n,e,r)=>{r.d(e,{Z:()=>c,a:()=>d});var i=r(67294);const s={},t=i.createContext(s);function d(n){const e=i.useContext(t);return i.useMemo((function(){return"function"==typeof n?n(e):{...e,...n}}),[e,n])}function c(n){let e;return e=n.disableParentContext?"function"==typeof n.components?n.components(s):n.components||s:d(n.components),i.createElement(t.Provider,{value:e},n.children)}}}]);