"use strict";(self.webpackChunkmy_website=self.webpackChunkmy_website||[]).push([[1265],{77255:(n,r,e)=>{e.r(r),e.d(r,{assets:()=>a,contentTitle:()=>o,default:()=>u,frontMatter:()=>t,metadata:()=>c,toc:()=>d});var i=e(85893),s=e(11151);const t={sidebar_position:1},o="\u542f\u52a8\u5f00\u53d1\u677f",c={id:"D1s-CVBS/part1/QuickStart",title:"\u542f\u52a8\u5f00\u53d1\u677f",description:"\u63d2\u516512v\u7535\u6e90\uff0c\u62e8\u52a8\u5f00\u5173\u5373\u53ef\u542f\u52a8\u5f00\u53d1\u677f\u3002",source:"@site/docs/D1s-CVBS/part1/03-QuickStart.md",sourceDirName:"D1s-CVBS/part1",slug:"/D1s-CVBS/part1/QuickStart",permalink:"/en/docs/D1s-CVBS/part1/QuickStart",draft:!1,unlisted:!1,editUrl:"https://github.com/100askTeam/linuxboard-docs/tree/main/docs/D1s-CVBS/part1/03-QuickStart.md",tags:[],version:"current",sidebarPosition:1,frontMatter:{sidebar_position:1},sidebar:"d1scvbsSidebar",previous:{title:"\u5feb\u901f\u542f\u52a8",permalink:"/en/docs/category/\u5feb\u901f\u542f\u52a8-3"},next:{title:"\u5feb\u901f\u5f00\u59cb\u4f7f\u7528",permalink:"/en/docs/D1s-CVBS/part1/03-1_FlashSystem"}},a={},d=[{value:"windows\u4e0b\u4f7f\u7528 ADB\u767b\u5f55\u7cfb\u7edf",id:"windows\u4e0b\u4f7f\u7528-adb\u767b\u5f55\u7cfb\u7edf",level:2},{value:"\u8fde\u63a5OTG\u7ebf",id:"\u8fde\u63a5otg\u7ebf",level:3},{value:"\u5b89\u88c5windows\u677fADB",id:"\u5b89\u88c5windows\u677fadb",level:3},{value:"\u6253\u5f00cmd\u8fde\u63a5\u5f00\u53d1\u677f",id:"\u6253\u5f00cmd\u8fde\u63a5\u5f00\u53d1\u677f",level:3},{value:"\u4f7f\u7528\u4e32\u53e3\u767b\u5f55\u7cfb\u7edf",id:"\u4f7f\u7528\u4e32\u53e3\u767b\u5f55\u7cfb\u7edf",level:2},{value:"1. \u8fde\u63a5\u4e32\u53e3\u7ebf",id:"1-\u8fde\u63a5\u4e32\u53e3\u7ebf",level:3},{value:"2. \u6253\u5f00\u4e32\u53e3\u63a7\u5236\u53f0",id:"2-\u6253\u5f00\u4e32\u53e3\u63a7\u5236\u53f0",level:3},{value:"\u83b7\u53d6\u4e32\u53e3\u5de5\u5177",id:"\u83b7\u53d6\u4e32\u53e3\u5de5\u5177",level:4},{value:"\u4f7f\u7528putty\u767b\u5f55\u4e32\u53e3",id:"\u4f7f\u7528putty\u767b\u5f55\u4e32\u53e3",level:4},{value:"\u4f7f\u7528Mobaxterm\u767b\u5f55\u4e32\u53e3",id:"\u4f7f\u7528mobaxterm\u767b\u5f55\u4e32\u53e3",level:4},{value:"3. \u8fdb\u5165\u7cfb\u7edfshell",id:"3-\u8fdb\u5165\u7cfb\u7edfshell",level:3}];function l(n){const r={a:"a",code:"code",h1:"h1",h2:"h2",h3:"h3",h4:"h4",img:"img",li:"li",p:"p",pre:"pre",strong:"strong",ul:"ul",...(0,s.a)(),...n.components};return(0,i.jsxs)(i.Fragment,{children:[(0,i.jsx)(r.h1,{id:"\u542f\u52a8\u5f00\u53d1\u677f",children:"\u542f\u52a8\u5f00\u53d1\u677f"}),"\n",(0,i.jsx)(r.p,{children:"\u63d2\u516512v\u7535\u6e90\uff0c\u62e8\u52a8\u5f00\u5173\u5373\u53ef\u542f\u52a8\u5f00\u53d1\u677f\u3002"}),"\n",(0,i.jsx)(r.p,{children:(0,i.jsx)(r.img,{alt:"image-20240628155339481",src:e(29592).Z+"",width:"772",height:"645"})}),"\n",(0,i.jsxs)(r.p,{children:["\u5982\u679c\u60f3\u65b9\u4fbf\u4f7f\u7528\u7684\u8bdd\uff0c\u53ef\u4ee5\u4f18\u5148\u4f7f\u7528\u4e0b\u9762\u7684 ",(0,i.jsx)(r.strong,{children:"\u4f7f\u7528ADB\u767b\u5f55\u7cfb\u7edf"})," \u65b9\u5f0f\u8fdb\u884c\u767b\u5f55\u7cfb\u7edf"]}),"\n",(0,i.jsx)(r.h2,{id:"windows\u4e0b\u4f7f\u7528-adb\u767b\u5f55\u7cfb\u7edf",children:"windows\u4e0b\u4f7f\u7528 ADB\u767b\u5f55\u7cfb\u7edf"}),"\n",(0,i.jsx)(r.h3,{id:"\u8fde\u63a5otg\u7ebf",children:"\u8fde\u63a5OTG\u7ebf"}),"\n",(0,i.jsxs)(r.p,{children:["\u5c06\u5f00\u53d1\u677f\u914d\u5957\u7684\u4e24\u6839typec\u7ebf\uff0c\u4e00\u6839 \u76f4\u63a5\u8fde\u63a5\u81f3 \u5f00\u53d1\u677f ",(0,i.jsx)(r.code,{children:"OTG\u70e7\u5f55\u63a5\u53e3"})," \u53e6\u4e00\u5934\u8fde\u63a5\u81f3\u7535\u8111\u7684USB\u63a5\u53e3\uff0c\u5f00\u53d1\u677f\u9ed8\u8ba4\u6709\u7cfb\u7edf\uff0c\u63a5\u901aotg\u7535\u6e90\u7ebf\u5c31\u4f1a\u901a\u7535\u5e76\u76f4\u63a5\u542f\u52a8\u3002"]}),"\n",(0,i.jsx)(r.h3,{id:"\u5b89\u88c5windows\u677fadb",children:"\u5b89\u88c5windows\u677fADB"}),"\n",(0,i.jsxs)(r.p,{children:["\u70b9\u51fb\u94fe\u63a5\u4e0b\u8f7dWindows\u7248ADB\u5de5\u5177 ",(0,i.jsx)(r.a,{href:"https://gitlab.com/dongshanpi/tools/-/raw/main/ADB.7z",children:"adb-tools"}),"\r\n\u4e0b\u8f7d\u5b8c\u6210\u540e\u89e3\u538b\uff0c\u53ef\u4ee5\u770b\u5230\u5982\u4e0b\u76ee\u5f55\uff0c"]}),"\n",(0,i.jsx)(r.p,{children:(0,i.jsx)(r.img,{src:"https://photos.100ask.net/dongshanpi-docs/d1s/adb-tools-dir.png",alt:"adb-tools-dir"})}),"\n",(0,i.jsxs)(r.p,{children:["\u7136\u540e \u6211\u4eec\u5355\u72ec \u62f7\u8d1d \u4e0a\u4e00\u5c42\u7684 ",(0,i.jsx)(r.strong,{children:"platform-tools"})," \u6587\u4ef6\u5939\u5230\u4efb\u610f \u76ee\u5f55\uff0c\u62f7\u8d1d\u5b8c\u6210\u540e\uff0c\u8bb0\u4f4f\u8fd9\u4e2a \u76ee\u5f55\u4f4d\u7f6e\uff0c\u6211\u4eec\u63a5\u4e0b\u6765\u8981\u628a\u8fd9\u4e2a \u8def\u5f84\u6dfb\u52a0\u81f3 Windows\u7cfb\u7edf\u73af\u5883\u53d8\u91cf\u91cc\u3002"]}),"\n",(0,i.jsx)(r.p,{children:(0,i.jsx)(r.img,{src:"https://photos.100ask.net/dongshanpi-docs/d1s/adb-tools-dir-001.png",alt:"adb-tools-dir"})}),"\n",(0,i.jsxs)(r.p,{children:["\u6211\u8fd9\u91cc\u662f\u628a\u5b83\u5355\u72ec\u62f7\u8d1d\u5230\u4e86 D\u76d8\uff0c\u6211\u7684\u76ee\u5f55\u662f ",(0,i.jsx)(r.code,{children:"D:\\platform-tools"})," \u63a5\u4e0b\u6765 \u6211\u9700\u8981\u628a\u5b83\u5355\u72ec\u6dfb\u52a0\u5230Windows\u7cfb\u7edf\u73af\u5883\u53d8\u91cf\u91cc\u9762\u624d\u53ef\u4ee5\u5728\u4efb\u610f\u4f4d\u7f6e\u4f7f\u7528adb\u547d\u4ee4\u3002"]}),"\n",(0,i.jsx)(r.p,{children:(0,i.jsx)(r.img,{src:"https://photos.100ask.net/dongshanpi-docs/d1s/adb-tools-windows_config_001.png",alt:"adb-tools-windows_config_001"})}),"\n",(0,i.jsxs)(r.p,{children:["\u6dfb\u52a0\u5230 Windows\u7cfb\u7edf\u73af\u5883\u53d8\u91cf\u91cc\u9762\r\n",(0,i.jsx)(r.img,{src:"https://photos.100ask.net/dongshanpi-docs/d1s/adb-tools-windows_config_002.png",alt:"adb-tools-windows_config_001"})]}),"\n",(0,i.jsx)(r.h3,{id:"\u6253\u5f00cmd\u8fde\u63a5\u5f00\u53d1\u677f",children:"\u6253\u5f00cmd\u8fde\u63a5\u5f00\u53d1\u677f"}),"\n",(0,i.jsxs)(r.p,{children:["\u6253\u5f00CMD Windows \u547d\u4ee4\u63d0\u793a\u7b26\u65b9\u5f0f\u6709\u4e24\u79cd\r\n\u65b9\u5f0f1\uff1a\u76f4\u63a5\u5728Windows10/11\u641c\u7d22\u5bf9\u8bdd\u6846\u4e2d\u8f93\u5165  cmd \u5728\u5f39\u51fa\u7684\u8f6f\u4ef6\u4e2d\u70b9\u51fb  ",(0,i.jsx)(r.code,{children:"\u547d\u4ee4\u63d0\u793a\u7b26"}),"\r\n\u65b9\u5f0f2\uff1a\u540c\u65f6\u6309\u4e0b wind + r \u952e\uff0c\u8f93\u5165 cmd \u547d\u4ee4\uff0c\u6309\u4e0b\u786e\u8ba4 \u5c31\u53ef\u4ee5\u81ea\u52a8\u6253\u5f00 ",(0,i.jsx)(r.code,{children:"\u547d\u4ee4\u63d0\u793a\u7b26"})]}),"\n",(0,i.jsx)(r.p,{children:(0,i.jsx)(r.img,{src:"https://photos.100ask.net/dongshanpi-docs/d1s/adb-tools-windows_config_003.png",alt:"adb-tools-windows_config_003"})}),"\n",(0,i.jsx)(r.p,{children:"\u6253\u5f00\u547d\u4ee4\u63d0\u793a\u7b26\uff0c\u8f93\u51fa adb\u547d\u4ee4\u53ef\u4ee5\u76f4\u63a5\u770b\u5230\u6211\u4eec\u7684adb\u5df2\u7ecf\u914d\u7f6e\u6210\u529f"}),"\n",(0,i.jsx)(r.p,{children:(0,i.jsx)(r.img,{src:"https://photos.100ask.net/dongshanpi-docs/d1s/adb-tools-windows_config_004.png",alt:"adb-tools-windows_config_004"})}),"\n",(0,i.jsx)(r.p,{children:"\u8fde\u63a5\u597d\u5f00\u53d1\u677f\u7684 OTG \u5e76\u5c06\u5176\u8fde\u63a5\u81f3\u7535\u8111\u4e0a\uff0c\u7136\u540e \u8f93\u5165 adb shell\u5c31\u53ef\u4ee5\u81ea\u52a8\u767b\u5f55\u7cfb\u7edf"}),"\n",(0,i.jsx)(r.pre,{children:(0,i.jsx)(r.code,{className:"language-shell",children:"\r\nC:\\System> adb shell\r\n* daemon not running. starting it now on port 5037 *\r\n* daemon started successfully *\r\n\r\n _____  _              __     _\r\n|_   _||_| ___  _ _   |  |   |_| ___  _ _  _ _\r\n  | |   _ |   ||   |  |  |__ | ||   || | ||_'_|\r\n  | |  | || | || _ |  |_____||_||_|_||___||_,_|\r\n  |_|  |_||_|_||_|_|  Tina is Based on OpenWrt!\r\n ----------------------------------------------\r\n Tina Linux\r\n ----------------------------------------------\r\nroot@TinaLinux:/#\r\n\n"})}),"\n",(0,i.jsx)(r.p,{children:"ADB \u4e5f\u53ef\u4ee5\u4f5c\u4e3a\u6587\u4ef6\u4f20\u8f93\u4f7f\u7528\uff0c\u4f8b\u5982\uff1a"}),"\n",(0,i.jsx)(r.pre,{children:(0,i.jsx)(r.code,{className:"language-shell",children:"C:\\System> adb push badapple.mp4 /mnt/UDISK   # \u5c06 badapple.mp4 \u4e0a\u4f20\u5230\u5f00\u53d1\u677f /mnt/UDISK \u76ee\u5f55\u5185\n"})}),"\n",(0,i.jsx)(r.pre,{children:(0,i.jsx)(r.code,{className:"language-shell",children:"C:\\System> adb pull /mnt/UDISK/badapple.mp4   # \u5c06 /mnt/UDISK/badapple.mp4 \u4e0b\u62c9\u5230\u5f53\u524d\u76ee\u5f55\u5185\n"})}),"\n",(0,i.jsx)(r.p,{children:(0,i.jsx)(r.strong,{children:"\u6ce8\u610f\uff1a \u6b64\u65b9\u6cd5\u76ee\u524d\u53ea\u9002\u7528\u4e8e \u4f7f\u7528\u5168\u5fd7Tina-SDK \u6784\u5efa\u51fa\u6765\u7684\u7cfb\u7edf\u3002"})}),"\n",(0,i.jsx)(r.h2,{id:"\u4f7f\u7528\u4e32\u53e3\u767b\u5f55\u7cfb\u7edf",children:"\u4f7f\u7528\u4e32\u53e3\u767b\u5f55\u7cfb\u7edf"}),"\n",(0,i.jsx)(r.h3,{id:"1-\u8fde\u63a5\u4e32\u53e3\u7ebf",children:"1. \u8fde\u63a5\u4e32\u53e3\u7ebf"}),"\n",(0,i.jsx)(r.p,{children:"\u5c06\u914d\u5957\u7684TypeC\u7ebf\u4e00\u6bb5\u8fde\u63a5\u81f3\u5f00\u53d1\u677f\u7684\u4e32\u53e3/\u4f9b\u7535\u63a5\u53e3\uff0c\u53e6\u4e00\u7aef\u8fde\u63a5\u81f3\u7535\u8111USB\u63a5\u53e3\uff0c\u8fde\u63a5\u6210\u529f\u540e\u677f\u8f7d\u7684\u7ea2\u8272\u7535\u6e90\u706f\u4f1a\u4eae\u8d77\u3002\r\n\u9ed8\u8ba4\u60c5\u51b5\u4e0b\u7cfb\u7edf\u4f1a\u81ea\u52a8\u5b89\u88c5\u4e32\u53e3\u8bbe\u5907\u9a71\u52a8\uff0c\u5982\u679c\u6ca1\u6709\u81ea\u52a8\u5b89\u88c5\uff0c\u53ef\u4ee5\u4f7f\u7528\u9a71\u52a8\u7cbe\u7075\u6765\u81ea\u52a8\u5b89\u88c5\u3002"}),"\n",(0,i.jsxs)(r.ul,{children:["\n",(0,i.jsxs)(r.li,{children:["\u5bf9\u4e8eWindows\u7cfb\u7edf\r\n\u6b64\u65f6Windows\u8bbe\u5907\u7ba1\u7406\u5668 \u5728 \u7aef\u53e3(COM\u548cLPT) \u5904\u4f1a\u591a\u51fa\u4e00\u4e2a\u4e32\u53e3\u8bbe\u5907\uff0c\u4e00\u822c\u662f\u4ee5 ",(0,i.jsx)(r.code,{children:"USB-Enhanced-SERIAL CH9102"}),"\u5f00\u5934\uff0c\u60a8\u9700\u8981\u7559\u610f\u4e00\u4e0b\u540e\u9762\u7684\u5177\u4f53COM\u7f16\u53f7\uff0c\u7528\u4e8e\u540e\u7eed\u8fde\u63a5\u4f7f\u7528\u3002"]}),"\n"]}),"\n",(0,i.jsx)(r.p,{children:(0,i.jsx)(r.img,{src:"https://photos.100ask.net/dongshanpi-docs/DongshanNezhaSTU/QuickStart-01.png",alt:"QuickStart-01"})}),"\n",(0,i.jsx)(r.p,{children:"\u5982\u4e0a\u56fe\uff0cCOM\u53f7\u662f96\uff0c\u6211\u4eec\u63a5\u4e0b\u6765\u8fde\u63a5\u6240\u4f7f\u7528\u7684\u4e32\u53e3\u53f7\u5c31\u662f96\u3002"}),"\n",(0,i.jsxs)(r.ul,{children:["\n",(0,i.jsx)(r.li,{children:"\u5bf9\u4e8eLinux\u7cfb\u7edf\r\n\u53ef\u4ee5\u67e5\u770b\u662f\u5426\u591a\u51fa\u4e00\u4e2a/dev/tty \u8bbe\u5907,\u4e00\u822c\u60c5\u51b5\u8bbe\u5907\u8282\u70b9\u4e3a /dev/ttyACM0  \u3002"}),"\n"]}),"\n",(0,i.jsx)(r.p,{children:(0,i.jsx)(r.img,{src:"https://photos.100ask.net/dongshanpi-docs/DongshanNezhaSTU/QuickStart-02.png",alt:"QuickStart-02"})}),"\n",(0,i.jsx)(r.h3,{id:"2-\u6253\u5f00\u4e32\u53e3\u63a7\u5236\u53f0",children:"2. \u6253\u5f00\u4e32\u53e3\u63a7\u5236\u53f0"}),"\n",(0,i.jsx)(r.h4,{id:"\u83b7\u53d6\u4e32\u53e3\u5de5\u5177",children:"\u83b7\u53d6\u4e32\u53e3\u5de5\u5177"}),"\n",(0,i.jsx)(r.p,{children:"\u4f7f\u7528Putty\u6216\u8005MobaXterm\u7b49\u4e32\u53e3\u5de5\u5177\u6765\u5f00\u53d1\u677f\u8bbe\u5907\u3002"}),"\n",(0,i.jsxs)(r.ul,{children:["\n",(0,i.jsxs)(r.li,{children:["\u5176\u4e2dputty\u5de5\u5177\u53ef\u4ee5\u8bbf\u95ee\u9875\u9762  ",(0,i.jsx)(r.a,{href:"https://www.chiark.greenend.org.uk/~sgtatham/putty/",children:"https://www.chiark.greenend.org.uk/~sgtatham/putty/"}),"  \u6765\u83b7\u53d6\u3002"]}),"\n",(0,i.jsxs)(r.li,{children:["MobaXterm\u53ef\u4ee5\u901a\u8fc7\u8bbf\u95ee\u9875\u9762 ",(0,i.jsx)(r.a,{href:"https://mobaxterm.mobatek.net/",children:"https://mobaxterm.mobatek.net/"})," \u83b7\u53d6 (\u63a8\u8350\u4f7f\u7528)\u3002"]}),"\n"]}),"\n",(0,i.jsx)(r.h4,{id:"\u4f7f\u7528putty\u767b\u5f55\u4e32\u53e3",children:"\u4f7f\u7528putty\u767b\u5f55\u4e32\u53e3"}),"\n",(0,i.jsx)(r.p,{children:(0,i.jsx)(r.img,{src:"https://photos.100ask.net/dongshanpi-docs/DongshanNezhaSTU/QuickStart-04.png",alt:"QuickStart-04"})}),"\n",(0,i.jsx)(r.h4,{id:"\u4f7f\u7528mobaxterm\u767b\u5f55\u4e32\u53e3",children:"\u4f7f\u7528Mobaxterm\u767b\u5f55\u4e32\u53e3"}),"\n",(0,i.jsxs)(r.p,{children:["\u6253\u5f00MobaXterm\uff0c\u70b9\u51fb\u5de6\u4e0a\u89d2\u7684\u201cSession\u201d\uff0c\u5728\u5f39\u51fa\u7684\u754c\u9762\u9009\u4e2d\u201cSerial\u201d\uff0c\u5982\u4e0b\u56fe\u6240\u793a\u9009\u62e9\u7aef\u53e3\u53f7\uff08\u524d\u9762\u8bbe\u5907\u7ba1\u7406\u5668\u663e\u793a\u7684\u7aef\u53e3\u53f7COM21\uff09\u3001\u6ce2\u7279\u7387\uff08Speed 115200\uff09\u3001\u6d41\u63a7\uff08Flow Control: none\uff09,\u6700\u540e\u70b9\u51fb\u201cOK\u201d\u5373\u53ef\u3002\u6b65\u9aa4\u5982\u4e0b\u56fe\u6240\u793a\u3002\r\n",(0,i.jsx)(r.strong,{children:"\u6ce8\u610f\uff1a\u6d41\u63a7\uff08Flow Control\uff09\u4e00\u5b9a\u8981\u9009\u62e9none\uff0c\u5426\u5219\u4f60\u5c06\u65e0\u6cd5\u5728MobaXterm\u4e2d\u5411\u4e32\u53e3\u8f93\u5165\u6570\u636e"})]}),"\n",(0,i.jsx)(r.p,{children:(0,i.jsx)(r.img,{src:"https://photos.100ask.net/dongshanpi-docs/DongshanNezhaSTU/Mobaxterm_serial_set_001.png",alt:"Mobaxterm_serial_set_001"})}),"\n",(0,i.jsx)(r.h3,{id:"3-\u8fdb\u5165\u7cfb\u7edfshell",children:"3. \u8fdb\u5165\u7cfb\u7edfshell"}),"\n",(0,i.jsxs)(r.p,{children:["\u4f7f\u7528\u4e32\u53e3\u5de5\u5177\u6210\u529f\u6253\u5f00\u4e32\u53e3\u540e\uff0c\u53ef\u4ee5\u76f4\u63a5\u6309\u4e0b Enter \u952e \u8fdb\u5165shell\uff0c\u5f53\u7136\u60a8\u4e5f\u53ef\u4ee5\u6309\u4e0b\u677f\u5b50\u4e0a\u7684 ",(0,i.jsx)(r.code,{children:"Reset"}),"\u590d\u4f4d\u952e\uff0c\u6765\u67e5\u770b\u5b8c\u6574\u7684\u7cfb\u7edf\u4fe1\u606f\u3002"]}),"\n",(0,i.jsx)(r.pre,{children:(0,i.jsx)(r.code,{className:"language-bash",children:"[53]HELLO! BOOT0 is starting!\r\n[56]BOOT0 commit : 88480af\r\n[59]set pll start\r\n[61]fix vccio detect value:0xc0\r\n[64]periph0 has been enabled\r\n[67]set pll end\r\n[68][pmu]: bus read error\r\n[70]board init ok\r\n[72]ZQ value = 0x2e\r\n[74]get_pmu_exist() = -1\r\n[76]DRAM BOOT DRIVE INFO: V0.33\r\n[79]DRAM CLK = 528 MHz\r\n[81]DRAM Type = 2 (2:DDR2,3:DDR3)\r\n[85]DRAMC read ODT  off.\r\n[87]DRAM ODT off.\r\n[89]ddr_efuse_type: 0xa\r\n[91]DRAM SIZE =64 M\r\n[93]dram_tpr4:0x0\r\n[95]PLL_DDR_CTRL_REG:0xf8002b00\r\n[98]DRAM_CLK_REG:0xc0000000\r\n[100][TIMING DEBUG] MR2= 0x0\r\n[105]DRAM simple test OK.\r\n[107]dram size =64\r\n[109]spinand UBOOT_START_BLK_NUM 8 UBOOT_LAST_BLK_NUM 32\r\n[114]block from 8 to 32\r\n[171]Check is correct.\r\n[173]dma 0x301a8 int is not used yet\r\n[177]dma 0x301a8 int is free, you do not need to free it again\r\n[182]Entry_name        = opensbi\r\n[186]Entry_name        = u-boot\r\n[189]Entry_name        = dtb\r\n\u2592192]Jump to second Boot.\r\n\r\nU-Boot 2018.05-g24521d6-dirty (Feb 27 2024 - 20:21:41 -0500) Allwinner Technology\r\n\r\n[00.202]DRAM:  64 MiB\r\n[00.204]Relocation Offset is: 01ee7000\r\n[00.209]secure enable bit: 0\r\n[00.212]CPU=720 MHz,PLL6=600 Mhz,AHB=200 Mhz, APB1=100Mhz  MBus=300Mhz\r\n[00.218]flash init start\r\n[00.220]workmode = 0,storage type = 0\r\nsspi->base_addr = 0x4025000, the SPI control register:\r\n[VER] 0x4025000 = 0x00010001, [GCR] 0x4025004 = 0x00000083, [TCR] 0x4025008 = 0x00000184\r\n[ICR] 0x4025010 = 0x00000f00, [ISR] 0x4025014 = 0x00000032, [FCR] 0x4025018 = 0x00200020\r\n[FSR] 0x402501c = 0x00000000, [WCR] 0x4025020 = 0x00000000, [CCR] 0x4025024 = 0x00000002\r\n[SDC] 0x4025028 = 0x00002000, [BCR] 0x4025030 = 0x00000000, [TCR] 0x4025034 = 0x00000000\r\n[BCC] 0x4025038 = 0x20000000, [DMA] 0x4025088 = 0x000000e5\r\n\r\n[00.269]sunxi-spinand-phy: not detect any munufacture from id table\r\n[00.276]sunxi-spinand-phy: get spi-nand Model from fdt fail\r\n[00.281]sunxi-spinand-phy: get phy info from fdt fail\r\n\r\ndevice nand0 <nand>, # parts = 4\r\n #: name                size            offset          mask_flags\r\n 0: boot0               0x00100000      0x00000000      1\r\n 1: uboot               0x00300000      0x00100000      1\r\n 2: secure_storage      0x00100000      0x00400000      1\r\n 3: sys                 0x07b00000      0x00500000      0\r\n\r\nactive partition: nand0,0 - (boot0) 0x00100000 @ 0x00000000\r\n\r\ndefaults:\r\nmtdids  : nand0=nand\r\nmtdparts: mtdparts=nand:1024k@0(boot0)ro,3072k@1048576(uboot)ro,1024k@4194304(secure_storage)ro,-(sys)\r\n[00.397]ubi0: attaching mtd4\r\n[00.495]ubi0: scanning is finished\r\n[00.503]ubi0: attached mtd4 (name \"sys\", size 123 MiB)\r\n[00.507]ubi0: PEB size: 262144 bytes (256 KiB), LEB size: 258048 bytes\r\n[00.514]ubi0: min./max. I/O unit sizes: 4096/4096, sub-page size 2048\r\n[00.520]ubi0: VID header offset: 2048 (aligned 2048), data offset: 4096\r\n[00.526]ubi0: good PEBs: 492, bad PEBs: 0, corrupted PEBs: 0\r\n[00.531]ubi0: user volume: 9, internal volumes: 1, max. volumes count: 128\r\n[00.538]ubi0: max/mean erase counter: 2/1, WL threshold: 4096, image sequence number: 0\r\n[00.546]ubi0: available PEBs: 0, total reserved PEBs: 492, PEBs reserved for bad PEB handling: 20\r\n[00.554]sunxi flash init ok\r\n[00.557]line:703 init_clocks\r\n[00.560]drv_disp_init\r\nrequest pwm success, pwm7:pwm7:0x2000c00.\r\n[00.581]drv_disp_init finish\r\n[00.584]boot_gui_init:start\r\n[00.587]set disp.dev2_output_type fail. using defval=0\r\n[00.594]boot_gui_init:finish\r\npartno erro : can't find partition bootloader\r\n54 bytes read in 0 ms\r\n[00.725]bmp_name=bootlogo.bmp size 38454\r\n38454 bytes read in 2 ms (18.3 MiB/s)\r\n[00.775]LCD open finish\r\n[00.853]Loading Environment from SUNXI_FLASH... OK\r\n[00.876]out of usb burn from boot: not need burn key\r\n[00.882]Item0 (Map) magic is bad\r\npartno erro : can't find partition private\r\n[00.910]update bootcmd\r\n[00.923]change working_fdt 0x42aa6da0 to 0x42a86da0\r\nNo reserved memory region found in source FDT\r\n[00.956]update dts\r\nnoncached_alloc(): addr = 0x42ca5080\r\nnoncached_alloc(): addr = 0x42ca50c0\r\nnoncached_alloc(): addr = 0x42ca5100\r\nnoncached_alloc(): addr = 0x42ca5940\r\ngeth_sys_init:634: get node 'gmac0' error\r\ngeth_sys_init fail!\r\n[00.977]Board Net Initialization Failed\r\n[00.980]No ethernet found.\r\nHit any key to stop autoboot:  0\r\n[02.372]no vendor_boot partition is found\r\nAndroid's image name: d1s-cvbs\r\nDetect comp none\r\n[02.390]\r\nStarting kernel ...\r\n\r\n\u2592** 17 printk messages dropped **\r\nDentry cache hash table entries: 8192 (order: 4, 65536 bytes, linear)\r\nInode-cache hash table entries: 4096 (order: 3, 32768 bytes, linear)\r\nSorting __ex_table...\r\nmem auto-init: stack:off, heap alloc:off, heap free:off\r\nMemory: 55032K/65536K available (4775K kernel code, 427K rwdata, 1864K rodata, 152K init, 240K bss, 10504K reserved, 0K cma-reserved)\r\nSLUB: HWalign=64, Order=0-3, MinObjects=0, CPUs=1, Nodes=1\r\nrcu: Preemptible hierarchical RCU implementation.\r\n        Tasks RCU enabled.\r\nrcu: RCU calculated value of scheduler-enlistment delay is 10 jiffies.\r\nNR_IRQS: 0, nr_irqs: 0, preallocated irqs: 0\r\nplic: mapped 200 interrupts with 1 handlers for 2 contexts.\r\nriscv_timer_init_dt: Registering clocksource cpuid [0] hartid [0]\r\nclocksource: riscv_clocksource: mask: 0xffffffffffffffff max_cycles: 0x588fe9dc0, max_idle_ns: 440795202592 ns\r\nsched_clock: 64 bits at 24MHz, resolution 41ns, wraps every 4398046511097ns\r\nriscv_timer_clockevent depends on broadcast, but no broadcast function available\r\nclocksource: timer: mask: 0xffffffff max_cycles: 0xffffffff, max_idle_ns: 79635851949 ns\r\nCalibrating delay loop (skipped), value calculated using timer frequency.. 48.00 BogoMIPS (lpj=240000)\r\npid_max: default: 32768 minimum: 301\r\nMount-cache hash table entries: 512 (order: 0, 4096 bytes, linear)\r\nMountpoint-cache hash table entries: 512 (order: 0, 4096 bytes, linear)\r\nASID allocator initialised with 65536 entries\r\nrcu: Hierarchical SRCU implementation.\r\ndevtmpfs: initialized\r\nrandom: get_random_u32 called from bucket_table_alloc.isra.27+0xfe/0x120 with crng_init=0\r\nclocksource: jiffies: mask: 0xffffffff max_cycles: 0xffffffff, max_idle_ns: 19112604462750000 ns\r\nfutex hash table entries: 256 (order: 0, 6144 bytes, linear)\r\npinctrl core: initialized pinctrl subsystem\r\nNET: Registered protocol family 16\r\nDMA: preallocated 256 KiB pool for atomic allocations\r\ncpuidle: using governor menu\r\nrtc_ccu: sunxi ccu init OK\r\nclock: sunxi ccu init OK\r\nclock: sunxi ccu init OK\r\niommu: Default domain type: Translated\r\nsunxi iommu: irq = 4\r\nSCSI subsystem initialized\r\nusbcore: registered new interface driver usbfs\r\nusbcore: registered new interface driver hub\r\nusbcore: registered new device driver usb\r\nmc: Linux media interface: v0.10\r\nvideodev: Linux video capture interface: v2.00\r\nAdvanced Linux Sound Architecture Driver Initialized.\r\nBluetooth: Core ver 2.22\r\nNET: Registered protocol family 31\r\nBluetooth: HCI device and connection manager initialized\r\nBluetooth: HCI socket layer initialized\r\nBluetooth: L2CAP socket layer initialized\r\nBluetooth: SCO socket layer initialized\r\npwm module init!\r\ng2d 5410000.g2d: Adding to iommu group 0\r\nG2D: rcq version initialized.major:251\r\nclocksource: Switched to clocksource riscv_clocksource\r\nsun8iw20-pinctrl 2000000.pinctrl: initialized sunXi PIO driver\r\nNET: Registered protocol family 2\r\ntcp_listen_portaddr_hash hash table entries: 256 (order: 0, 4096 bytes, linear)\r\nTCP established hash table entries: 512 (order: 0, 4096 bytes, linear)\r\nTCP bind hash table entries: 512 (order: 0, 4096 bytes, linear)\r\nTCP: Hash tables configured (established 512 bind 512)\r\nUDP hash table entries: 256 (order: 1, 8192 bytes, linear)\r\nUDP-Lite hash table entries: 256 (order: 1, 8192 bytes, linear)\r\nNET: Registered protocol family 1\r\nsun8iw20-pinctrl 2000000.pinctrl: 2000000.pinctrl supply vcc-pc not found, using dummy regulator\r\nspi spi0: spi0 supply spi not found, using dummy regulator\r\nsunxi_spi_resource_get()2151 - [spi0] SPI MASTER MODE\r\nsunxi_spi_resource_get()2189 - Failed to get sample mode\r\nsunxi_spi_resource_get()2194 - Failed to get sample delay\r\nsunxi_spi_resource_get()2198 - sample_mode:-1431633921 sample_delay:-1431633921\r\nsunxi_spi_clk_init()2240 - [spi0] mclk 100000000\r\nsunxi_spi_probe()2653 - [spi0]: driver probe succeed, base ffffffd004058000, irq 31\r\nworkingset: timestamp_bits=62 max_order=14 bucket_order=0\r\nsquashfs: version 4.0 (2009/01/31) Phillip Lougher\r\nntfs: driver 2.1.32 [Flags: R/W].\r\nio scheduler mq-deadline registered\r\nio scheduler kyber registered\r\n[DISP]disp_module_init\r\ndisp 5000000.disp: Adding to iommu group 0\r\n[DISP] parser_disp_init_para,line:1430:\r\nof_property_read fb0_width fail\r\n[DISP] disp_init,line:2386:\r\nsmooth display screen:0 type:1 mode:4\r\ndisp 5000000.disp: 5000000.disp supply vcc-lcd not found, using dummy regulator\r\ndisp 5000000.disp: 5000000.disp supply vcc-pd not found, using dummy regulator\r\ndisplay_fb_request,fb_id:0\r\nFreeing logo buffer memory: 1500K\r\ndisp_al_manager_apply ouput_type:1\r\n[DISP] lcd_clk_config,line:732:\r\ndisp 0, clk: pll(306000000),clk(306000000),dclk(51000000) dsi_rate(306000000)\r\n     clk real:pll(300000000),clk(300000000),dclk(50000000) dsi_rate(0)\r\nsun8iw20-pinctrl 2000000.pinctrl: 2000000.pinctrl supply vcc-pd not found, using dummy regulator\r\n[DISP]disp_module_init finish\r\nsunxi_sid_init()551 - insmod ok\r\npwm-regulator: supplied by regulator-dummy\r\nuart uart0: get regulator failed\r\nuart uart0: uart0 supply uart not found, using dummy regulator\r\nuart0: ttyS0 at MMIO 0x2500000 (irq = 18, base_baud = 1500000) is a SUNXI\r\nsun8iw20-pinctrl 2000000.pinctrl: 2000000.pinctrl supply vcc-pb not found, using dummy regulator\r\nuart uart3: get regulator failed\r\nuart uart3: uart3 supply uart not found, using dummy regulator\r\nuart3: ttyS3 at MMIO 0x2500c00 (irq = 21, base_baud = 1500000) is a SUNXI\r\nsw_console_setup()1808 - console setup baud 115200 parity n bits 8, flow n\r\nprintk: console [ttyS3] enabled\r\nmisc dump reg init\r\nsun8iw20-pinctrl 2000000.pinctrl: 2000000.pinctrl supply vcc-pg not found, using dummy regulator\r\nsunxi-rfkill soc@3000000:rfkill@0: module version: v1.0.9\r\nsunxi-rfkill soc@3000000:rfkill@0: get gpio chip_en failed\r\nsunxi-rfkill soc@3000000:rfkill@0: get gpio power_en failed\r\nsunxi-rfkill soc@3000000:rfkill@0: wlan_busnum (1)\r\nsunxi-rfkill soc@3000000:rfkill@0: Missing wlan_power.\r\nsunxi-rfkill soc@3000000:rfkill@0: wlan clock[0] (32k-fanout1)\r\nsunxi-rfkill soc@3000000:rfkill@0: wlan_regon gpio=204 assert=1\r\nsunxi-rfkill soc@3000000:rfkill@0: wlan_hostwake gpio=202 assert=1\r\nsunxi-rfkill soc@3000000:rfkill@0: wakeup source is enabled\r\nsunxi-rfkill soc@3000000:rfkill@0: Missing bt_power.\r\nsunxi-rfkill soc@3000000:rfkill@0: bt clock[0] (32k-fanout1)\r\nsunxi-rfkill soc@3000000:rfkill@0: bt_rst gpio=210 assert=0\r\n[ADDR_MGT] addr_mgt_probe: module version: v1.0.10\r\n[ADDR_MGT] addr_mgt_probe: success.\r\nsunxi-spinand: AW SPINand MTD Layer Version: 2.0 20201228\r\nsunxi-spinand-phy: AW SPINand Phy Layer Version: 1.10 20200306\r\nsunxi-spinand-phy: not detect any munufacture from id table\r\nsunxi-spinand-phy: get spi-nand Model from fdt fail\r\nsunxi-spinand-phy: get phy info from fdt fail\r\nsunxi-spinand-phy: not detect munufacture from fdt\r\nsunxi-spinand-phy: detect munufacture from id table: Winbond\r\nsunxi-spinand-phy: detect spinand id: ff21aaef ffffffff\r\nsunxi-spinand-phy: ========== arch info ==========\r\nsunxi-spinand-phy: Model:               W25N01GVZEIG\r\nsunxi-spinand-phy: Munufacture:         Winbond\r\nsunxi-spinand-phy: DieCntPerChip:       1\r\nsunxi-spinand-phy: BlkCntPerDie:        1024\r\nsunxi-spinand-phy: PageCntPerBlk:       64\r\nsunxi-spinand-phy: SectCntPerPage:      4\r\nsunxi-spinand-phy: OobSizePerPage:      64\r\nsunxi-spinand-phy: BadBlockFlag:        0x0\r\nsunxi-spinand-phy: OperationOpt:        0x7\r\nsunxi-spinand-phy: MaxEraseTimes:       65000\r\nsunxi-spinand-phy: EccFlag:             0x0\r\nsunxi-spinand-phy: EccType:             2\r\nsunxi-spinand-phy: EccProtectedType:    3\r\nsunxi-spinand-phy: ========================================\r\nsunxi-spinand-phy:\r\nsunxi-spinand-phy: ========== physical info ==========\r\nsunxi-spinand-phy: TotalSize:    128 M\r\nsunxi-spinand-phy: SectorSize:   512 B\r\nsunxi-spinand-phy: PageSize:     2 K\r\nsunxi-spinand-phy: BlockSize:    128 K\r\nsunxi-spinand-phy: OOBSize:      64 B\r\nsunxi-spinand-phy: ========================================\r\nsunxi-spinand-phy:\r\nsunxi-spinand-phy: ========== logical info ==========\r\nsunxi-spinand-phy: TotalSize:    128 M\r\nsunxi-spinand-phy: SectorSize:   512 B\r\nsunxi-spinand-phy: PageSize:     4 K\r\nsunxi-spinand-phy: BlockSize:    256 K\r\nsunxi-spinand-phy: OOBSize:      128 B\r\nsunxi-spinand-phy: ========================================\r\nsunxi-spinand-phy: W25N01GVZEIG reset rx bit width to 1\r\nsunxi-spinand-phy: W25N01GVZEIG reset tx bit width to 1\r\nsunxi-spinand-phy: block lock register: 0x00\r\nsunxi-spinand-phy: feature register: 0x19\r\nsunxi-spinand-phy: sunxi physic nand init end\r\nCreating 4 MTD partitions on \"sunxi_mtd_nand\":\r\n0x000000000000-0x000000100000 : \"boot0\"\r\n0x000000100000-0x000000500000 : \"uboot\"\r\nrandom: fast init done\r\n0x000000500000-0x000000600000 : \"secure_storage\"\r\n0x000000600000-0x000008000000 : \"sys\"\r\nehci_hcd: USB 2.0 'Enhanced' Host Controller (EHCI) Driver\r\nsunxi-ehci: EHCI SUNXI driver\r\nget ehci1-controller wakeup-source is fail.\r\nsunxi ehci1-controller don't init wakeup source\r\n[sunxi-ehci1]: probe, pdev->name: 4200000.ehci1-controller, sunxi_ehci: 0xffffffe000736920, 0x:ffffffd004072000, irq_no:31\r\nsunxi-ehci 4200000.ehci1-controller: 4200000.ehci1-controller supply drvvbus not found, using dummy regulator\r\nsunxi-ehci 4200000.ehci1-controller: 4200000.ehci1-controller supply hci not found, using dummy regulator\r\nsunxi-ehci 4200000.ehci1-controller: EHCI Host Controller\r\nsunxi-ehci 4200000.ehci1-controller: new USB bus registered, assigned bus number 1\r\nsunxi-ehci 4200000.ehci1-controller: irq 49, io mem 0x04200000\r\nsunxi-ehci 4200000.ehci1-controller: USB 2.0 started, EHCI 1.00\r\nsunxi-ehci 4200000.ehci1-controller: ehci_irq: highspeed device connect\r\nhub 1-0:1.0: USB hub found\r\nhub 1-0:1.0: 1 port detected\r\nohci_hcd: USB 1.1 'Open' Host Controller (OHCI) Driver\r\nsunxi-ohci: OHCI SUNXI driver\r\nget ohci1-controller wakeup-source is fail.\r\nsunxi ohci1-controller don't init wakeup source\r\n[sunxi-ohci1]: probe, pdev->name: 4200400.ohci1-controller, sunxi_ohci: 0xffffffe000736ce8\r\nsunxi-ohci 4200400.ohci1-controller: 4200400.ohci1-controller supply drvvbus not found, using dummy regulator\r\nsunxi-ohci 4200400.ohci1-controller: 4200400.ohci1-controller supply hci not found, using dummy regulator\r\nsunxi-ohci 4200400.ohci1-controller: OHCI Host Controller\r\nsunxi-ohci 4200400.ohci1-controller: new USB bus registered, assigned bus number 2\r\nsunxi-ohci 4200400.ohci1-controller: irq 50, io mem 0x04200400\r\nhub 2-0:1.0: USB hub found\r\nhub 2-0:1.0: 1 port detected\r\nsunxi-rtc 7090000.rtc: errata__fix_alarm_day_reg_default_value(): ALARM0_DAY_REG=0, set it to 1\r\nsunxi-rtc 7090000.rtc: registered as rtc0\r\nsunxi-rtc 7090000.rtc: setting system clock to 1970-01-01T00:00:11 UTC (11)\r\nsunxi-rtc 7090000.rtc: sunxi rtc probed\r\ni2c /dev entries driver\r\nIR NEC protocol handler initialized\r\n[VIN_WARN]sensor_helper_probe: cannot get sensor0_cameravdd supply, setting it to NULL!\r\n[VIN_WARN]sensor_helper_probe: cannot get sensor0_iovdd supply, setting it to NULL!\r\n[VIN_WARN]sensor_helper_probe: cannot get sensor0_avdd supply, setting it to NULL!\r\n[VIN_WARN]sensor_helper_probe: cannot get sensor0_dvdd supply, setting it to NULL!\r\n[VIN_WARN]sensor_helper_probe: cannot get sensor1_cameravdd supply, setting it to NULL!\r\n[VIN_WARN]sensor_helper_probe: cannot get sensor1_iovdd supply, setting it to NULL!\r\n[VIN_WARN]sensor_helper_probe: cannot get sensor1_avdd supply, setting it to NULL!\r\n[VIN_WARN]sensor_helper_probe: cannot get sensor1_dvdd supply, setting it to NULL!\r\n[tvd] __tvd_fetch_sysconfig:2703 of_find_compatible_node allwinner,sunxi-tvd1 fail\r\n[tvd] __jude_config:2740 __jude_config: fetch tvd_used 1 err!\r\n[tvd] __tvd_probe_init:3321 __tvd_probe_init:tvd1 is not used by sysconfig.\r\nuvcvideo: Unable to create debugfs directory\r\nusbcore: registered new interface driver uvcvideo\r\nUSB Video Class driver (1.1.1)\r\ngspca_main: v2.14.0 registered\r\nsunxi cedar version 1.1\r\nsunxi-cedar 1c0e000.ve: Adding to iommu group 0\r\nVE: install start!!!\r\n\r\nVE: cedar-ve the get irq is 6\r\n\r\nVE: install end!!!\r\n\r\nVE: sunxi_cedar_probe\r\nBluetooth: HCI UART driver ver 2.3\r\nBluetooth: HCI UART protocol H4 registered\r\nBluetooth: HCI UART protocol BCSP registered\r\nBluetooth: XRadio Bluetooth LPM Mode Driver Ver 1.0.10\r\nsunxi-mmc 4021000.sdmmc: SD/MMC/SDIO Host Controller Driver(v4.21 2021-11-18 10:02)\r\nsunxi-mmc 4021000.sdmmc: ***ctl-spec-caps*** 8\r\nsunxi-mmc 4021000.sdmmc: No vmmc regulator found\r\nsunxi-mmc 4021000.sdmmc: No vqmmc regulator found\r\nsunxi-mmc 4021000.sdmmc: No vdmmc regulator found\r\nsunxi-mmc 4021000.sdmmc: No vd33sw regulator found\r\nusb 1-1: new high-speed USB device number 2 using sunxi-ehci\r\nsunxi-mmc 4021000.sdmmc: No vd18sw regulator found\r\nsunxi-mmc 4021000.sdmmc: No vq33sw regulator found\r\nsunxi-mmc 4021000.sdmmc: No vq18sw regulator found\r\nsunxi-mmc 4021000.sdmmc: Cann't get pin bias hs pinstate,check if needed\r\nsunxi-mmc 4021000.sdmmc: sdc set ios:clk 0Hz bm PP pm UP vdd 21 width 1 timing LEGACY(SDR12) dt B\r\nsunxi-mmc 4021000.sdmmc: no vqmmc,Check if there is regulator\r\nsunxi-mmc 4021000.sdmmc: sdc set ios:clk 400000Hz bm PP pm ON vdd 21 width 1 timing LEGACY(SDR12) dt B\r\nsunxi-mmc 4021000.sdmmc: detmode:manually by software\r\nsunxi-mmc 4021000.sdmmc: smc 0 p1 err, cmd 52, RTO !!\r\nashmem: initialized\r\nsunxi-mmc 4021000.sdmmc: smc 0 p1 err, cmd 52, RTO !!\r\nsunxi-mmc 4021000.sdmmc: sdc set ios:clk 400000Hz bm PP pm ON vdd 21 width 1 timing LEGACY(SDR12) dt B\r\nexFAT: Version 1.3.0\r\nsunxi-mmc 4021000.sdmmc: sdc set ios:clk 400000Hz bm PP pm ON vdd 21 width 1 timing LEGACY(SDR12) dt B\r\n[AUDIOCODEC][sunxi_codec_parse_params][2412]:digital_vol:0, lineout_vol:26, mic1gain:31, mic2gain:31 pa_msleep:120, pa_level:1, pa_pwr_level:1\r\n\r\n[AUDIOCODEC][sunxi_codec_parse_params][2448]:adcdrc_cfg:0, adchpf_cfg:1, dacdrc_cfg:0, dachpf:0\r\n[AUDIOCODEC][sunxi_internal_codec_probe][2609]:codec probe finished\r\nsunxi-mmc 4021000.sdmmc: smc 0 p1 err, cmd 5, RTO !!\r\nsunxi-mmc 4021000.sdmmc: smc 0 p1 err, cmd 5, RTO !!\r\nsunxi-mmc 4021000.sdmmc: smc 0 p1 err, cmd 5, RTO !!\r\n[SNDCODEC][sunxi_card_init][583]:card init finished\r\nsunxi-mmc 4021000.sdmmc: smc 0 p1 err, cmd 5, RTO !!\r\nsunxi-mmc 4021000.sdmmc: sdc set ios:clk 0Hz bm PP pm OFF vdd 0 width 1 timing LEGACY(SDR12) dt B\r\nsunxi-codec-machine 2030340.sound: 2030000.codec <-> 203034c.dummy_cpudai mapping ok\r\nhub 1-1:1.0: USB hub found\r\nhub 1-1:1.0: 4 ports detected\r\ninput: audiocodec sunxi Audio Jack as /devices/platform/soc@3000000/2030340.sound/sound/card0/input0\r\n[SNDCODEC][sunxi_card_dev_probe][836]:register card finished\r\nNET: Registered protocol family 10\r\nSegment Routing with IPv6\r\n[SNDCODEC][sunxi_hs_init_work][259]:resume--\x3ereport switch\r\nNET: Registered protocol family 17\r\nBluetooth: RFCOMM TTY layer initialized\r\nBluetooth: RFCOMM socket layer initialized\r\nBluetooth: RFCOMM ver 1.11\r\nsun8iw20-pinctrl 2000000.pinctrl: 2000000.pinctrl supply vcc-pe not found, using dummy regulator\r\nsunxi-i2c sunxi-i2c2: sunxi-i2c2 supply twi not found, using dummy regulator\r\nsunxi-i2c sunxi-i2c2: probe success\r\nget ehci0-controller wakeup-source is fail.\r\nsunxi ehci0-controller don't init wakeup source\r\n[sunxi-ehci0]: probe, pdev->name: 4101000.ehci0-controller, sunxi_ehci: 0xffffffe000736190, 0x:ffffffd0040f4000, irq_no:2e\r\n[sunxi-ehci0]: Not init ehci0\r\nget ohci0-controller wakeup-source is fail.\r\nsunxi ohci0-controller don't init wakeup source\r\n[sunxi-ohci0]: probe, pdev->name: 4101400.ohci0-controller, sunxi_ohci: 0xffffffe000736558\r\n[sunxi-ohci0]: Not init ohci0\r\nubi0: attaching mtd3\r\nrandom: crng init done\r\nubi0: scanning is finished\r\nubi0: attached mtd3 (name \"sys\", size 122 MiB)\r\nubi0: PEB size: 262144 bytes (256 KiB), LEB size: 258048 bytes\r\nubi0: min./max. I/O unit sizes: 4096/4096, sub-page size 2048\r\nubi0: VID header offset: 2048 (aligned 2048), data offset: 4096\r\nubi0: good PEBs: 488, bad PEBs: 0, corrupted PEBs: 0\r\nubi0: user volume: 9, internal volumes: 1, max. volumes count: 128\r\nubi0: max/mean erase counter: 2/1, WL threshold: 4096, image sequence number: 0\r\nubi0: available PEBs: 6, total reserved PEBs: 482, PEBs reserved for bad PEB handling: 10\r\nubi0: background thread \"ubi_bgt0d\" started, PID 61\r\nblock ubiblock0_5: created from ubi0:5(rootfs)\r\nsun8iw20-pinctrl 2000000.pinctrl: pin PB6 already requested by 2500c00.uart; cannot claim for 2000000.pinctrl:38\r\nsun8iw20-pinctrl 2000000.pinctrl: pin-38 (2000000.pinctrl:38) status -22\r\nERR: id gpio_request failed\r\nvin_csi 5801000.csi: Adding to iommu group 0\r\nsunxi-vin-core 5809000.vinc: Adding to iommu group 0\r\nsunxi-vin-core 5809200.vinc: Adding to iommu group 0\r\nsun8iw20-pinctrl 2000000.pinctrl: pin PE8 already requested by 5801000.csi; cannot claim for 2000000.pinctrl:136\r\nsun8iw20-pinctrl 2000000.pinctrl: pin-136 (2000000.pinctrl:136) status -22\r\nsun8iw20-pinctrl 2000000.pinctrl: pin PE9 already requested by 5801000.csi; cannot claim for 2000000.pinctrl:137\r\nsun8iw20-pinctrl 2000000.pinctrl: pin-137 (2000000.pinctrl:137) status -22\r\nsun8iw20-pinctrl 2000000.pinctrl: pin PE6 already requested by 5801000.csi; cannot claim for 2000000.pinctrl:134\r\nsun8iw20-pinctrl 2000000.pinctrl: pin-134 (2000000.pinctrl:134) status -22\r\nsun8iw20-pinctrl 2000000.pinctrl: pin PE7 already requested by 5801000.csi; cannot claim for 2000000.pinctrl:135\r\nsun8iw20-pinctrl 2000000.pinctrl: pin-135 (2000000.pinctrl:135) status -22\r\n[VIN_WARN]get csi isp clk fail\r\n[VIN_WARN]get csi isp src clk fail\r\n[VIN_WARN]get csi mipi clk fail\r\n[VIN_WARN]get csi mipi src clk fail\r\n[VIN_WARN]get csi isp clk fail\r\n[VIN_WARN]Get isp reset control fail\r\n[VIN_ERR]registering ov5640, No such device!\r\n[VIN_ERR]ov5647 request i2c3 adapter failed!\r\nplatform regulatory.0: Direct firmware load for regulatory.db failed with error -2\r\ncfg80211: failed to load regulatory.db\r\nclk: Not disabling unused clocks\r\nALSA device list:\r\n  #0: audiocodec\r\nalloc_fd: slot 0 not NULL!\r\nVFS: Mounted root (squashfs filesystem) readonly on device 254:0.\r\ndevtmpfs: mounted\r\nFreeing unused kernel memory: 152K\r\nThis architecture does not have kernel memory protection.\r\nRun /pseudo_init as init process\r\nmount: mounting none on /dev failed: Device or resource busy\r\nUBIFS (ubi0:7): Mounting in unauthenticated mode\r\nUBIFS (ubi0:7): background thread \"ubifs_bgt0_7\" started, PID 89\r\nUBIFS (ubi0:7): recovery needed\r\nUBIFS (ubi0:7): recovery completed\r\nUBIFS (ubi0:7): UBIFS: mounted UBI device 0, volume 7, name \"rootfs_data\"\r\nUBIFS (ubi0:7): LEB size: 258048 bytes (252 KiB), min./max. I/O unit sizes: 4096 bytes/4096 bytes\r\nUBIFS (ubi0:7): FS size: 3096576 bytes (2 MiB, 12 LEBs), journal size 1806337 bytes (1 MiB, 5 LEBs)\r\nUBIFS (ubi0:7): reserved for root: 146258 bytes (142 KiB)\r\nUBIFS (ubi0:7): media format: w5/r0 (latest is w5/r0), UUID 8396C472-4F00-419F-BD30-C0D827FA5E8E, small LPT model\r\ncan't run '/etc/preinit': No such file or directory\r\nmount: mounting proc on /proc failed: Device or resource busy\r\nmount: mounting tmpfs on /run failed: No such file or directory\r\nhostname: can't open '/etc/hostname': No such file or directory\r\n------run rc.preboot file-----\r\nUBIFS (ubi0:8): Mounting in unauthenticated mode\r\nUBIFS (ubi0:8): background thread \"ubifs_bgt0_8\" started, PID 118\r\nUBIFS (ubi0:8): recovery needed\r\nUBIFS (ubi0:8): recovery completed\r\nUBIFS (ubi0:8): UBIFS: mounted UBI device 0, volume 8, name \"UDISK\"\r\nUBIFS (ubi0:8): LEB size: 258048 bytes (252 KiB), min./max. I/O unit sizes: 4096 bytes/4096 bytes\r\nUBIFS (ubi0:8): FS size: 47738880 bytes (45 MiB, 185 LEBs), journal size 2322432 bytes (2 MiB, 9 LEBs)\r\nUBIFS (ubi0:8): reserved for root: 2254825 bytes (2201 KiB)\r\nUBIFS (ubi0:8): media format: w5/r0 (latest is w5/r0), UUID 81787FC2-882A-4B1D-A13D-D2632571D5B3, small LPT model\r\n------run rc.modules file-----\r\nusbcore: registered new interface driver usb-storage\r\nsunxi_gpadc_init,2151, success\r\nsunxi_gpadc_setup: get channel scan data failed\r\ninput: sunxi-gpadc0 as /devices/virtual/input/input1\r\nget ctp_power is fail, -22\r\nget ctp_power_ldo_vol is fail, -22\r\nsunxi_ctp_startup: ctp_power_io is invalid.\r\nget ctp_gesture_wakeup fail, no gesture wakeup\r\ngt9xxnew_ts 2-0014: 2-0014 supply ctp not found, using dummy regulator\r\nsun8iw20-pinctrl 2000000.pinctrl: pin PE11 already requested by 5801000.csi; cannot claim for 2000000.pinctrl:139\r\nsun8iw20-pinctrl 2000000.pinctrl: pin-139 (2000000.pinctrl:139) status -22\r\nwakeup gpio_request is failed\r\nstartup:ctp_ops.input_sensor_init err.\r\ncan not startup device!\r\nregulator-dummy: Underflow of regulator enable count\r\nregulator-dummy: Underflow of regulator enable count\r\ngt9xxnew_ts: probe of 2-0014 failed with error -1\r\nError: Driver 'gt9xxnew_ts' is already registered, aborting...\r\ninsmod: can't insert '/lib/modules/5.4.61/gt9xxnew_ts.ko': Operation not permitted\r\ninsmod: can't insert '/lib/modules/5.4.61/xr819s.ko': No such file or directory\r\nSuccessfully initialized wpa_supplicant\r\nCould not read interface wlan0 flags: No such device\r\nnl80211: Driver does not support authentication/association or connect commands\r\nnl80211: deinit ifname=wlan0 disabled_11b_rates=0\r\nCould not read interface wlan0 flags: No such device\r\nwlan0: Failed to initialize driver interface\r\n------run rc.final file-----\r\nnumid=30,iface=MIXER,name='Headphone Switch'\r\n  ; type=BOOLEAN,access=rw------,values=1\r\n  : values=on\r\nfile system registered\r\nconfigfs-gadget 4100000.udc-controller: failed to start g1: -19\r\nsh: write error: No such device\r\nread descriptors\r\nread strings\r\n\r\ninsmod_host_driver\r\n\r\n[ehci0-controller]: sunxi_usb_enable_ehci\r\n[sunxi-ehci0]: probe, pdev->name: 4101000.ehci0-controller, sunxi_ehci: 0xffffffe000736190, 0x:ffffffd0040f4000, irq_no:2e\r\nsunxi-ehci 4101000.ehci0-controller: 4101000.ehci0-controller supply hci not found, using dummy regulator\r\nsunxi-ehci 4101000.ehci0-controller: EHCI Host Controller\r\nsunxi-ehci 4101000.ehci0-controller: new USB bus registered, assigned bus number 3\r\nsunxi-ehci 4101000.ehci0-controller: irq 46, io mem 0x04101000\r\nsunxi-ehci 4101000.ehci0-controller: USB 2.0 started, EHCI 1.00\r\nhub 3-0:1.0: USB hub found\r\nhub 3-0:1.0: 1 port detected\r\n[ohci0-controller]: sunxi_usb_enable_ohci\r\n[sunxi-ohci0]: probe, pdev->name: 4101400.ohci0-controller, sunxi_ohci: 0xffffffe000736558\r\nsunxi-ohci 4101400.ohci0-controller: 4101400.ohci0-controller supply hci not found, using dummy regulator\r\nsunxi-ohci 4101400.ohci0-controller: OHCI Host Controller\r\nsunxi-ohci 4101400.ohci0-controller: new USB bus registered, assigned bus number 4\r\nsunxi-ohci 4101400.ohci0-controller: irq 47, io mem 0x04101400\r\nhub 4-0:1.0: USB hub found\r\nhub 4-0:1.0: 1 port detected\r\nhost_chose finished!\r\n\r\n\r\nBusyBox v1.27.2 () built-in shell (ash)\r\n\r\n------run profile file-----\r\nnice: can't execute '/usr/bin/story_bin': No such file or directory\r\n _____  _              __     _\r\n|_   _||_| ___  _ _   |  |   |_| ___  _ _  _ _\r\n  | |   _ |   ||   |  |  |__ | ||   || | ||_'_|\r\n  | |  | || | || _ |  |_____||_||_|_||___||_,_|\r\n  |_|  |_||_|_||_|_|  Tina is Based on OpenWrt!\r\n ----------------------------------------------\r\n Tina Linux (Neptune, 61CC0487)\r\n ----------------------------------------------\r\nroot@TinaLinux:/#\r\n\n"})}),"\n",(0,i.jsxs)(r.p,{children:[(0,i.jsx)(r.strong,{children:"\u7cfb\u7edf\u9ed8\u8ba4\u4f1a\u81ea\u5df1\u767b\u5f55 \u6ca1\u6709\u7528\u6237\u540d \u6ca1\u6709\u5bc6\u7801\u3002"}),"\r\n",(0,i.jsx)(r.strong,{children:"\u7cfb\u7edf\u9ed8\u8ba4\u4f1a\u81ea\u5df1\u767b\u5f55 \u6ca1\u6709\u7528\u6237\u540d \u6ca1\u6709\u5bc6\u7801\u3002"}),"\r\n",(0,i.jsx)(r.strong,{children:"\u7cfb\u7edf\u9ed8\u8ba4\u4f1a\u81ea\u5df1\u767b\u5f55 \u6ca1\u6709\u7528\u6237\u540d \u6ca1\u6709\u5bc6\u7801\u3002"})]})]})}function u(n={}){const{wrapper:r}={...(0,s.a)(),...n.components};return r?(0,i.jsx)(r,{...n,children:(0,i.jsx)(l,{...n})}):l(n)}},29592:(n,r,e)=>{e.d(r,{Z:()=>i});const i=e.p+"assets/images/image-20240628155339481-0a087ac94c06b9922519e9479ba7f6d5.png"},11151:(n,r,e)=>{e.d(r,{Z:()=>c,a:()=>o});var i=e(67294);const s={},t=i.createContext(s);function o(n){const r=i.useContext(t);return i.useMemo((function(){return"function"==typeof n?n(r):{...r,...n}}),[r,n])}function c(n){let r;return r=n.disableParentContext?"function"==typeof n.components?n.components(s):n.components||s:o(n.components),i.createElement(t.Provider,{value:r},n.children)}}}]);